[     230ms] [LOG] TOC Config: {enable: true, depth: 2, useJapaneseBadge: false} @ http://localhost:3000/devices/:16155
[     467ms] [LOG] Pagefind is not available in development mode. Using mock data. @ http://localhost:3000/src/components/organisms/navigation/Search.svelte:195
[     467ms] [LOG] Pagefind status on init: false @ http://localhost:3000/src/components/organisms/navigation/Search.svelte:191
[     506ms] [LOG] PanelHandler: 初始化完成 @ http://localhost:3000/src/scripts/handlers/panel-handler.ts:35
[     506ms] [LOG] SwupManager: 初始化完成 @ http://localhost:3000/src/scripts/swup-manager.ts:51
[   26972ms] [LOG] [vite] server connection lost. Polling for restart... @ http://localhost:3000/@vite/client:1598
[   29618ms] [ERROR] Failed to load resource: net::ERR_CONNECTION_REFUSED @ http://localhost:3000/assets/desktop-banner/4.jpg:0
[   29870ms] [ERROR] Failed to load resource: net::ERR_CONNECTION_REFUSED @ http://localhost:3000/assets/desktop-banner/1.jpg:0
[   29870ms] [ERROR] %cAstro background: linear-gradient(66.77deg, #D83333 0%, #F041FF 100%); color: white; padding-inline: 4px; border-radius: 2px; font-family: monospace; Error while running audit's match function: TypeError: Failed to fetch @ http://localhost:3000/node_modules/.vite/deps/chunk-C36SEBYI.js?v=f6f9060c:22
[   31979ms] [ERROR] Failed to load resource: net::ERR_CONNECTION_REFUSED @ http://localhost:3000/assets/desktop-banner/2.jpg:0
[   31979ms] [ERROR] %cAstro background: linear-gradient(66.77deg, #D83333 0%, #F041FF 100%); color: white; padding-inline: 4px; border-radius: 2px; font-family: monospace; Error while running audit's match function: TypeError: Failed to fetch @ http://localhost:3000/node_modules/.vite/deps/chunk-C36SEBYI.js?v=f6f9060c:22
[   32228ms] [ERROR] Failed to load resource: net::ERR_CONNECTION_REFUSED @ http://localhost:3000/assets/desktop-banner/1.jpg:0
[   32617ms] [ERROR] Failed to load resource: net::ERR_CONNECTION_REFUSED @ http://localhost:3000/assets/desktop-banner/3.jpg:0
[   32617ms] [ERROR] %cAstro background: linear-gradient(66.77deg, #D83333 0%, #F041FF 100%); color: white; padding-inline: 4px; border-radius: 2px; font-family: monospace; Error while running audit's match function: TypeError: Failed to fetch @ http://localhost:3000/node_modules/.vite/deps/chunk-C36SEBYI.js?v=f6f9060c:22
[   34333ms] [ERROR] Failed to load resource: net::ERR_CONNECTION_REFUSED @ http://localhost:3000/assets/desktop-banner/1.jpg:0
[   34334ms] [ERROR] %cAstro background: linear-gradient(66.77deg, #D83333 0%, #F041FF 100%); color: white; padding-inline: 4px; border-radius: 2px; font-family: monospace; Error while running audit's match function: TypeError: Failed to fetch @ http://localhost:3000/node_modules/.vite/deps/chunk-C36SEBYI.js?v=f6f9060c:22
[   34614ms] [ERROR] Failed to load resource: net::ERR_CONNECTION_REFUSED @ http://localhost:3000/assets/desktop-banner/4.jpg:0
[   34614ms] [ERROR] %cAstro background: linear-gradient(66.77deg, #D83333 0%, #F041FF 100%); color: white; padding-inline: 4px; border-radius: 2px; font-family: monospace; Error while running audit's match function: TypeError: Failed to fetch @ http://localhost:3000/node_modules/.vite/deps/chunk-C36SEBYI.js?v=f6f9060c:22
[   34957ms] [ERROR] Failed to load resource: net::ERR_CONNECTION_REFUSED @ http://localhost:3000/assets/desktop-banner/2.jpg:0
[   35625ms] [ERROR] Failed to load resource: net::ERR_CONNECTION_REFUSED @ http://localhost:3000/assets/desktop-banner/1.jpg:0
[   35625ms] [ERROR] %cAstro background: linear-gradient(66.77deg, #D83333 0%, #F041FF 100%); color: white; padding-inline: 4px; border-radius: 2px; font-family: monospace; Error while running audit's match function: TypeError: Failed to fetch @ http://localhost:3000/node_modules/.vite/deps/chunk-C36SEBYI.js?v=f6f9060c:22
[   36700ms] [ERROR] Failed to load resource: net::ERR_CONNECTION_REFUSED @ http://localhost:3000/assets/mobile-banner/1.jpg:0
[   36700ms] [ERROR] %cAstro background: linear-gradient(66.77deg, #D83333 0%, #F041FF 100%); color: white; padding-inline: 4px; border-radius: 2px; font-family: monospace; Error while running audit's match function: TypeError: Failed to fetch @ http://localhost:3000/node_modules/.vite/deps/chunk-C36SEBYI.js?v=f6f9060c:22
[   36952ms] [ERROR] Failed to load resource: net::ERR_CONNECTION_REFUSED @ http://localhost:3000/assets/desktop-banner/2.jpg:0
[   36952ms] [ERROR] %cAstro background: linear-gradient(66.77deg, #D83333 0%, #F041FF 100%); color: white; padding-inline: 4px; border-radius: 2px; font-family: monospace; Error while running audit's match function: TypeError: Failed to fetch @ http://localhost:3000/node_modules/.vite/deps/chunk-C36SEBYI.js?v=f6f9060c:22
[   37324ms] [ERROR] Failed to load resource: net::ERR_CONNECTION_REFUSED @ http://localhost:3000/assets/desktop-banner/1.jpg:0
[   37324ms] [ERROR] %cAstro background: linear-gradient(66.77deg, #D83333 0%, #F041FF 100%); color: white; padding-inline: 4px; border-radius: 2px; font-family: monospace; Error while running audit's match function: TypeError: Failed to fetch @ http://localhost:3000/node_modules/.vite/deps/chunk-C36SEBYI.js?v=f6f9060c:22
[   37978ms] [ERROR] Failed to load resource: net::ERR_CONNECTION_REFUSED @ http://localhost:3000/assets/desktop-banner/3.jpg:0
[   38629ms] [ERROR] Failed to load resource: net::ERR_CONNECTION_REFUSED @ http://localhost:3000/assets/mobile-banner/2.jpg:0
[   38629ms] [ERROR] %cAstro background: linear-gradient(66.77deg, #D83333 0%, #F041FF 100%); color: white; padding-inline: 4px; border-radius: 2px; font-family: monospace; Error while running audit's match function: TypeError: Failed to fetch @ http://localhost:3000/node_modules/.vite/deps/chunk-C36SEBYI.js?v=f6f9060c:22
[   39061ms] [ERROR] Failed to load resource: net::ERR_CONNECTION_REFUSED @ http://localhost:3000/assets/desktop-banner/2.jpg:0
[   39061ms] [ERROR] %cAstro background: linear-gradient(66.77deg, #D83333 0%, #F041FF 100%); color: white; padding-inline: 4px; border-radius: 2px; font-family: monospace; Error while running audit's match function: TypeError: Failed to fetch @ http://localhost:3000/node_modules/.vite/deps/chunk-C36SEBYI.js?v=f6f9060c:22
[   39306ms] [ERROR] Failed to load resource: net::ERR_CONNECTION_REFUSED @ http://localhost:3000/assets/desktop-banner/1.jpg:0
[   39307ms] [ERROR] %cAstro background: linear-gradient(66.77deg, #D83333 0%, #F041FF 100%); color: white; padding-inline: 4px; border-radius: 2px; font-family: monospace; Error while running audit's match function: TypeError: Failed to fetch @ http://localhost:3000/node_modules/.vite/deps/chunk-C36SEBYI.js?v=f6f9060c:22
[   39678ms] [ERROR] Failed to load resource: net::ERR_CONNECTION_REFUSED @ http://localhost:3000/assets/desktop-banner/3.jpg:0
[   39678ms] [ERROR] %cAstro background: linear-gradient(66.77deg, #D83333 0%, #F041FF 100%); color: white; padding-inline: 4px; border-radius: 2px; font-family: monospace; Error while running audit's match function: TypeError: Failed to fetch @ http://localhost:3000/node_modules/.vite/deps/chunk-C36SEBYI.js?v=f6f9060c:22
[   40334ms] [ERROR] Failed to load resource: net::ERR_CONNECTION_REFUSED @ http://localhost:3000/assets/mobile-banner/3.jpg:0
[   40334ms] [ERROR] %cAstro background: linear-gradient(66.77deg, #D83333 0%, #F041FF 100%); color: white; padding-inline: 4px; border-radius: 2px; font-family: monospace; Error while running audit's match function: TypeError: Failed to fetch @ http://localhost:3000/node_modules/.vite/deps/chunk-C36SEBYI.js?v=f6f9060c:22
[   40974ms] [ERROR] Failed to load resource: net::ERR_CONNECTION_REFUSED @ http://localhost:3000/assets/desktop-banner/2.jpg:0
[   40975ms] [ERROR] %cAstro background: linear-gradient(66.77deg, #D83333 0%, #F041FF 100%); color: white; padding-inline: 4px; border-radius: 2px; font-family: monospace; Error while running audit's match function: TypeError: Failed to fetch @ http://localhost:3000/node_modules/.vite/deps/chunk-C36SEBYI.js?v=f6f9060c:22
[   41394ms] [ERROR] Failed to load resource: net::ERR_CONNECTION_REFUSED @ http://localhost:3000/assets/desktop-banner/4.jpg:0
[   41599ms] [ERROR] Failed to load resource: net::ERR_CONNECTION_REFUSED @ http://localhost:3000/assets/desktop-banner/1.jpg:0
[   41600ms] [ERROR] %cAstro background: linear-gradient(66.77deg, #D83333 0%, #F041FF 100%); color: white; padding-inline: 4px; border-radius: 2px; font-family: monospace; Error while running audit's match function: TypeError: Failed to fetch @ http://localhost:3000/node_modules/.vite/deps/chunk-C36SEBYI.js?v=f6f9060c:22
[   41646ms] [ERROR] Failed to load resource: net::ERR_CONNECTION_REFUSED @ http://localhost:3000/assets/desktop-banner/3.jpg:0
[   41646ms] [ERROR] %cAstro background: linear-gradient(66.77deg, #D83333 0%, #F041FF 100%); color: white; padding-inline: 4px; border-radius: 2px; font-family: monospace; Error while running audit's match function: TypeError: Failed to fetch @ http://localhost:3000/node_modules/.vite/deps/chunk-C36SEBYI.js?v=f6f9060c:22
[   42036ms] [ERROR] Failed to load resource: net::ERR_CONNECTION_REFUSED @ http://localhost:3000/assets/mobile-banner/4.jpg:0
[   42036ms] [ERROR] %cAstro background: linear-gradient(66.77deg, #D83333 0%, #F041FF 100%); color: white; padding-inline: 4px; border-radius: 2px; font-family: monospace; Error while running audit's match function: TypeError: Failed to fetch @ http://localhost:3000/node_modules/.vite/deps/chunk-C36SEBYI.js?v=f6f9060c:22
[   42676ms] [ERROR] Failed to load resource: net::ERR_CONNECTION_REFUSED @ http://localhost:3000/assets/desktop-banner/2.jpg:0
[   42676ms] [ERROR] %cAstro background: linear-gradient(66.77deg, #D83333 0%, #F041FF 100%); color: white; padding-inline: 4px; border-radius: 2px; font-family: monospace; Error while running audit's match function: TypeError: Failed to fetch @ http://localhost:3000/node_modules/.vite/deps/chunk-C36SEBYI.js?v=f6f9060c:22
[   43302ms] [ERROR] Failed to load resource: net::ERR_CONNECTION_REFUSED @ http://localhost:3000/assets/desktop-banner/4.jpg:0
[   43302ms] [ERROR] %cAstro background: linear-gradient(66.77deg, #D83333 0%, #F041FF 100%); color: white; padding-inline: 4px; border-radius: 2px; font-family: monospace; Error while running audit's match function: TypeError: Failed to fetch @ http://localhost:3000/node_modules/.vite/deps/chunk-C36SEBYI.js?v=f6f9060c:22
[   43755ms] [ERROR] Failed to load resource: net::ERR_CONNECTION_REFUSED @ http://localhost:3000/assets/desktop-banner/1.jpg:0
[   43755ms] [ERROR] %cAstro background: linear-gradient(66.77deg, #D83333 0%, #F041FF 100%); color: white; padding-inline: 4px; border-radius: 2px; font-family: monospace; Error while running audit's match function: TypeError: Failed to fetch @ http://localhost:3000/node_modules/.vite/deps/chunk-C36SEBYI.js?v=f6f9060c:22
[   43956ms] [ERROR] Failed to load resource: net::ERR_CONNECTION_REFUSED @ http://localhost:3000/assets/desktop-banner/3.jpg:0
[   43957ms] [ERROR] %cAstro background: linear-gradient(66.77deg, #D83333 0%, #F041FF 100%); color: white; padding-inline: 4px; border-radius: 2px; font-family: monospace; Error while running audit's match function: TypeError: Failed to fetch @ http://localhost:3000/node_modules/.vite/deps/chunk-C36SEBYI.js?v=f6f9060c:22
[   44004ms] [ERROR] Failed to load resource: net::ERR_CONNECTION_REFUSED @ http://localhost:3000/assets/home/home.jpg:0
[   44004ms] [ERROR] %cAstro background: linear-gradient(66.77deg, #D83333 0%, #F041FF 100%); color: white; padding-inline: 4px; border-radius: 2px; font-family: monospace; Error while running audit's match function: TypeError: Failed to fetch @ http://localhost:3000/node_modules/.vite/deps/chunk-C36SEBYI.js?v=f6f9060c:22
[   44394ms] [ERROR] Failed to load resource: net::ERR_CONNECTION_REFUSED @ http://localhost:3000/assets/desktop-banner/2.jpg:0
[   44394ms] [ERROR] %cAstro background: linear-gradient(66.77deg, #D83333 0%, #F041FF 100%); color: white; padding-inline: 4px; border-radius: 2px; font-family: monospace; Error while running audit's match function: TypeError: Failed to fetch @ http://localhost:3000/node_modules/.vite/deps/chunk-C36SEBYI.js?v=f6f9060c:22
[   45018ms] [ERROR] Failed to load resource: net::ERR_CONNECTION_REFUSED @ http://localhost:3000/assets/desktop-banner/4.jpg:0
[   45019ms] [ERROR] %cAstro background: linear-gradient(66.77deg, #D83333 0%, #F041FF 100%); color: white; padding-inline: 4px; border-radius: 2px; font-family: monospace; Error while running audit's match function: TypeError: Failed to fetch @ http://localhost:3000/node_modules/.vite/deps/chunk-C36SEBYI.js?v=f6f9060c:22
[   45672ms] [ERROR] Failed to load resource: net::ERR_CONNECTION_REFUSED @ http://localhost:3000/assets/mobile-banner/1.jpg:0
[   45672ms] [ERROR] %cAstro background: linear-gradient(66.77deg, #D83333 0%, #F041FF 100%); color: white; padding-inline: 4px; border-radius: 2px; font-family: monospace; Error while running audit's match function: TypeError: Failed to fetch @ http://localhost:3000/node_modules/.vite/deps/chunk-C36SEBYI.js?v=f6f9060c:22
[   46114ms] [ERROR] Failed to load resource: net::ERR_CONNECTION_REFUSED @ http://localhost:3000/assets/desktop-banner/1.jpg:0
[   46114ms] [ERROR] %cAstro background: linear-gradient(66.77deg, #D83333 0%, #F041FF 100%); color: white; padding-inline: 4px; border-radius: 2px; font-family: monospace; Error while running audit's match function: TypeError: Failed to fetch @ http://localhost:3000/node_modules/.vite/deps/chunk-C36SEBYI.js?v=f6f9060c:22
[   46318ms] [ERROR] Failed to load resource: net::ERR_CONNECTION_REFUSED @ http://localhost:3000/assets/desktop-banner/3.jpg:0
[   46318ms] [ERROR] %cAstro background: linear-gradient(66.77deg, #D83333 0%, #F041FF 100%); color: white; padding-inline: 4px; border-radius: 2px; font-family: monospace; Error while running audit's match function: TypeError: Failed to fetch @ http://localhost:3000/node_modules/.vite/deps/chunk-C36SEBYI.js?v=f6f9060c:22
[   46365ms] [ERROR] Failed to load resource: net::ERR_CONNECTION_REFUSED @ http://localhost:3000/assets/mobile-banner/4.jpg:0
[   46366ms] [ERROR] %cAstro background: linear-gradient(66.77deg, #D83333 0%, #F041FF 100%); color: white; padding-inline: 4px; border-radius: 2px; font-family: monospace; Error while running audit's match function: TypeError: Failed to fetch @ http://localhost:3000/node_modules/.vite/deps/chunk-C36SEBYI.js?v=f6f9060c:22
[   46754ms] [ERROR] Failed to load resource: net::ERR_CONNECTION_REFUSED @ http://localhost:3000/assets/desktop-banner/2.jpg:0
[   46754ms] [ERROR] %cAstro background: linear-gradient(66.77deg, #D83333 0%, #F041FF 100%); color: white; padding-inline: 4px; border-radius: 2px; font-family: monospace; Error while running audit's match function: TypeError: Failed to fetch @ http://localhost:3000/node_modules/.vite/deps/chunk-C36SEBYI.js?v=f6f9060c:22
[   47374ms] [ERROR] Failed to load resource: net::ERR_CONNECTION_REFUSED @ http://localhost:3000/assets/desktop-banner/4.jpg:0
[   47375ms] [ERROR] %cAstro background: linear-gradient(66.77deg, #D83333 0%, #F041FF 100%); color: white; padding-inline: 4px; border-radius: 2px; font-family: monospace; Error while running audit's match function: TypeError: Failed to fetch @ http://localhost:3000/node_modules/.vite/deps/chunk-C36SEBYI.js?v=f6f9060c:22
[   48028ms] [ERROR] Failed to load resource: net::ERR_CONNECTION_REFUSED @ http://localhost:3000/assets/mobile-banner/1.jpg:0
[   48029ms] [ERROR] %cAstro background: linear-gradient(66.77deg, #D83333 0%, #F041FF 100%); color: white; padding-inline: 4px; border-radius: 2px; font-family: monospace; Error while running audit's match function: TypeError: Failed to fetch @ http://localhost:3000/node_modules/.vite/deps/chunk-C36SEBYI.js?v=f6f9060c:22
[   48466ms] [ERROR] Failed to load resource: net::ERR_CONNECTION_REFUSED @ http://localhost:3000/assets/mobile-banner/2.jpg:0
[   48467ms] [ERROR] %cAstro background: linear-gradient(66.77deg, #D83333 0%, #F041FF 100%); color: white; padding-inline: 4px; border-radius: 2px; font-family: monospace; Error while running audit's match function: TypeError: Failed to fetch @ http://localhost:3000/node_modules/.vite/deps/chunk-C36SEBYI.js?v=f6f9060c:22
[   48669ms] [ERROR] Failed to load resource: net::ERR_CONNECTION_REFUSED @ http://localhost:3000/assets/desktop-banner/1.jpg:0
[   48715ms] [ERROR] Failed to load resource: net::ERR_CONNECTION_REFUSED @ http://localhost:3000/assets/desktop-banner/3.jpg:0
[   48715ms] [ERROR] %cAstro background: linear-gradient(66.77deg, #D83333 0%, #F041FF 100%); color: white; padding-inline: 4px; border-radius: 2px; font-family: monospace; Error while running audit's match function: TypeError: Failed to fetch @ http://localhost:3000/node_modules/.vite/deps/chunk-C36SEBYI.js?v=f6f9060c:22
[   49103ms] [ERROR] Failed to load resource: net::ERR_CONNECTION_REFUSED @ http://localhost:3000/assets/desktop-banner/2.jpg:0
[   49741ms] [ERROR] Failed to load resource: net::ERR_CONNECTION_REFUSED @ http://localhost:3000/assets/desktop-banner/4.jpg:0
[   49742ms] [ERROR] %cAstro background: linear-gradient(66.77deg, #D83333 0%, #F041FF 100%); color: white; padding-inline: 4px; border-radius: 2px; font-family: monospace; Error while running audit's match function: TypeError: Failed to fetch @ http://localhost:3000/node_modules/.vite/deps/chunk-C36SEBYI.js?v=f6f9060c:22
[   50394ms] [ERROR] Failed to load resource: net::ERR_CONNECTION_REFUSED @ http://localhost:3000/assets/mobile-banner/1.jpg:0
[   50394ms] [ERROR] %cAstro background: linear-gradient(66.77deg, #D83333 0%, #F041FF 100%); color: white; padding-inline: 4px; border-radius: 2px; font-family: monospace; Error while running audit's match function: TypeError: Failed to fetch @ http://localhost:3000/node_modules/.vite/deps/chunk-C36SEBYI.js?v=f6f9060c:22
[   50819ms] [ERROR] Failed to load resource: net::ERR_CONNECTION_REFUSED @ http://localhost:3000/assets/mobile-banner/2.jpg:0
[   50819ms] [ERROR] %cAstro background: linear-gradient(66.77deg, #D83333 0%, #F041FF 100%); color: white; padding-inline: 4px; border-radius: 2px; font-family: monospace; Error while running audit's match function: TypeError: Failed to fetch @ http://localhost:3000/node_modules/.vite/deps/chunk-C36SEBYI.js?v=f6f9060c:22
[   51021ms] [ERROR] Failed to load resource: net::ERR_CONNECTION_REFUSED @ http://localhost:3000/assets/mobile-banner/3.jpg:0
[   51021ms] [ERROR] %cAstro background: linear-gradient(66.77deg, #D83333 0%, #F041FF 100%); color: white; padding-inline: 4px; border-radius: 2px; font-family: monospace; Error while running audit's match function: TypeError: Failed to fetch @ http://localhost:3000/node_modules/.vite/deps/chunk-C36SEBYI.js?v=f6f9060c:22
[   51083ms] [ERROR] Failed to load resource: net::ERR_CONNECTION_REFUSED @ http://localhost:3000/assets/desktop-banner/3.jpg:0
[   51083ms] [ERROR] %cAstro background: linear-gradient(66.77deg, #D83333 0%, #F041FF 100%); color: white; padding-inline: 4px; border-radius: 2px; font-family: monospace; Error while running audit's match function: TypeError: Failed to fetch @ http://localhost:3000/node_modules/.vite/deps/chunk-C36SEBYI.js?v=f6f9060c:22
[   51459ms] [ERROR] Failed to load resource: net::ERR_CONNECTION_REFUSED @ http://localhost:3000/assets/desktop-banner/2.jpg:0
[   51460ms] [ERROR] %cAstro background: linear-gradient(66.77deg, #D83333 0%, #F041FF 100%); color: white; padding-inline: 4px; border-radius: 2px; font-family: monospace; Error while running audit's match function: TypeError: Failed to fetch @ http://localhost:3000/node_modules/.vite/deps/chunk-C36SEBYI.js?v=f6f9060c:22
[   52102ms] [ERROR] Failed to load resource: net::ERR_CONNECTION_REFUSED @ http://localhost:3000/assets/desktop-banner/1.jpg:0
[   52102ms] [ERROR] %cAstro background: linear-gradient(66.77deg, #D83333 0%, #F041FF 100%); color: white; padding-inline: 4px; border-radius: 2px; font-family: monospace; Error while running audit's match function: TypeError: Failed to fetch @ http://localhost:3000/node_modules/.vite/deps/chunk-C36SEBYI.js?v=f6f9060c:22
[   52751ms] [ERROR] Failed to load resource: net::ERR_CONNECTION_REFUSED @ http://localhost:3000/assets/desktop-banner/4.jpg:0
[   52751ms] [ERROR] %cAstro background: linear-gradient(66.77deg, #D83333 0%, #F041FF 100%); color: white; padding-inline: 4px; border-radius: 2px; font-family: monospace; Error while running audit's match function: TypeError: Failed to fetch @ http://localhost:3000/node_modules/.vite/deps/chunk-C36SEBYI.js?v=f6f9060c:22
[   53174ms] [ERROR] Failed to load resource: net::ERR_CONNECTION_REFUSED @ http://localhost:3000/assets/mobile-banner/1.jpg:0
[   53175ms] [ERROR] %cAstro background: linear-gradient(66.77deg, #D83333 0%, #F041FF 100%); color: white; padding-inline: 4px; border-radius: 2px; font-family: monospace; Error while running audit's match function: TypeError: Failed to fetch @ http://localhost:3000/node_modules/.vite/deps/chunk-C36SEBYI.js?v=f6f9060c:22
[   53362ms] [ERROR] Failed to load resource: net::ERR_CONNECTION_REFUSED @ http://localhost:3000/assets/mobile-banner/2.jpg:0
[   53363ms] [ERROR] %cAstro background: linear-gradient(66.77deg, #D83333 0%, #F041FF 100%); color: white; padding-inline: 4px; border-radius: 2px; font-family: monospace; Error while running audit's match function: TypeError: Failed to fetch @ http://localhost:3000/node_modules/.vite/deps/chunk-C36SEBYI.js?v=f6f9060c:22
[   53425ms] [ERROR] Failed to load resource: net::ERR_CONNECTION_REFUSED @ http://localhost:3000/assets/mobile-banner/3.jpg:0
[   53425ms] [ERROR] %cAstro background: linear-gradient(66.77deg, #D83333 0%, #F041FF 100%); color: white; padding-inline: 4px; border-radius: 2px; font-family: monospace; Error while running audit's match function: TypeError: Failed to fetch @ http://localhost:3000/node_modules/.vite/deps/chunk-C36SEBYI.js?v=f6f9060c:22
[   53787ms] [ERROR] Failed to load resource: net::ERR_CONNECTION_REFUSED @ http://localhost:3000/assets/mobile-banner/4.jpg:0
[   53787ms] [ERROR] %cAstro background: linear-gradient(66.77deg, #D83333 0%, #F041FF 100%); color: white; padding-inline: 4px; border-radius: 2px; font-family: monospace; Error while running audit's match function: TypeError: Failed to fetch @ http://localhost:3000/node_modules/.vite/deps/chunk-C36SEBYI.js?v=f6f9060c:22
[   54449ms] [ERROR] Failed to load resource: net::ERR_CONNECTION_REFUSED @ http://localhost:3000/assets/desktop-banner/3.jpg:0
[   55078ms] [ERROR] Failed to load resource: net::ERR_CONNECTION_REFUSED @ http://localhost:3000/assets/desktop-banner/1.jpg:0
[   55078ms] [ERROR] %cAstro background: linear-gradient(66.77deg, #D83333 0%, #F041FF 100%); color: white; padding-inline: 4px; border-radius: 2px; font-family: monospace; Error while running audit's match function: TypeError: Failed to fetch @ http://localhost:3000/node_modules/.vite/deps/chunk-C36SEBYI.js?v=f6f9060c:22
[   55499ms] [ERROR] Failed to load resource: net::ERR_CONNECTION_REFUSED @ http://localhost:3000/assets/desktop-banner/2.jpg:0
[   55500ms] [ERROR] %cAstro background: linear-gradient(66.77deg, #D83333 0%, #F041FF 100%); color: white; padding-inline: 4px; border-radius: 2px; font-family: monospace; Error while running audit's match function: TypeError: Failed to fetch @ http://localhost:3000/node_modules/.vite/deps/chunk-C36SEBYI.js?v=f6f9060c:22
[   55694ms] [ERROR] Failed to load resource: net::ERR_CONNECTION_REFUSED @ http://localhost:3000/assets/desktop-banner/4.jpg:0
[   55695ms] [ERROR] %cAstro background: linear-gradient(66.77deg, #D83333 0%, #F041FF 100%); color: white; padding-inline: 4px; border-radius: 2px; font-family: monospace; Error while running audit's match function: TypeError: Failed to fetch @ http://localhost:3000/node_modules/.vite/deps/chunk-C36SEBYI.js?v=f6f9060c:22
[   55754ms] [ERROR] Failed to load resource: net::ERR_CONNECTION_REFUSED @ http://localhost:3000/images/device/oneplus13t.webp:0
[   55755ms] [ERROR] %cAstro background: linear-gradient(66.77deg, #D83333 0%, #F041FF 100%); color: white; padding-inline: 4px; border-radius: 2px; font-family: monospace; Error while running audit's match function: TypeError: Failed to fetch @ http://localhost:3000/node_modules/.vite/deps/chunk-C36SEBYI.js?v=f6f9060c:22
[   56123ms] [ERROR] Failed to load resource: net::ERR_CONNECTION_REFUSED @ http://localhost:3000/assets/mobile-banner/2.jpg:0
[   56123ms] [ERROR] %cAstro background: linear-gradient(66.77deg, #D83333 0%, #F041FF 100%); color: white; padding-inline: 4px; border-radius: 2px; font-family: monospace; Error while running audit's match function: TypeError: Failed to fetch @ http://localhost:3000/node_modules/.vite/deps/chunk-C36SEBYI.js?v=f6f9060c:22
[   56785ms] [ERROR] Failed to load resource: net::ERR_CONNECTION_REFUSED @ http://localhost:3000/assets/mobile-banner/3.jpg:0
[   56785ms] [ERROR] %cAstro background: linear-gradient(66.77deg, #D83333 0%, #F041FF 100%); color: white; padding-inline: 4px; border-radius: 2px; font-family: monospace; Error while running audit's match function: TypeError: Failed to fetch @ http://localhost:3000/node_modules/.vite/deps/chunk-C36SEBYI.js?v=f6f9060c:22
[   57414ms] [ERROR] Failed to load resource: net::ERR_CONNECTION_REFUSED @ http://localhost:3000/assets/mobile-banner/4.jpg:0
[   57414ms] [ERROR] %cAstro background: linear-gradient(66.77deg, #D83333 0%, #F041FF 100%); color: white; padding-inline: 4px; border-radius: 2px; font-family: monospace; Error while running audit's match function: TypeError: Failed to fetch @ http://localhost:3000/node_modules/.vite/deps/chunk-C36SEBYI.js?v=f6f9060c:22
[   57836ms] [ERROR] Failed to load resource: net::ERR_CONNECTION_REFUSED @ http://localhost:3000/assets/home/home.jpg:0
[   57836ms] [ERROR] %cAstro background: linear-gradient(66.77deg, #D83333 0%, #F041FF 100%); color: white; padding-inline: 4px; border-radius: 2px; font-family: monospace; Error while running audit's match function: TypeError: Failed to fetch @ http://localhost:3000/node_modules/.vite/deps/chunk-C36SEBYI.js?v=f6f9060c:22
[   58010ms] [ERROR] Failed to load resource: net::ERR_CONNECTION_REFUSED @ http://localhost:3000/assets/desktop-banner/3.jpg:0
[   58010ms] [ERROR] %cAstro background: linear-gradient(66.77deg, #D83333 0%, #F041FF 100%); color: white; padding-inline: 4px; border-radius: 2px; font-family: monospace; Error while running audit's match function: TypeError: Failed to fetch @ http://localhost:3000/node_modules/.vite/deps/chunk-C36SEBYI.js?v=f6f9060c:22
[   58079ms] [ERROR] Failed to load resource: net::ERR_CONNECTION_REFUSED @ http://localhost:3000/assets/desktop-banner/1.jpg:0
[   58081ms] [ERROR] %cAstro background: linear-gradient(66.77deg, #D83333 0%, #F041FF 100%); color: white; padding-inline: 4px; border-radius: 2px; font-family: monospace; Error while running audit's match function: TypeError: Failed to fetch @ http://localhost:3000/node_modules/.vite/deps/chunk-C36SEBYI.js?v=f6f9060c:22
[   58448ms] [ERROR] Failed to load resource: net::ERR_CONNECTION_REFUSED @ http://localhost:3000/assets/desktop-banner/2.jpg:0
[   58448ms] [ERROR] %cAstro background: linear-gradient(66.77deg, #D83333 0%, #F041FF 100%); color: white; padding-inline: 4px; border-radius: 2px; font-family: monospace; Error while running audit's match function: TypeError: Failed to fetch @ http://localhost:3000/node_modules/.vite/deps/chunk-C36SEBYI.js?v=f6f9060c:22
[   59108ms] [ERROR] Failed to load resource: net::ERR_CONNECTION_REFUSED @ http://localhost:3000/assets/desktop-banner/4.jpg:0
[   59108ms] [ERROR] %cAstro background: linear-gradient(66.77deg, #D83333 0%, #F041FF 100%); color: white; padding-inline: 4px; border-radius: 2px; font-family: monospace; Error while running audit's match function: TypeError: Failed to fetch @ http://localhost:3000/node_modules/.vite/deps/chunk-C36SEBYI.js?v=f6f9060c:22
[   77255ms] [LOG] TOC Config: {enable: true, depth: 2, useJapaneseBadge: false} @ http://localhost:3000/devices/:16155
[   78982ms] [LOG] Pagefind is not available in development mode. Using mock data. @ http://localhost:3000/src/components/organisms/navigation/Search.svelte:195
[   78983ms] [LOG] Pagefind status on init: false @ http://localhost:3000/src/components/organisms/navigation/Search.svelte:191
[   79035ms] [LOG] PanelHandler: 初始化完成 @ http://localhost:3000/src/scripts/handlers/panel-handler.ts:35
[   79036ms] [LOG] SwupManager: 初始化完成 @ http://localhost:3000/src/scripts/swup-manager.ts:51
