[     194ms] [ERROR] %cAstro background: linear-gradient(66.77deg, #D83333 0%, #F041FF 100%); color: white; padding-inline: 4px; border-radius: 2px; font-family: monospace; Error while running audit's match function: TypeError: Failed to fetch @ http://localhost:3000/node_modules/.vite/deps/chunk-C36SEBYI.js?v=f6f9060c:22
[     289ms] [LOG] TOC Config: {enable: true, depth: 2, useJapaneseBadge: false} @ http://localhost:3000/timeline/:16155
[     545ms] [LOG] Pagefind is not available in development mode. Using mock data. @ http://localhost:3000/src/components/organisms/navigation/Search.svelte:195
[     545ms] [LOG] Pagefind status on init: false @ http://localhost:3000/src/components/organisms/navigation/Search.svelte:191
[     586ms] [LOG] PanelHandler: 初始化完成 @ http://localhost:3000/src/scripts/handlers/panel-handler.ts:35
[     588ms] [LOG] SwupManager: 初始化完成 @ http://localhost:3000/src/scripts/swup-manager.ts?t=1779694078298:51
[ 1149775ms] [ERROR] %cAstro background: linear-gradient(66.77deg, #D83333 0%, #F041FF 100%); color: white; padding-inline: 4px; border-radius: 2px; font-family: monospace; Error while running audit's match function: TypeError: Failed to fetch @ http://localhost:3000/node_modules/.vite/deps/chunk-C36SEBYI.js?v=f6f9060c:22
[ 1150033ms] [LOG] TOC Config: {enable: true, depth: 2, useJapaneseBadge: false} @ http://localhost:3000/timeline/:16155
[ 1151138ms] [LOG] Pagefind is not available in development mode. Using mock data. @ http://localhost:3000/src/components/organisms/navigation/Search.svelte:195
[ 1151139ms] [LOG] Pagefind status on init: false @ http://localhost:3000/src/components/organisms/navigation/Search.svelte:191
[ 1151153ms] [LOG] PanelHandler: 初始化完成 @ http://localhost:3000/src/scripts/handlers/panel-handler.ts:35
[ 1151154ms] [LOG] SwupManager: 初始化完成 @ http://localhost:3000/src/scripts/swup-manager.ts?t=1779694078298:51
[ 1152477ms] [ERROR] %cAstro background: linear-gradient(66.77deg, #D83333 0%, #F041FF 100%); color: white; padding-inline: 4px; border-radius: 2px; font-family: monospace; Error while running audit's match function: TypeError: Failed to fetch @ http://localhost:3000/node_modules/.vite/deps/chunk-C36SEBYI.js?v=f6f9060c:22
[ 1152653ms] [LOG] TOC Config: {enable: true, depth: 2, useJapaneseBadge: false} @ http://localhost:3000/timeline/:16155
[ 1153646ms] [LOG] Pagefind is not available in development mode. Using mock data. @ http://localhost:3000/src/components/organisms/navigation/Search.svelte:195
[ 1153646ms] [LOG] Pagefind status on init: false @ http://localhost:3000/src/components/organisms/navigation/Search.svelte:191
[ 1153777ms] [LOG] PanelHandler: 初始化完成 @ http://localhost:3000/src/scripts/handlers/panel-handler.ts:35
[ 1153777ms] [LOG] SwupManager: 初始化完成 @ http://localhost:3000/src/scripts/swup-manager.ts?t=1779694078298:51
[ 1186479ms] [LOG] TOC Config: {enable: true, depth: 2, useJapaneseBadge: false} @ http://localhost:3000/timeline/:16155
[ 1188720ms] [LOG] Pagefind is not available in development mode. Using mock data. @ http://localhost:3000/src/components/organisms/navigation/Search.svelte:195
[ 1188720ms] [LOG] Pagefind status on init: false @ http://localhost:3000/src/components/organisms/navigation/Search.svelte:191
[ 1188726ms] [LOG] PanelHandler: 初始化完成 @ http://localhost:3000/src/scripts/handlers/panel-handler.ts:35
[ 1188727ms] [LOG] SwupManager: 初始化完成 @ http://localhost:3000/src/scripts/swup-manager.ts?t=1779694078298:51
[ 1202900ms] [LOG] [vite] server connection lost. Polling for restart... @ http://localhost:3000/@vite/client:1598
[ 1206892ms] [ERROR] Failed to load resource: net::ERR_CONNECTION_REFUSED @ http://localhost:3000/assets/desktop-banner/1.jpg:0
[ 1207172ms] [ERROR] Failed to load resource: net::ERR_CONNECTION_REFUSED @ http://localhost:3000/assets/desktop-banner/1.jpg:0
[ 1207172ms] [ERROR] %cAstro background: linear-gradient(66.77deg, #D83333 0%, #F041FF 100%); color: white; padding-inline: 4px; border-radius: 2px; font-family: monospace; Error while running audit's match function: TypeError: Failed to fetch @ http://localhost:3000/node_modules/.vite/deps/chunk-C36SEBYI.js?v=f6f9060c:22
[ 1209281ms] [ERROR] Failed to load resource: net::ERR_CONNECTION_REFUSED @ http://localhost:3000/assets/desktop-banner/1.jpg:0
[ 1209281ms] [ERROR] %cAstro background: linear-gradient(66.77deg, #D83333 0%, #F041FF 100%); color: white; padding-inline: 4px; border-radius: 2px; font-family: monospace; Error while running audit's match function: TypeError: Failed to fetch @ http://localhost:3000/node_modules/.vite/deps/chunk-C36SEBYI.js?v=f6f9060c:22
[ 1209530ms] [ERROR] Failed to load resource: net::ERR_CONNECTION_REFUSED @ http://localhost:3000/assets/desktop-banner/2.jpg:0
[ 1209530ms] [ERROR] %cAstro background: linear-gradient(66.77deg, #D83333 0%, #F041FF 100%); color: white; padding-inline: 4px; border-radius: 2px; font-family: monospace; Error while running audit's match function: TypeError: Failed to fetch @ http://localhost:3000/node_modules/.vite/deps/chunk-C36SEBYI.js?v=f6f9060c:22
[ 1211877ms] [ERROR] Failed to load resource: net::ERR_CONNECTION_REFUSED @ http://localhost:3000/assets/desktop-banner/2.jpg:0
[ 1211909ms] [ERROR] Failed to load resource: net::ERR_CONNECTION_REFUSED @ http://localhost:3000/assets/desktop-banner/3.jpg:0
[ 1211909ms] [ERROR] %cAstro background: linear-gradient(66.77deg, #D83333 0%, #F041FF 100%); color: white; padding-inline: 4px; border-radius: 2px; font-family: monospace; Error while running audit's match function: TypeError: Failed to fetch @ http://localhost:3000/node_modules/.vite/deps/chunk-C36SEBYI.js?v=f6f9060c:22
[ 1212141ms] [ERROR] Failed to load resource: net::ERR_CONNECTION_REFUSED @ http://localhost:3000/assets/desktop-banner/2.jpg:0
[ 1212142ms] [ERROR] %cAstro background: linear-gradient(66.77deg, #D83333 0%, #F041FF 100%); color: white; padding-inline: 4px; border-radius: 2px; font-family: monospace; Error while running audit's match function: TypeError: Failed to fetch @ http://localhost:3000/node_modules/.vite/deps/chunk-C36SEBYI.js?v=f6f9060c:22
[ 1214234ms] [ERROR] Failed to load resource: net::ERR_CONNECTION_REFUSED @ http://localhost:3000/assets/desktop-banner/3.jpg:0
[ 1214234ms] [ERROR] Failed to load resource: net::ERR_CONNECTION_REFUSED @ http://localhost:3000/assets/desktop-banner/1.jpg:0
[ 1214234ms] [ERROR] %cAstro background: linear-gradient(66.77deg, #D83333 0%, #F041FF 100%); color: white; padding-inline: 4px; border-radius: 2px; font-family: monospace; Error while running audit's match function: TypeError: Failed to fetch @ http://localhost:3000/node_modules/.vite/deps/chunk-C36SEBYI.js?v=f6f9060c:22
[ 1214266ms] [ERROR] Failed to load resource: net::ERR_CONNECTION_REFUSED @ http://localhost:3000/assets/desktop-banner/4.jpg:0
[ 1214266ms] [ERROR] %cAstro background: linear-gradient(66.77deg, #D83333 0%, #F041FF 100%); color: white; padding-inline: 4px; border-radius: 2px; font-family: monospace; Error while running audit's match function: TypeError: Failed to fetch @ http://localhost:3000/node_modules/.vite/deps/chunk-C36SEBYI.js?v=f6f9060c:22
[ 1214269ms] [ERROR] Failed to load resource: net::ERR_CONNECTION_REFUSED @ http://localhost:3000/assets/desktop-banner/3.jpg:0
[ 1214269ms] [ERROR] %cAstro background: linear-gradient(66.77deg, #D83333 0%, #F041FF 100%); color: white; padding-inline: 4px; border-radius: 2px; font-family: monospace; Error while running audit's match function: TypeError: Failed to fetch @ http://localhost:3000/node_modules/.vite/deps/chunk-C36SEBYI.js?v=f6f9060c:22
[ 1216595ms] [ERROR] Failed to load resource: net::ERR_CONNECTION_REFUSED @ http://localhost:3000/assets/desktop-banner/2.jpg:0
[ 1216596ms] [ERROR] %cAstro background: linear-gradient(66.77deg, #D83333 0%, #F041FF 100%); color: white; padding-inline: 4px; border-radius: 2px; font-family: monospace; Error while running audit's match function: TypeError: Failed to fetch @ http://localhost:3000/node_modules/.vite/deps/chunk-C36SEBYI.js?v=f6f9060c:22
[ 1216596ms] [ERROR] Failed to load resource: net::ERR_CONNECTION_REFUSED @ http://localhost:3000/assets/desktop-banner/4.jpg:0
[ 1216642ms] [ERROR] Failed to load resource: net::ERR_CONNECTION_REFUSED @ http://localhost:3000/assets/desktop-banner/1.jpg:0
[ 1216642ms] [ERROR] Failed to load resource: net::ERR_CONNECTION_REFUSED @ http://localhost:3000/assets/mobile-banner/1.jpg:0
[ 1216642ms] [ERROR] %cAstro background: linear-gradient(66.77deg, #D83333 0%, #F041FF 100%); color: white; padding-inline: 4px; border-radius: 2px; font-family: monospace; Error while running audit's match function: TypeError: Failed to fetch @ http://localhost:3000/node_modules/.vite/deps/chunk-C36SEBYI.js?v=f6f9060c:22
[ 1218886ms] [ERROR] Failed to load resource: net::ERR_CONNECTION_REFUSED @ http://localhost:3000/assets/desktop-banner/4.jpg:0
[ 1218886ms] [ERROR] %cAstro background: linear-gradient(66.77deg, #D83333 0%, #F041FF 100%); color: white; padding-inline: 4px; border-radius: 2px; font-family: monospace; Error while running audit's match function: TypeError: Failed to fetch @ http://localhost:3000/node_modules/.vite/deps/chunk-C36SEBYI.js?v=f6f9060c:22
[ 1218932ms] [ERROR] Failed to load resource: net::ERR_CONNECTION_REFUSED @ http://localhost:3000/assets/desktop-banner/3.jpg:0
[ 1218932ms] [ERROR] %cAstro background: linear-gradient(66.77deg, #D83333 0%, #F041FF 100%); color: white; padding-inline: 4px; border-radius: 2px; font-family: monospace; Error while running audit's match function: TypeError: Failed to fetch @ http://localhost:3000/node_modules/.vite/deps/chunk-C36SEBYI.js?v=f6f9060c:22
[ 1218932ms] [ERROR] Failed to load resource: net::ERR_CONNECTION_REFUSED @ http://localhost:3000/assets/desktop-banner/1.jpg:0
[ 1218933ms] [ERROR] %cAstro background: linear-gradient(66.77deg, #D83333 0%, #F041FF 100%); color: white; padding-inline: 4px; border-radius: 2px; font-family: monospace; Error while running audit's match function: TypeError: Failed to fetch @ http://localhost:3000/node_modules/.vite/deps/chunk-C36SEBYI.js?v=f6f9060c:22
[ 1218963ms] [ERROR] Failed to load resource: net::ERR_CONNECTION_REFUSED @ http://localhost:3000/assets/mobile-banner/2.jpg:0
[ 1218963ms] [ERROR] %cAstro background: linear-gradient(66.77deg, #D83333 0%, #F041FF 100%); color: white; padding-inline: 4px; border-radius: 2px; font-family: monospace; Error while running audit's match function: TypeError: Failed to fetch @ http://localhost:3000/node_modules/.vite/deps/chunk-C36SEBYI.js?v=f6f9060c:22
[ 1218978ms] [ERROR] Failed to load resource: net::ERR_CONNECTION_REFUSED @ http://localhost:3000/assets/mobile-banner/1.jpg:0
[ 1218978ms] [ERROR] %cAstro background: linear-gradient(66.77deg, #D83333 0%, #F041FF 100%); color: white; padding-inline: 4px; border-radius: 2px; font-family: monospace; Error while running audit's match function: TypeError: Failed to fetch @ http://localhost:3000/node_modules/.vite/deps/chunk-C36SEBYI.js?v=f6f9060c:22
[ 1221230ms] [ERROR] Failed to load resource: net::ERR_CONNECTION_REFUSED @ http://localhost:3000/assets/desktop-banner/1.jpg:0
[ 1221230ms] [ERROR] %cAstro background: linear-gradient(66.77deg, #D83333 0%, #F041FF 100%); color: white; padding-inline: 4px; border-radius: 2px; font-family: monospace; Error while running audit's match function: TypeError: Failed to fetch @ http://localhost:3000/node_modules/.vite/deps/chunk-C36SEBYI.js?v=f6f9060c:22
[ 1221260ms] [ERROR] Failed to load resource: net::ERR_CONNECTION_REFUSED @ http://localhost:3000/assets/desktop-banner/4.jpg:0
[ 1221260ms] [ERROR] %cAstro background: linear-gradient(66.77deg, #D83333 0%, #F041FF 100%); color: white; padding-inline: 4px; border-radius: 2px; font-family: monospace; Error while running audit's match function: TypeError: Failed to fetch @ http://localhost:3000/node_modules/.vite/deps/chunk-C36SEBYI.js?v=f6f9060c:22
[ 1221261ms] [ERROR] Failed to load resource: net::ERR_CONNECTION_REFUSED @ http://localhost:3000/assets/desktop-banner/2.jpg:0
[ 1221261ms] [ERROR] %cAstro background: linear-gradient(66.77deg, #D83333 0%, #F041FF 100%); color: white; padding-inline: 4px; border-radius: 2px; font-family: monospace; Error while running audit's match function: TypeError: Failed to fetch @ http://localhost:3000/node_modules/.vite/deps/chunk-C36SEBYI.js?v=f6f9060c:22
[ 1221262ms] [ERROR] Failed to load resource: net::ERR_CONNECTION_REFUSED @ http://localhost:3000/assets/mobile-banner/3.jpg:0
[ 1221263ms] [ERROR] %cAstro background: linear-gradient(66.77deg, #D83333 0%, #F041FF 100%); color: white; padding-inline: 4px; border-radius: 2px; font-family: monospace; Error while running audit's match function: TypeError: Failed to fetch @ http://localhost:3000/node_modules/.vite/deps/chunk-C36SEBYI.js?v=f6f9060c:22
[ 1221307ms] [ERROR] Failed to load resource: net::ERR_CONNECTION_REFUSED @ http://localhost:3000/assets/mobile-banner/2.jpg:0
[ 1221307ms] [ERROR] %cAstro background: linear-gradient(66.77deg, #D83333 0%, #F041FF 100%); color: white; padding-inline: 4px; border-radius: 2px; font-family: monospace; Error while running audit's match function: TypeError: Failed to fetch @ http://localhost:3000/node_modules/.vite/deps/chunk-C36SEBYI.js?v=f6f9060c:22
[ 1221308ms] [ERROR] Failed to load resource: net::ERR_CONNECTION_REFUSED @ http://localhost:3000/assets/desktop-banner/1.jpg:0
[ 1221308ms] [ERROR] %cAstro background: linear-gradient(66.77deg, #D83333 0%, #F041FF 100%); color: white; padding-inline: 4px; border-radius: 2px; font-family: monospace; Error while running audit's match function: TypeError: Failed to fetch @ http://localhost:3000/node_modules/.vite/deps/chunk-C36SEBYI.js?v=f6f9060c:22
[ 1223621ms] [ERROR] Failed to load resource: net::ERR_CONNECTION_REFUSED @ http://localhost:3000/assets/desktop-banner/2.jpg:0
[ 1223640ms] [ERROR] Failed to load resource: net::ERR_CONNECTION_REFUSED @ http://localhost:3000/assets/mobile-banner/1.jpg:0
[ 1223640ms] [ERROR] %cAstro background: linear-gradient(66.77deg, #D83333 0%, #F041FF 100%); color: white; padding-inline: 4px; border-radius: 2px; font-family: monospace; Error while running audit's match function: TypeError: Failed to fetch @ http://localhost:3000/node_modules/.vite/deps/chunk-C36SEBYI.js?v=f6f9060c:22
[ 1223641ms] [ERROR] Failed to load resource: net::ERR_CONNECTION_REFUSED @ http://localhost:3000/assets/desktop-banner/3.jpg:0
[ 1223641ms] [ERROR] %cAstro background: linear-gradient(66.77deg, #D83333 0%, #F041FF 100%); color: white; padding-inline: 4px; border-radius: 2px; font-family: monospace; Error while running audit's match function: TypeError: Failed to fetch @ http://localhost:3000/node_modules/.vite/deps/chunk-C36SEBYI.js?v=f6f9060c:22
[ 1223642ms] [ERROR] Failed to load resource: net::ERR_CONNECTION_REFUSED @ http://localhost:3000/assets/mobile-banner/4.jpg:0
[ 1223642ms] [ERROR] %cAstro background: linear-gradient(66.77deg, #D83333 0%, #F041FF 100%); color: white; padding-inline: 4px; border-radius: 2px; font-family: monospace; Error while running audit's match function: TypeError: Failed to fetch @ http://localhost:3000/node_modules/.vite/deps/chunk-C36SEBYI.js?v=f6f9060c:22
[ 1223666ms] [ERROR] Failed to load resource: net::ERR_CONNECTION_REFUSED @ http://localhost:3000/assets/desktop-banner/1.jpg:0
[ 1223666ms] [ERROR] %cAstro background: linear-gradient(66.77deg, #D83333 0%, #F041FF 100%); color: white; padding-inline: 4px; border-radius: 2px; font-family: monospace; Error while running audit's match function: TypeError: Failed to fetch @ http://localhost:3000/node_modules/.vite/deps/chunk-C36SEBYI.js?v=f6f9060c:22
[ 1223667ms] [ERROR] Failed to load resource: net::ERR_CONNECTION_REFUSED @ http://localhost:3000/assets/mobile-banner/3.jpg:0
[ 1223667ms] [ERROR] %cAstro background: linear-gradient(66.77deg, #D83333 0%, #F041FF 100%); color: white; padding-inline: 4px; border-radius: 2px; font-family: monospace; Error while running audit's match function: TypeError: Failed to fetch @ http://localhost:3000/node_modules/.vite/deps/chunk-C36SEBYI.js?v=f6f9060c:22
[ 1225948ms] [ERROR] Failed to load resource: net::ERR_CONNECTION_REFUSED @ http://localhost:3000/assets/desktop-banner/2.jpg:0
[ 1225948ms] [ERROR] %cAstro background: linear-gradient(66.77deg, #D83333 0%, #F041FF 100%); color: white; padding-inline: 4px; border-radius: 2px; font-family: monospace; Error while running audit's match function: TypeError: Failed to fetch @ http://localhost:3000/node_modules/.vite/deps/chunk-C36SEBYI.js?v=f6f9060c:22
[ 1225991ms] [ERROR] Failed to load resource: net::ERR_CONNECTION_REFUSED @ http://localhost:3000/assets/desktop-banner/3.jpg:0
[ 1225991ms] [ERROR] Failed to load resource: net::ERR_CONNECTION_REFUSED @ http://localhost:3000/assets/mobile-banner/2.jpg:0
[ 1225991ms] [ERROR] %cAstro background: linear-gradient(66.77deg, #D83333 0%, #F041FF 100%); color: white; padding-inline: 4px; border-radius: 2px; font-family: monospace; Error while running audit's match function: TypeError: Failed to fetch @ http://localhost:3000/node_modules/.vite/deps/chunk-C36SEBYI.js?v=f6f9060c:22
[ 1225992ms] [ERROR] Failed to load resource: net::ERR_CONNECTION_REFUSED @ http://localhost:3000/assets/desktop-banner/4.jpg:0
[ 1225992ms] [ERROR] %cAstro background: linear-gradient(66.77deg, #D83333 0%, #F041FF 100%); color: white; padding-inline: 4px; border-radius: 2px; font-family: monospace; Error while running audit's match function: TypeError: Failed to fetch @ http://localhost:3000/node_modules/.vite/deps/chunk-C36SEBYI.js?v=f6f9060c:22
[ 1226022ms] [ERROR] Failed to load resource: net::ERR_CONNECTION_REFUSED @ http://localhost:3000/assets/home/home.jpg:0
[ 1226022ms] [ERROR] %cAstro background: linear-gradient(66.77deg, #D83333 0%, #F041FF 100%); color: white; padding-inline: 4px; border-radius: 2px; font-family: monospace; Error while running audit's match function: TypeError: Failed to fetch @ http://localhost:3000/node_modules/.vite/deps/chunk-C36SEBYI.js?v=f6f9060c:22
[ 1226023ms] [ERROR] Failed to load resource: net::ERR_CONNECTION_REFUSED @ http://localhost:3000/assets/desktop-banner/1.jpg:0
[ 1226023ms] [ERROR] %cAstro background: linear-gradient(66.77deg, #D83333 0%, #F041FF 100%); color: white; padding-inline: 4px; border-radius: 2px; font-family: monospace; Error while running audit's match function: TypeError: Failed to fetch @ http://localhost:3000/node_modules/.vite/deps/chunk-C36SEBYI.js?v=f6f9060c:22
[ 1228292ms] [ERROR] Failed to load resource: net::ERR_CONNECTION_REFUSED @ http://localhost:3000/assets/mobile-banner/4.jpg:0
[ 1228292ms] [ERROR] %cAstro background: linear-gradient(66.77deg, #D83333 0%, #F041FF 100%); color: white; padding-inline: 4px; border-radius: 2px; font-family: monospace; Error while running audit's match function: TypeError: Failed to fetch @ http://localhost:3000/node_modules/.vite/deps/chunk-C36SEBYI.js?v=f6f9060c:22
[ 1228323ms] [ERROR] Failed to load resource: net::ERR_CONNECTION_REFUSED @ http://localhost:3000/assets/desktop-banner/2.jpg:0
[ 1228324ms] [ERROR] %cAstro background: linear-gradient(66.77deg, #D83333 0%, #F041FF 100%); color: white; padding-inline: 4px; border-radius: 2px; font-family: monospace; Error while running audit's match function: TypeError: Failed to fetch @ http://localhost:3000/node_modules/.vite/deps/chunk-C36SEBYI.js?v=f6f9060c:22
[ 1228325ms] [ERROR] Failed to load resource: net::ERR_CONNECTION_REFUSED @ http://localhost:3000/assets/desktop-banner/4.jpg:0
[ 1228325ms] [ERROR] Failed to load resource: net::ERR_CONNECTION_REFUSED @ http://localhost:3000/assets/desktop-banner/3.jpg:0
[ 1228325ms] [ERROR] %cAstro background: linear-gradient(66.77deg, #D83333 0%, #F041FF 100%); color: white; padding-inline: 4px; border-radius: 2px; font-family: monospace; Error while running audit's match function: TypeError: Failed to fetch @ http://localhost:3000/node_modules/.vite/deps/chunk-C36SEBYI.js?v=f6f9060c:22
[ 1228338ms] [ERROR] Failed to load resource: net::ERR_CONNECTION_REFUSED @ http://localhost:3000/assets/mobile-banner/3.jpg:0
[ 1228339ms] [ERROR] %cAstro background: linear-gradient(66.77deg, #D83333 0%, #F041FF 100%); color: white; padding-inline: 4px; border-radius: 2px; font-family: monospace; Error while running audit's match function: TypeError: Failed to fetch @ http://localhost:3000/node_modules/.vite/deps/chunk-C36SEBYI.js?v=f6f9060c:22
[ 1228339ms] [ERROR] Failed to load resource: net::ERR_CONNECTION_REFUSED @ http://localhost:3000/assets/mobile-banner/1.jpg:0
[ 1228339ms] [ERROR] %cAstro background: linear-gradient(66.77deg, #D83333 0%, #F041FF 100%); color: white; padding-inline: 4px; border-radius: 2px; font-family: monospace; Error while running audit's match function: TypeError: Failed to fetch @ http://localhost:3000/node_modules/.vite/deps/chunk-C36SEBYI.js?v=f6f9060c:22
[ 1230640ms] [ERROR] Failed to load resource: net::ERR_CONNECTION_REFUSED @ http://localhost:3000/assets/desktop-banner/1.jpg:0
[ 1230641ms] [ERROR] %cAstro background: linear-gradient(66.77deg, #D83333 0%, #F041FF 100%); color: white; padding-inline: 4px; border-radius: 2px; font-family: monospace; Error while running audit's match function: TypeError: Failed to fetch @ http://localhost:3000/node_modules/.vite/deps/chunk-C36SEBYI.js?v=f6f9060c:22
[ 1230670ms] [ERROR] Failed to load resource: net::ERR_CONNECTION_REFUSED @ http://localhost:3000/assets/mobile-banner/2.jpg:0
[ 1230670ms] [ERROR] %cAstro background: linear-gradient(66.77deg, #D83333 0%, #F041FF 100%); color: white; padding-inline: 4px; border-radius: 2px; font-family: monospace; Error while running audit's match function: TypeError: Failed to fetch @ http://localhost:3000/node_modules/.vite/deps/chunk-C36SEBYI.js?v=f6f9060c:22
[ 1230671ms] [ERROR] Failed to load resource: net::ERR_CONNECTION_REFUSED @ http://localhost:3000/assets/home/home.jpg:0
[ 1230671ms] [ERROR] %cAstro background: linear-gradient(66.77deg, #D83333 0%, #F041FF 100%); color: white; padding-inline: 4px; border-radius: 2px; font-family: monospace; Error while running audit's match function: TypeError: Failed to fetch @ http://localhost:3000/node_modules/.vite/deps/chunk-C36SEBYI.js?v=f6f9060c:22
[ 1230671ms] [ERROR] Failed to load resource: net::ERR_CONNECTION_REFUSED @ http://localhost:3000/assets/desktop-banner/2.jpg:0
[ 1230671ms] [ERROR] %cAstro background: linear-gradient(66.77deg, #D83333 0%, #F041FF 100%); color: white; padding-inline: 4px; border-radius: 2px; font-family: monospace; Error while running audit's match function: TypeError: Failed to fetch @ http://localhost:3000/node_modules/.vite/deps/chunk-C36SEBYI.js?v=f6f9060c:22
[ 1230685ms] [ERROR] Failed to load resource: net::ERR_CONNECTION_REFUSED @ http://localhost:3000/assets/desktop-banner/3.jpg:0
[ 1230685ms] [ERROR] %cAstro background: linear-gradient(66.77deg, #D83333 0%, #F041FF 100%); color: white; padding-inline: 4px; border-radius: 2px; font-family: monospace; Error while running audit's match function: TypeError: Failed to fetch @ http://localhost:3000/node_modules/.vite/deps/chunk-C36SEBYI.js?v=f6f9060c:22
[ 1230686ms] [ERROR] Failed to load resource: net::ERR_CONNECTION_REFUSED @ http://localhost:3000/assets/desktop-banner/4.jpg:0
[ 1230686ms] [ERROR] %cAstro background: linear-gradient(66.77deg, #D83333 0%, #F041FF 100%); color: white; padding-inline: 4px; border-radius: 2px; font-family: monospace; Error while running audit's match function: TypeError: Failed to fetch @ http://localhost:3000/node_modules/.vite/deps/chunk-C36SEBYI.js?v=f6f9060c:22
[ 1232995ms] [ERROR] Failed to load resource: net::ERR_CONNECTION_REFUSED @ http://localhost:3000/assets/mobile-banner/4.jpg:0
[ 1232995ms] [ERROR] %cAstro background: linear-gradient(66.77deg, #D83333 0%, #F041FF 100%); color: white; padding-inline: 4px; border-radius: 2px; font-family: monospace; Error while running audit's match function: TypeError: Failed to fetch @ http://localhost:3000/node_modules/.vite/deps/chunk-C36SEBYI.js?v=f6f9060c:22
[ 1233026ms] [ERROR] Failed to load resource: net::ERR_CONNECTION_REFUSED @ http://localhost:3000/assets/desktop-banner/1.jpg:0
[ 1233026ms] [ERROR] %cAstro background: linear-gradient(66.77deg, #D83333 0%, #F041FF 100%); color: white; padding-inline: 4px; border-radius: 2px; font-family: monospace; Error while running audit's match function: TypeError: Failed to fetch @ http://localhost:3000/node_modules/.vite/deps/chunk-C36SEBYI.js?v=f6f9060c:22
[ 1233026ms] [ERROR] Failed to load resource: net::ERR_CONNECTION_REFUSED @ http://localhost:3000/assets/mobile-banner/2.jpg:0
[ 1233026ms] [ERROR] %cAstro background: linear-gradient(66.77deg, #D83333 0%, #F041FF 100%); color: white; padding-inline: 4px; border-radius: 2px; font-family: monospace; Error while running audit's match function: TypeError: Failed to fetch @ http://localhost:3000/node_modules/.vite/deps/chunk-C36SEBYI.js?v=f6f9060c:22
[ 1233026ms] [ERROR] Failed to load resource: net::ERR_CONNECTION_REFUSED @ http://localhost:3000/assets/desktop-banner/2.jpg:0
[ 1233026ms] [ERROR] %cAstro background: linear-gradient(66.77deg, #D83333 0%, #F041FF 100%); color: white; padding-inline: 4px; border-radius: 2px; font-family: monospace; Error while running audit's match function: TypeError: Failed to fetch @ http://localhost:3000/node_modules/.vite/deps/chunk-C36SEBYI.js?v=f6f9060c:22
[ 1233042ms] [ERROR] Failed to load resource: net::ERR_CONNECTION_REFUSED @ http://localhost:3000/assets/desktop-banner/3.jpg:0
[ 1233042ms] [ERROR] %cAstro background: linear-gradient(66.77deg, #D83333 0%, #F041FF 100%); color: white; padding-inline: 4px; border-radius: 2px; font-family: monospace; Error while running audit's match function: TypeError: Failed to fetch @ http://localhost:3000/node_modules/.vite/deps/chunk-C36SEBYI.js?v=f6f9060c:22
[ 1233042ms] [ERROR] Failed to load resource: net::ERR_CONNECTION_REFUSED @ http://localhost:3000/assets/desktop-banner/4.jpg:0
[ 1233042ms] [ERROR] %cAstro background: linear-gradient(66.77deg, #D83333 0%, #F041FF 100%); color: white; padding-inline: 4px; border-radius: 2px; font-family: monospace; Error while running audit's match function: TypeError: Failed to fetch @ http://localhost:3000/node_modules/.vite/deps/chunk-C36SEBYI.js?v=f6f9060c:22
[ 1248847ms] [LOG] TOC Config: {enable: true, depth: 2, useJapaneseBadge: false} @ http://localhost:3000/timeline/:16155
[ 1250127ms] [LOG] Pagefind is not available in development mode. Using mock data. @ http://localhost:3000/src/components/organisms/navigation/Search.svelte:195
[ 1250133ms] [LOG] Pagefind status on init: false @ http://localhost:3000/src/components/organisms/navigation/Search.svelte:191
[ 1250211ms] [LOG] PanelHandler: 初始化完成 @ http://localhost:3000/src/scripts/handlers/panel-handler.ts:35
[ 1250213ms] [LOG] SwupManager: 初始化完成 @ http://localhost:3000/src/scripts/swup-manager.ts:51
