[     180ms] [LOG] TOC Config: {enable: true, depth: 2, useJapaneseBadge: false} @ http://localhost:3000/posts/encrypted-example/:16155
[     247ms] [ERROR] Failed to load resource: the server responded with a status of 504 (Outdated Optimize Dep) @ http://localhost:3000/@id/astro/runtime/client/dev-toolbar/entrypoint.js:0
[     495ms] ReferenceError: process is not defined
    at http://localhost:3000/src/config/siteConfig.ts:3:18
[     495ms] ReferenceError: process is not defined
    at http://localhost:3000/src/config/siteConfig.ts:3:18
[    1575ms] [ERROR] [astro-island] Error hydrating /src/components/features/auth/PasswordModal.svelte ReferenceError: process is not defined
    at http://localhost:3000/src/config/siteConfig.ts:3:18 @ http://localhost:3000/posts/encrypted-example/:16982
[    1575ms] [ERROR] [astro-island] Error hydrating /src/components/features/settings/WallpaperSwitch.svelte ReferenceError: process is not defined
    at http://localhost:3000/src/config/siteConfig.ts:3:18 @ http://localhost:3000/posts/encrypted-example/:16982
[    1577ms] [ERROR] [astro-island] Error hydrating /src/components/control/LayoutSwitch.svelte ReferenceError: process is not defined
    at http://localhost:3000/src/config/siteConfig.ts:3:18 @ http://localhost:3000/posts/encrypted-example/:16982
[    1578ms] [ERROR] [astro-island] Error hydrating /src/components/features/toc/MobileTOC.svelte ReferenceError: process is not defined
    at http://localhost:3000/src/config/siteConfig.ts:3:18 @ http://localhost:3000/posts/encrypted-example/:16982
[    1579ms] [ERROR] [astro-island] Error hydrating /src/components/organisms/navigation/Search.svelte ReferenceError: process is not defined
    at http://localhost:3000/src/config/siteConfig.ts:3:18 @ http://localhost:3000/posts/encrypted-example/:16982
[    1580ms] [ERROR] [astro-island] Error hydrating /src/components/features/settings/DisplaySettings.svelte ReferenceError: process is not defined
    at http://localhost:3000/src/config/siteConfig.ts:3:18 @ http://localhost:3000/posts/encrypted-example/:16982
[    1580ms] [ERROR] [astro-island] Error hydrating /src/components/control/ThemeSwitch.svelte ReferenceError: process is not defined
    at http://localhost:3000/src/config/siteConfig.ts:3:18 @ http://localhost:3000/posts/encrypted-example/:16982
[    2296ms] [ERROR] [astro-island] Error hydrating /src/components/features/pio/Pio.svelte ReferenceError: process is not defined
    at http://localhost:3000/src/config/siteConfig.ts:3:18 @ http://localhost:3000/posts/encrypted-example/:16982
[    3354ms] [ERROR] [astro-island] Error hydrating /src/components/widgets/music-player/MusicPlayer.svelte ReferenceError: process is not defined
    at http://localhost:3000/src/config/siteConfig.ts:3:18 @ http://localhost:3000/posts/encrypted-example/:16982
[   34546ms] [LOG] TOC Config: {enable: true, depth: 2, useJapaneseBadge: false} @ http://localhost:3000/posts/encrypted-example/:16155
[   34591ms] [ERROR] Failed to load resource: the server responded with a status of 504 (Outdated Optimize Dep) @ http://localhost:3000/@id/astro/runtime/client/dev-toolbar/entrypoint.js:0
[   34982ms] [LOG] Pagefind is not available in development mode. Using mock data. @ http://localhost:3000/src/components/organisms/navigation/Search.svelte:195
[   34982ms] [LOG] Pagefind status on init: false @ http://localhost:3000/src/components/organisms/navigation/Search.svelte:191
[   35045ms] [LOG] PanelHandler: 初始化完成 @ http://localhost:3000/src/scripts/handlers/panel-handler.ts:35
[   35046ms] [LOG] SwupManager: 初始化完成 @ http://localhost:3000/src/scripts/swup-manager.ts?t=1779691804497:51
