[     172ms] [LOG] TOC Config: {enable: true, depth: 2, useJapaneseBadge: false} @ http://localhost:3001/:16155
[     551ms] [LOG] Pagefind is not available in development mode. Using mock data. @ http://localhost:3001/src/components/organisms/navigation/Search.svelte:195
[     552ms] [LOG] Pagefind status on init: false @ http://localhost:3001/src/components/organisms/navigation/Search.svelte:191
[     603ms] [LOG] PanelHandler: 初始化完成 @ http://localhost:3001/src/scripts/handlers/panel-handler.ts:35
[     604ms] [LOG] SwupManager: 初始化完成 @ http://localhost:3001/src/scripts/swup-manager.ts?t=1779637205477:51
[   86904ms] [LOG] TOC Config: {enable: true, depth: 2, useJapaneseBadge: false} @ :13
[   88197ms] [LOG] TOC Config: {enable: true, depth: 2, useJapaneseBadge: false} @ :13
[   90545ms] [LOG] TOC Config: {enable: true, depth: 2, useJapaneseBadge: false} @ :13
[  145436ms] [ERROR] %cAstro background: linear-gradient(66.77deg, #D83333 0%, #F041FF 100%); color: white; padding-inline: 4px; border-radius: 2px; font-family: monospace; Error while running audit's match function: TypeError: Failed to fetch @ http://localhost:3001/node_modules/.vite/deps/chunk-C36SEBYI.js?v=f6f9060c:22
[  145481ms] [LOG] TOC Config: {enable: true, depth: 2, useJapaneseBadge: false} @ http://localhost:3001/posts/markdown-tutorial/:16155
[  146740ms] [LOG] Pagefind is not available in development mode. Using mock data. @ http://localhost:3001/src/components/organisms/navigation/Search.svelte:195
[  146740ms] [LOG] Pagefind status on init: false @ http://localhost:3001/src/components/organisms/navigation/Search.svelte:191
[  146767ms] [LOG] PanelHandler: 初始化完成 @ http://localhost:3001/src/scripts/handlers/panel-handler.ts:35
[  146770ms] [LOG] SwupManager: 初始化完成 @ http://localhost:3001/src/scripts/swup-manager.ts?t=1779637504159:51
[  266992ms] [LOG] TOC Config: {enable: true, depth: 2, useJapaneseBadge: false} @ http://localhost:3001/posts/markdown-tutorial/:16155
[  267724ms] [LOG] Pagefind is not available in development mode. Using mock data. @ http://localhost:3001/src/components/organisms/navigation/Search.svelte:195
[  267725ms] [LOG] Pagefind status on init: false @ http://localhost:3001/src/components/organisms/navigation/Search.svelte:191
[  268012ms] [LOG] PanelHandler: 初始化完成 @ http://localhost:3001/src/scripts/handlers/panel-handler.ts:35
[  268014ms] [LOG] SwupManager: 初始化完成 @ http://localhost:3001/src/scripts/swup-manager.ts?t=1779637504159:51
[  274647ms] [LOG] TOC Config: {enable: true, depth: 2, useJapaneseBadge: false} @ http://localhost:3001/posts/markdown-tutorial/:16155
[  275650ms] [LOG] Pagefind is not available in development mode. Using mock data. @ http://localhost:3001/src/components/organisms/navigation/Search.svelte:195
[  275650ms] [LOG] Pagefind status on init: false @ http://localhost:3001/src/components/organisms/navigation/Search.svelte:191
[  275654ms] [LOG] PanelHandler: 初始化完成 @ http://localhost:3001/src/scripts/handlers/panel-handler.ts:35
[  275655ms] [LOG] SwupManager: 初始化完成 @ http://localhost:3001/src/scripts/swup-manager.ts?t=1779637504159:51
[  278612ms] [ERROR] %cAstro background: linear-gradient(66.77deg, #D83333 0%, #F041FF 100%); color: white; padding-inline: 4px; border-radius: 2px; font-family: monospace; Error while running audit's match function: TypeError: Failed to fetch @ http://localhost:3001/node_modules/.vite/deps/chunk-C36SEBYI.js?v=f6f9060c:22
[  278925ms] [LOG] TOC Config: {enable: true, depth: 2, useJapaneseBadge: false} @ http://localhost:3001/posts/markdown-tutorial/:16155
[  279574ms] [LOG] Pagefind is not available in development mode. Using mock data. @ http://localhost:3001/src/components/organisms/navigation/Search.svelte:195
[  279574ms] [LOG] Pagefind status on init: false @ http://localhost:3001/src/components/organisms/navigation/Search.svelte:191
[  279742ms] [LOG] PanelHandler: 初始化完成 @ http://localhost:3001/src/scripts/handlers/panel-handler.ts:35
[  279743ms] [LOG] SwupManager: 初始化完成 @ http://localhost:3001/src/scripts/swup-manager.ts?t=1779637504159:51
[  282303ms] [ERROR] %cAstro background: linear-gradient(66.77deg, #D83333 0%, #F041FF 100%); color: white; padding-inline: 4px; border-radius: 2px; font-family: monospace; Error while running audit's match function: TypeError: Failed to fetch @ http://localhost:3001/node_modules/.vite/deps/chunk-C36SEBYI.js?v=f6f9060c:22
[  282948ms] [LOG] TOC Config: {enable: true, depth: 2, useJapaneseBadge: false} @ http://localhost:3001/posts/markdown-tutorial/:16155
[  283513ms] [LOG] Pagefind is not available in development mode. Using mock data. @ http://localhost:3001/src/components/organisms/navigation/Search.svelte:195
[  283513ms] [LOG] Pagefind status on init: false @ http://localhost:3001/src/components/organisms/navigation/Search.svelte:191
[  283689ms] [LOG] PanelHandler: 初始化完成 @ http://localhost:3001/src/scripts/handlers/panel-handler.ts:35
[  283690ms] [LOG] SwupManager: 初始化完成 @ http://localhost:3001/src/scripts/swup-manager.ts?t=1779637504159:51
[  286971ms] [ERROR] Failed to load resource: the server responded with a status of 404 (Not Found) @ http://localhost:3001/assets/desktop-banner/1.webp:0
[  287971ms] [LOG] TOC Config: {enable: true, depth: 2, useJapaneseBadge: false} @ http://localhost:3001/posts/markdown-tutorial/:16155
[  288348ms] [ERROR] Failed to load resource: the server responded with a status of 404 (Not Found) @ http://localhost:3001/assets/desktop-banner/1.webp:0
[  288448ms] [LOG] Pagefind is not available in development mode. Using mock data. @ http://localhost:3001/src/components/organisms/navigation/Search.svelte:195
[  288448ms] [LOG] Pagefind status on init: false @ http://localhost:3001/src/components/organisms/navigation/Search.svelte:191
[  288815ms] [LOG] TOC Config: {enable: true, depth: 2, useJapaneseBadge: false} @ http://localhost:3001/posts/markdown-tutorial/:16155
[  289170ms] [ERROR] Failed to load resource: the server responded with a status of 404 (Not Found) @ http://localhost:3001/assets/desktop-banner/1.webp:0
[  289174ms] [ERROR] Failed to load resource: the server responded with a status of 404 (Not Found) @ http://localhost:3001/assets/desktop-banner/2.webp:0
[  289496ms] [LOG] Pagefind is not available in development mode. Using mock data. @ http://localhost:3001/src/components/organisms/navigation/Search.svelte:195
[  289497ms] [LOG] Pagefind status on init: false @ http://localhost:3001/src/components/organisms/navigation/Search.svelte:191
[  289685ms] [LOG] PanelHandler: 初始化完成 @ http://localhost:3001/src/scripts/handlers/panel-handler.ts:35
[  289686ms] [LOG] SwupManager: 初始化完成 @ http://localhost:3001/src/scripts/swup-manager.ts?t=1779637504159:51
[  290989ms] [LOG] TOC Config: {enable: true, depth: 2, useJapaneseBadge: false} @ http://localhost:3001/posts/markdown-tutorial/:16155
[  291083ms] [ERROR] Failed to load resource: the server responded with a status of 404 (Not Found) @ http://localhost:3001/assets/desktop-banner/1.webp:0
[  291201ms] [ERROR] Failed to load resource: the server responded with a status of 404 (Not Found) @ http://localhost:3001/assets/desktop-banner/2.webp:0
[  291480ms] [LOG] Pagefind is not available in development mode. Using mock data. @ http://localhost:3001/src/components/organisms/navigation/Search.svelte:195
[  291480ms] [LOG] Pagefind status on init: false @ http://localhost:3001/src/components/organisms/navigation/Search.svelte:191
[  291754ms] [LOG] PanelHandler: 初始化完成 @ http://localhost:3001/src/scripts/handlers/panel-handler.ts:35
[  291756ms] [LOG] SwupManager: 初始化完成 @ http://localhost:3001/src/scripts/swup-manager.ts?t=1779637504159:51
[  292280ms] [ERROR] Failed to load resource: the server responded with a status of 404 (Not Found) @ http://localhost:3001/assets/desktop-banner/1.webp:0
[  292366ms] [ERROR] Failed to load resource: the server responded with a status of 404 (Not Found) @ http://localhost:3001/assets/desktop-banner/2.webp:0
[  292436ms] [ERROR] Failed to load resource: the server responded with a status of 404 (Not Found) @ http://localhost:3001/assets/desktop-banner/3.webp:0
[  292527ms] [ERROR] Failed to load resource: the server responded with a status of 404 (Not Found) @ http://localhost:3001/assets/desktop-banner/4.webp:0
[  292691ms] [ERROR] Failed to load resource: the server responded with a status of 404 (Not Found) @ http://localhost:3001/assets/desktop-banner/2.webp:0
[  293799ms] [ERROR] Failed to load resource: the server responded with a status of 404 (Not Found) @ http://localhost:3001/assets/desktop-banner/1.webp:0
[  293879ms] [ERROR] Failed to load resource: the server responded with a status of 404 (Not Found) @ http://localhost:3001/assets/desktop-banner/2.webp:0
[  293956ms] [ERROR] Failed to load resource: the server responded with a status of 404 (Not Found) @ http://localhost:3001/assets/desktop-banner/3.webp:0
[  295103ms] [ERROR] Failed to load resource: the server responded with a status of 404 (Not Found) @ http://localhost:3001/assets/desktop-banner/3.webp:0
[  295189ms] [ERROR] Failed to load resource: the server responded with a status of 404 (Not Found) @ http://localhost:3001/assets/desktop-banner/4.webp:0
[  295479ms] [ERROR] [L2D][ERROR] Failed to fetch model config: /pio/models/NOIR/noir.model3.json TypeError: Failed to fetch
    at Ao (http://localhost:3001/node_modules/.vite/deps/l2d-widget.js?v=f6f9060c:11937:16)
    at No.load (http://localhost:3001/node_modules/.vite/deps/l2d-widget.js?v=f6f9060c:12012:38)
    at D2 (http://localhost:3001/node_modules/.vite/deps/l2d-widget.js?v=f6f9060c:12425:15)
    at Xo (http://localhost:3001/node_modules/.vite/deps/l2d-widget.js?v=f6f9060c:12446:10)
    at initWidget (http://localhost:3001/src/components/features/pio/Pio.svelte:94:21) @ http://localhost:3001/node_modules/.vite/deps/l2d-widget.js?v=f6f9060c:4045
[  295479ms] [ERROR] %cAstro background: linear-gradient(66.77deg, #D83333 0%, #F041FF 100%); color: white; padding-inline: 4px; border-radius: 2px; font-family: monospace; Error while running audit's match function: TypeError: Failed to fetch @ http://localhost:3001/node_modules/.vite/deps/chunk-C36SEBYI.js?v=f6f9060c:22
[  295515ms] [LOG] TOC Config: {enable: true, depth: 2, useJapaneseBadge: false} @ http://localhost:3001/posts/markdown-tutorial/:16155
[  295612ms] [ERROR] Failed to load resource: the server responded with a status of 404 (Not Found) @ http://localhost:3001/assets/desktop-banner/1.webp:0
[  296080ms] [LOG] Pagefind is not available in development mode. Using mock data. @ http://localhost:3001/src/components/organisms/navigation/Search.svelte:195
[  296080ms] [LOG] Pagefind status on init: false @ http://localhost:3001/src/components/organisms/navigation/Search.svelte:191
[  296415ms] [LOG] PanelHandler: 初始化完成 @ http://localhost:3001/src/scripts/handlers/panel-handler.ts:35
[  296416ms] [LOG] SwupManager: 初始化完成 @ http://localhost:3001/src/scripts/swup-manager.ts?t=1779637504159:51
[  297024ms] [ERROR] Failed to load resource: the server responded with a status of 404 (Not Found) @ http://localhost:3001/assets/desktop-banner/1.webp:0
[  297129ms] [ERROR] Failed to load resource: the server responded with a status of 404 (Not Found) @ http://localhost:3001/assets/desktop-banner/2.webp:0
[  297264ms] [ERROR] Failed to load resource: the server responded with a status of 404 (Not Found) @ http://localhost:3001/assets/desktop-banner/3.webp:0
[  297943ms] [ERROR] Failed to load resource: the server responded with a status of 404 (Not Found) @ http://localhost:3001/assets/desktop-banner/4.webp:0
[  298275ms] [ERROR] Failed to load resource: the server responded with a status of 404 (Not Found) @ http://localhost:3001/assets/desktop-banner/1.webp:0
[  298631ms] [ERROR] Failed to load resource: the server responded with a status of 404 (Not Found) @ http://localhost:3001/assets/desktop-banner/2.webp:0
[  298999ms] [ERROR] Failed to load resource: the server responded with a status of 404 (Not Found) @ http://localhost:3001/assets/desktop-banner/1.webp:0
[  299091ms] [ERROR] Failed to load resource: the server responded with a status of 404 (Not Found) @ http://localhost:3001/assets/desktop-banner/2.webp:0
[  299189ms] [ERROR] Failed to load resource: the server responded with a status of 404 (Not Found) @ http://localhost:3001/assets/desktop-banner/3.webp:0
[  299290ms] [ERROR] Failed to load resource: the server responded with a status of 404 (Not Found) @ http://localhost:3001/assets/desktop-banner/4.webp:0
[  299449ms] [ERROR] Failed to load resource: the server responded with a status of 404 (Not Found) @ http://localhost:3001/assets/desktop-banner/1.webp:0
[  299533ms] [ERROR] Failed to load resource: the server responded with a status of 404 (Not Found) @ http://localhost:3001/assets/desktop-banner/2.webp:0
[  300189ms] [ERROR] Failed to load resource: the server responded with a status of 404 (Not Found) @ http://localhost:3001/assets/desktop-banner/1.webp:0
[  300274ms] [ERROR] Failed to load resource: the server responded with a status of 404 (Not Found) @ http://localhost:3001/assets/desktop-banner/2.webp:0
[  300373ms] [ERROR] Failed to load resource: the server responded with a status of 404 (Not Found) @ http://localhost:3001/assets/desktop-banner/3.webp:0
[  300485ms] [ERROR] Failed to load resource: the server responded with a status of 404 (Not Found) @ http://localhost:3001/assets/desktop-banner/4.webp:0
[  300687ms] [ERROR] Failed to load resource: the server responded with a status of 404 (Not Found) @ http://localhost:3001/assets/desktop-banner/2.webp:0
[  301607ms] [ERROR] Failed to load resource: the server responded with a status of 404 (Not Found) @ http://localhost:3001/assets/desktop-banner/3.webp:0
[  302390ms] [ERROR] Failed to load resource: the server responded with a status of 404 (Not Found) @ http://localhost:3001/assets/desktop-banner/1.webp:0
[  302447ms] [ERROR] Failed to load resource: the server responded with a status of 404 (Not Found) @ http://localhost:3001/assets/desktop-banner/2.webp:0
[  302533ms] [ERROR] Failed to load resource: the server responded with a status of 404 (Not Found) @ http://localhost:3001/assets/desktop-banner/3.webp:0
[  302614ms] [ERROR] Failed to load resource: the server responded with a status of 404 (Not Found) @ http://localhost:3001/assets/desktop-banner/4.webp:0
[  302748ms] [ERROR] Failed to load resource: the server responded with a status of 404 (Not Found) @ http://localhost:3001/assets/desktop-banner/2.webp:0
[  302852ms] [ERROR] Failed to load resource: the server responded with a status of 404 (Not Found) @ http://localhost:3001/assets/desktop-banner/3.webp:0
[  303156ms] [ERROR] Failed to load resource: the server responded with a status of 404 (Not Found) @ http://localhost:3001/assets/desktop-banner/1.webp:0
[  303206ms] [ERROR] Failed to load resource: the server responded with a status of 404 (Not Found) @ http://localhost:3001/assets/desktop-banner/2.webp:0
[  303262ms] [ERROR] Failed to load resource: the server responded with a status of 404 (Not Found) @ http://localhost:3001/assets/desktop-banner/3.webp:0
[  303314ms] [ERROR] Failed to load resource: the server responded with a status of 404 (Not Found) @ http://localhost:3001/assets/desktop-banner/4.webp:0
[  303413ms] [ERROR] Failed to load resource: the server responded with a status of 404 (Not Found) @ http://localhost:3001/assets/desktop-banner/3.webp:0
[  304188ms] [ERROR] Failed to load resource: the server responded with a status of 404 (Not Found) @ http://localhost:3001/assets/desktop-banner/1.webp:0
[  304302ms] [ERROR] Failed to load resource: the server responded with a status of 404 (Not Found) @ http://localhost:3001/assets/desktop-banner/2.webp:0
[  304512ms] [ERROR] Failed to load resource: the server responded with a status of 404 (Not Found) @ http://localhost:3001/assets/desktop-banner/3.webp:0
[  304599ms] [ERROR] Failed to load resource: the server responded with a status of 404 (Not Found) @ http://localhost:3001/assets/desktop-banner/4.webp:0
[  304724ms] [ERROR] Failed to load resource: the server responded with a status of 404 (Not Found) @ http://localhost:3001/assets/desktop-banner/4.webp:0
[  305098ms] [ERROR] Failed to load resource: the server responded with a status of 404 (Not Found) @ http://localhost:3001/assets/desktop-banner/3.webp:0
[  307681ms] [ERROR] Failed to load resource: the server responded with a status of 404 (Not Found) @ http://localhost:3001/assets/desktop-banner/1.webp:0
[  308022ms] [ERROR] Failed to load resource: the server responded with a status of 404 (Not Found) @ http://localhost:3001/assets/desktop-banner/1.webp:0
[  308099ms] [ERROR] Failed to load resource: the server responded with a status of 404 (Not Found) @ http://localhost:3001/assets/desktop-banner/2.webp:0
[  308174ms] [ERROR] Failed to load resource: the server responded with a status of 404 (Not Found) @ http://localhost:3001/assets/desktop-banner/3.webp:0
[  308331ms] [ERROR] Failed to load resource: the server responded with a status of 404 (Not Found) @ http://localhost:3001/assets/desktop-banner/4.webp:0
[  308573ms] [ERROR] Failed to load resource: the server responded with a status of 404 (Not Found) @ http://localhost:3001/assets/desktop-banner/4.webp:0
[  308699ms] [ERROR] Failed to load resource: the server responded with a status of 404 (Not Found) @ http://localhost:3001/assets/desktop-banner/1.webp:0
[  309207ms] [ERROR] Failed to load resource: the server responded with a status of 404 (Not Found) @ http://localhost:3001/assets/desktop-banner/1.webp:0
[  309299ms] [ERROR] Failed to load resource: the server responded with a status of 404 (Not Found) @ http://localhost:3001/assets/desktop-banner/2.webp:0
[  309379ms] [ERROR] Failed to load resource: the server responded with a status of 404 (Not Found) @ http://localhost:3001/assets/desktop-banner/3.webp:0
[  309459ms] [ERROR] Failed to load resource: the server responded with a status of 404 (Not Found) @ http://localhost:3001/assets/desktop-banner/4.webp:0
[  309582ms] [ERROR] Failed to load resource: the server responded with a status of 404 (Not Found) @ http://localhost:3001/assets/desktop-banner/1.webp:0
[  310635ms] [ERROR] Failed to load resource: the server responded with a status of 404 (Not Found) @ http://localhost:3001/assets/desktop-banner/2.webp:0
[  312422ms] [ERROR] Failed to load resource: the server responded with a status of 404 (Not Found) @ http://localhost:3001/assets/desktop-banner/1.webp:0
[  312505ms] [ERROR] Failed to load resource: the server responded with a status of 404 (Not Found) @ http://localhost:3001/assets/desktop-banner/2.webp:0
[  312574ms] [ERROR] Failed to load resource: the server responded with a status of 404 (Not Found) @ http://localhost:3001/assets/desktop-banner/3.webp:0
[  312656ms] [ERROR] Failed to load resource: the server responded with a status of 404 (Not Found) @ http://localhost:3001/assets/desktop-banner/4.webp:0
[  312881ms] [ERROR] Failed to load resource: the server responded with a status of 404 (Not Found) @ http://localhost:3001/assets/desktop-banner/2.webp:0
[  312997ms] [ERROR] Failed to load resource: the server responded with a status of 404 (Not Found) @ http://localhost:3001/assets/desktop-banner/1.webp:0
[  313081ms] [ERROR] Failed to load resource: the server responded with a status of 404 (Not Found) @ http://localhost:3001/assets/desktop-banner/2.webp:0
[  313172ms] [ERROR] Failed to load resource: the server responded with a status of 404 (Not Found) @ http://localhost:3001/assets/desktop-banner/3.webp:0
[  313257ms] [ERROR] Failed to load resource: the server responded with a status of 404 (Not Found) @ http://localhost:3001/assets/desktop-banner/4.webp:0
[  313372ms] [ERROR] Failed to load resource: the server responded with a status of 404 (Not Found) @ http://localhost:3001/assets/desktop-banner/2.webp:0
[  313606ms] [ERROR] Failed to load resource: the server responded with a status of 404 (Not Found) @ http://localhost:3001/assets/desktop-banner/3.webp:0
[  313998ms] [ERROR] Failed to load resource: the server responded with a status of 404 (Not Found) @ http://localhost:3001/assets/desktop-banner/1.webp:0
[  314081ms] [ERROR] Failed to load resource: the server responded with a status of 404 (Not Found) @ http://localhost:3001/assets/desktop-banner/2.webp:0
[  314157ms] [ERROR] Failed to load resource: the server responded with a status of 404 (Not Found) @ http://localhost:3001/assets/desktop-banner/3.webp:0
[  314270ms] [ERROR] Failed to load resource: the server responded with a status of 404 (Not Found) @ http://localhost:3001/assets/desktop-banner/4.webp:0
[  314834ms] [ERROR] Failed to load resource: the server responded with a status of 404 (Not Found) @ http://localhost:3001/assets/desktop-banner/2.webp:0
[  314907ms] [ERROR] Failed to load resource: the server responded with a status of 404 (Not Found) @ http://localhost:3001/assets/desktop-banner/3.webp:0
[  316514ms] [ERROR] Failed to load resource: the server responded with a status of 404 (Not Found) @ http://localhost:3001/assets/desktop-banner/1.webp:0
[  316606ms] [ERROR] Failed to load resource: the server responded with a status of 404 (Not Found) @ http://localhost:3001/assets/desktop-banner/2.webp:0
[  316689ms] [ERROR] Failed to load resource: the server responded with a status of 404 (Not Found) @ http://localhost:3001/assets/desktop-banner/4.webp:0
[  316765ms] [ERROR] Failed to load resource: the server responded with a status of 404 (Not Found) @ http://localhost:3001/assets/desktop-banner/3.webp:0
[  316847ms] [ERROR] Failed to load resource: the server responded with a status of 404 (Not Found) @ http://localhost:3001/assets/desktop-banner/4.webp:0
[  316999ms] [ERROR] Failed to load resource: the server responded with a status of 404 (Not Found) @ http://localhost:3001/assets/desktop-banner/1.webp:0
[  317058ms] [ERROR] Failed to load resource: the server responded with a status of 404 (Not Found) @ http://localhost:3001/assets/desktop-banner/3.webp:0
[  317121ms] [ERROR] Failed to load resource: the server responded with a status of 404 (Not Found) @ http://localhost:3001/assets/desktop-banner/2.webp:0
[  317172ms] [ERROR] Failed to load resource: the server responded with a status of 404 (Not Found) @ http://localhost:3001/assets/desktop-banner/3.webp:0
[  317289ms] [ERROR] Failed to load resource: the server responded with a status of 404 (Not Found) @ http://localhost:3001/assets/desktop-banner/4.webp:0
[  317566ms] [ERROR] Failed to load resource: the server responded with a status of 404 (Not Found) @ http://localhost:3001/assets/desktop-banner/3.webp:0
[  317642ms] [ERROR] Failed to load resource: the server responded with a status of 404 (Not Found) @ http://localhost:3001/assets/desktop-banner/4.webp:0
[  318158ms] [ERROR] Failed to load resource: the server responded with a status of 404 (Not Found) @ http://localhost:3001/assets/desktop-banner/1.webp:0
[  318275ms] [ERROR] Failed to load resource: the server responded with a status of 404 (Not Found) @ http://localhost:3001/assets/desktop-banner/2.webp:0
[  318333ms] [ERROR] Failed to load resource: the server responded with a status of 404 (Not Found) @ http://localhost:3001/assets/desktop-banner/3.webp:0
[  318438ms] [ERROR] Failed to load resource: the server responded with a status of 404 (Not Found) @ http://localhost:3001/assets/desktop-banner/4.webp:0
[  318828ms] [ERROR] Failed to load resource: the server responded with a status of 404 (Not Found) @ http://localhost:3001/assets/desktop-banner/4.webp:0
[  319588ms] [ERROR] Failed to load resource: the server responded with a status of 404 (Not Found) @ http://localhost:3001/assets/desktop-banner/1.webp:0
[  322041ms] [ERROR] Failed to load resource: the server responded with a status of 404 (Not Found) @ http://localhost:3001/assets/desktop-banner/1.webp:0
[  322179ms] [ERROR] Failed to load resource: the server responded with a status of 404 (Not Found) @ http://localhost:3001/assets/desktop-banner/2.webp:0
[  322339ms] [ERROR] Failed to load resource: the server responded with a status of 404 (Not Found) @ http://localhost:3001/assets/desktop-banner/3.webp:0
[  322490ms] [ERROR] Failed to load resource: the server responded with a status of 404 (Not Found) @ http://localhost:3001/assets/desktop-banner/4.webp:0
[  322599ms] [ERROR] Failed to load resource: the server responded with a status of 404 (Not Found) @ http://localhost:3001/assets/desktop-banner/2.webp:0
[  322755ms] [ERROR] Failed to load resource: the server responded with a status of 404 (Not Found) @ http://localhost:3001/assets/desktop-banner/1.webp:0
[  323014ms] [ERROR] Failed to load resource: the server responded with a status of 404 (Not Found) @ http://localhost:3001/assets/desktop-banner/1.webp:0
[  323088ms] [ERROR] Failed to load resource: the server responded with a status of 404 (Not Found) @ http://localhost:3001/assets/desktop-banner/2.webp:0
[  323177ms] [ERROR] Failed to load resource: the server responded with a status of 404 (Not Found) @ http://localhost:3001/assets/desktop-banner/3.webp:0
[  323273ms] [ERROR] Failed to load resource: the server responded with a status of 404 (Not Found) @ http://localhost:3001/assets/desktop-banner/4.webp:0
[  323438ms] [ERROR] Failed to load resource: the server responded with a status of 404 (Not Found) @ http://localhost:3001/assets/desktop-banner/1.webp:0
[  323538ms] [ERROR] Failed to load resource: the server responded with a status of 404 (Not Found) @ http://localhost:3001/assets/desktop-banner/2.webp:0
[  325649ms] [ERROR] Failed to load resource: the server responded with a status of 404 (Not Found) @ http://localhost:3001/assets/desktop-banner/3.webp:0
[  326524ms] [ERROR] Failed to load resource: the server responded with a status of 404 (Not Found) @ http://localhost:3001/assets/desktop-banner/1.webp:0
[  326605ms] [ERROR] Failed to load resource: the server responded with a status of 404 (Not Found) @ http://localhost:3001/assets/desktop-banner/2.webp:0
[  326672ms] [ERROR] Failed to load resource: the server responded with a status of 404 (Not Found) @ http://localhost:3001/assets/desktop-banner/3.webp:0
[  326748ms] [ERROR] Failed to load resource: the server responded with a status of 404 (Not Found) @ http://localhost:3001/assets/desktop-banner/4.webp:0
[  326855ms] [ERROR] Failed to load resource: the server responded with a status of 404 (Not Found) @ http://localhost:3001/assets/desktop-banner/2.webp:0
[  326916ms] [ERROR] Failed to load resource: the server responded with a status of 404 (Not Found) @ http://localhost:3001/assets/desktop-banner/3.webp:0
[  327196ms] [ERROR] Failed to load resource: the server responded with a status of 404 (Not Found) @ http://localhost:3001/assets/desktop-banner/1.webp:0
[  327282ms] [ERROR] Failed to load resource: the server responded with a status of 404 (Not Found) @ http://localhost:3001/assets/desktop-banner/2.webp:0
[  327349ms] [ERROR] Failed to load resource: the server responded with a status of 404 (Not Found) @ http://localhost:3001/assets/desktop-banner/3.webp:0
[  327414ms] [ERROR] Failed to load resource: the server responded with a status of 404 (Not Found) @ http://localhost:3001/assets/desktop-banner/4.webp:0
[  327541ms] [ERROR] Failed to load resource: the server responded with a status of 404 (Not Found) @ http://localhost:3001/assets/desktop-banner/3.webp:0
[  328014ms] [ERROR] Failed to load resource: the server responded with a status of 404 (Not Found) @ http://localhost:3001/assets/desktop-banner/1.webp:0
[  328066ms] [ERROR] Failed to load resource: the server responded with a status of 404 (Not Found) @ http://localhost:3001/assets/desktop-banner/2.webp:0
[  328141ms] [ERROR] Failed to load resource: the server responded with a status of 404 (Not Found) @ http://localhost:3001/assets/desktop-banner/3.webp:0
[  328214ms] [ERROR] Failed to load resource: the server responded with a status of 404 (Not Found) @ http://localhost:3001/assets/desktop-banner/4.webp:0
[  328609ms] [ERROR] Failed to load resource: the server responded with a status of 404 (Not Found) @ http://localhost:3001/assets/desktop-banner/3.webp:0
[  328680ms] [ERROR] Failed to load resource: the server responded with a status of 404 (Not Found) @ http://localhost:3001/assets/desktop-banner/4.webp:0
[  330580ms] [ERROR] Failed to load resource: the server responded with a status of 404 (Not Found) @ http://localhost:3001/assets/desktop-banner/1.webp:0
[  330642ms] [ERROR] Failed to load resource: the server responded with a status of 404 (Not Found) @ http://localhost:3001/assets/desktop-banner/2.webp:0
[  330741ms] [ERROR] Failed to load resource: the server responded with a status of 404 (Not Found) @ http://localhost:3001/assets/desktop-banner/3.webp:0
[  330798ms] [ERROR] Failed to load resource: the server responded with a status of 404 (Not Found) @ http://localhost:3001/assets/desktop-banner/4.webp:0
[  330933ms] [ERROR] Failed to load resource: the server responded with a status of 404 (Not Found) @ http://localhost:3001/assets/desktop-banner/4.webp:0
[  331007ms] [ERROR] Failed to load resource: the server responded with a status of 404 (Not Found) @ http://localhost:3001/assets/desktop-banner/1.webp:0
[  331122ms] [ERROR] Failed to load resource: the server responded with a status of 404 (Not Found) @ http://localhost:3001/assets/desktop-banner/2.webp:0
[  331239ms] [ERROR] Failed to load resource: the server responded with a status of 404 (Not Found) @ http://localhost:3001/assets/desktop-banner/3.webp:0
[  331374ms] [ERROR] Failed to load resource: the server responded with a status of 404 (Not Found) @ http://localhost:3001/assets/desktop-banner/4.webp:0
[  331586ms] [ERROR] Failed to load resource: the server responded with a status of 404 (Not Found) @ http://localhost:3001/assets/desktop-banner/4.webp:0
[  331765ms] [ERROR] Failed to load resource: the server responded with a status of 404 (Not Found) @ http://localhost:3001/assets/desktop-banner/1.webp:0
[  332006ms] [ERROR] Failed to load resource: the server responded with a status of 404 (Not Found) @ http://localhost:3001/assets/desktop-banner/1.webp:0
[  332088ms] [ERROR] Failed to load resource: the server responded with a status of 404 (Not Found) @ http://localhost:3001/assets/desktop-banner/2.webp:0
[  332155ms] [ERROR] Failed to load resource: the server responded with a status of 404 (Not Found) @ http://localhost:3001/assets/desktop-banner/3.webp:0
[  332222ms] [ERROR] Failed to load resource: the server responded with a status of 404 (Not Found) @ http://localhost:3001/assets/desktop-banner/4.webp:0
[  332360ms] [ERROR] Failed to load resource: the server responded with a status of 404 (Not Found) @ http://localhost:3001/assets/desktop-banner/4.webp:0
[  332466ms] [ERROR] Failed to load resource: the server responded with a status of 404 (Not Found) @ http://localhost:3001/assets/desktop-banner/1.webp:0
[  334660ms] [ERROR] Failed to load resource: the server responded with a status of 404 (Not Found) @ http://localhost:3001/assets/desktop-banner/2.webp:0
[  336190ms] [ERROR] Failed to load resource: the server responded with a status of 404 (Not Found) @ http://localhost:3001/assets/desktop-banner/1.webp:0
[  336256ms] [ERROR] Failed to load resource: the server responded with a status of 404 (Not Found) @ http://localhost:3001/assets/desktop-banner/2.webp:0
[  336347ms] [ERROR] Failed to load resource: the server responded with a status of 404 (Not Found) @ http://localhost:3001/assets/desktop-banner/3.webp:0
[  336424ms] [ERROR] Failed to load resource: the server responded with a status of 404 (Not Found) @ http://localhost:3001/assets/desktop-banner/4.webp:0
[  336538ms] [ERROR] Failed to load resource: the server responded with a status of 404 (Not Found) @ http://localhost:3001/assets/desktop-banner/2.webp:0
[  336981ms] [ERROR] Failed to load resource: the server responded with a status of 404 (Not Found) @ http://localhost:3001/assets/desktop-banner/1.webp:0
[  337065ms] [ERROR] Failed to load resource: the server responded with a status of 404 (Not Found) @ http://localhost:3001/assets/desktop-banner/2.webp:0
[  337148ms] [ERROR] Failed to load resource: the server responded with a status of 404 (Not Found) @ http://localhost:3001/assets/desktop-banner/3.webp:0
[  337224ms] [ERROR] Failed to load resource: the server responded with a status of 404 (Not Found) @ http://localhost:3001/assets/desktop-banner/4.webp:0
[  337347ms] [ERROR] Failed to load resource: the server responded with a status of 404 (Not Found) @ http://localhost:3001/assets/desktop-banner/2.webp:0
[  337590ms] [ERROR] Failed to load resource: the server responded with a status of 404 (Not Found) @ http://localhost:3001/assets/desktop-banner/3.webp:0
[  340497ms] [ERROR] Failed to load resource: the server responded with a status of 404 (Not Found) @ http://localhost:3001/assets/desktop-banner/1.webp:0
[  340580ms] [ERROR] Failed to load resource: the server responded with a status of 404 (Not Found) @ http://localhost:3001/assets/desktop-banner/2.webp:0
[  340631ms] [ERROR] Failed to load resource: the server responded with a status of 404 (Not Found) @ http://localhost:3001/assets/desktop-banner/4.webp:0
[  340681ms] [ERROR] Failed to load resource: the server responded with a status of 404 (Not Found) @ http://localhost:3001/assets/desktop-banner/3.webp:0
[  340739ms] [ERROR] Failed to load resource: the server responded with a status of 404 (Not Found) @ http://localhost:3001/assets/desktop-banner/4.webp:0
[  340864ms] [ERROR] Failed to load resource: the server responded with a status of 404 (Not Found) @ http://localhost:3001/assets/desktop-banner/3.webp:0
[  340990ms] [ERROR] Failed to load resource: the server responded with a status of 404 (Not Found) @ http://localhost:3001/assets/desktop-banner/1.webp:0
[  341056ms] [ERROR] Failed to load resource: the server responded with a status of 404 (Not Found) @ http://localhost:3001/assets/desktop-banner/2.webp:0
[  341115ms] [ERROR] Failed to load resource: the server responded with a status of 404 (Not Found) @ http://localhost:3001/assets/desktop-banner/3.webp:0
[  341189ms] [ERROR] Failed to load resource: the server responded with a status of 404 (Not Found) @ http://localhost:3001/assets/desktop-banner/4.webp:0
[  341300ms] [ERROR] Failed to load resource: the server responded with a status of 404 (Not Found) @ http://localhost:3001/assets/desktop-banner/3.webp:0
[  341364ms] [ERROR] Failed to load resource: the server responded with a status of 404 (Not Found) @ http://localhost:3001/assets/desktop-banner/4.webp:0
[  342185ms] [ERROR] Failed to load resource: the server responded with a status of 404 (Not Found) @ http://localhost:3001/assets/desktop-banner/1.webp:0
[  342291ms] [ERROR] Failed to load resource: the server responded with a status of 404 (Not Found) @ http://localhost:3001/assets/desktop-banner/2.webp:0
[  342355ms] [ERROR] Failed to load resource: the server responded with a status of 404 (Not Found) @ http://localhost:3001/assets/desktop-banner/3.webp:0
[  342471ms] [ERROR] Failed to load resource: the server responded with a status of 404 (Not Found) @ http://localhost:3001/assets/desktop-banner/4.webp:0
[  342899ms] [ERROR] Failed to load resource: the server responded with a status of 404 (Not Found) @ http://localhost:3001/assets/desktop-banner/4.webp:0
[  343670ms] [ERROR] Failed to load resource: the server responded with a status of 404 (Not Found) @ http://localhost:3001/assets/desktop-banner/1.webp:0
[  344539ms] [ERROR] Failed to load resource: the server responded with a status of 404 (Not Found) @ http://localhost:3001/assets/desktop-banner/1.webp:0
[  344689ms] [ERROR] Failed to load resource: the server responded with a status of 404 (Not Found) @ http://localhost:3001/assets/desktop-banner/2.webp:0
[  344796ms] [ERROR] Failed to load resource: the server responded with a status of 404 (Not Found) @ http://localhost:3001/assets/desktop-banner/3.webp:0
[  344889ms] [ERROR] Failed to load resource: the server responded with a status of 404 (Not Found) @ http://localhost:3001/assets/desktop-banner/4.webp:0
[  345125ms] [ERROR] Failed to load resource: the server responded with a status of 404 (Not Found) @ http://localhost:3001/assets/desktop-banner/4.webp:0
[  345223ms] [ERROR] Failed to load resource: the server responded with a status of 404 (Not Found) @ http://localhost:3001/assets/desktop-banner/1.webp:0
[  345314ms] [ERROR] Failed to load resource: the server responded with a status of 404 (Not Found) @ http://localhost:3001/assets/desktop-banner/1.webp:0
[  345404ms] [ERROR] Failed to load resource: the server responded with a status of 404 (Not Found) @ http://localhost:3001/assets/desktop-banner/2.webp:0
[  345521ms] [ERROR] Failed to load resource: the server responded with a status of 404 (Not Found) @ http://localhost:3001/assets/desktop-banner/3.webp:0
[  345631ms] [ERROR] Failed to load resource: the server responded with a status of 404 (Not Found) @ http://localhost:3001/assets/desktop-banner/4.webp:0
[  345856ms] [ERROR] Failed to load resource: the server responded with a status of 404 (Not Found) @ http://localhost:3001/assets/desktop-banner/1.webp:0
[  346014ms] [ERROR] Failed to load resource: the server responded with a status of 404 (Not Found) @ http://localhost:3001/assets/desktop-banner/1.webp:0
[  346112ms] [ERROR] Failed to load resource: the server responded with a status of 404 (Not Found) @ http://localhost:3001/assets/desktop-banner/2.webp:0
[  346205ms] [ERROR] Failed to load resource: the server responded with a status of 404 (Not Found) @ http://localhost:3001/assets/desktop-banner/3.webp:0
[  346292ms] [ERROR] Failed to load resource: the server responded with a status of 404 (Not Found) @ http://localhost:3001/assets/desktop-banner/4.webp:0
[  346683ms] [ERROR] Failed to load resource: the server responded with a status of 404 (Not Found) @ http://localhost:3001/assets/desktop-banner/2.webp:0
[  346847ms] [ERROR] Failed to load resource: the server responded with a status of 404 (Not Found) @ http://localhost:3001/assets/desktop-banner/1.webp:0
[  349644ms] [ERROR] Failed to load resource: the server responded with a status of 404 (Not Found) @ http://localhost:3001/assets/desktop-banner/3.webp:0
[  350022ms] [ERROR] Failed to load resource: the server responded with a status of 404 (Not Found) @ http://localhost:3001/assets/desktop-banner/1.webp:0
[  350083ms] [ERROR] Failed to load resource: the server responded with a status of 404 (Not Found) @ http://localhost:3001/assets/desktop-banner/2.webp:0
[  350147ms] [ERROR] Failed to load resource: the server responded with a status of 404 (Not Found) @ http://localhost:3001/assets/desktop-banner/3.webp:0
[  350199ms] [ERROR] Failed to load resource: the server responded with a status of 404 (Not Found) @ http://localhost:3001/assets/desktop-banner/4.webp:0
[  350306ms] [ERROR] Failed to load resource: the server responded with a status of 404 (Not Found) @ http://localhost:3001/assets/desktop-banner/2.webp:0
[  350373ms] [ERROR] Failed to load resource: the server responded with a status of 404 (Not Found) @ http://localhost:3001/assets/desktop-banner/3.webp:0
[  351163ms] [ERROR] Failed to load resource: the server responded with a status of 404 (Not Found) @ http://localhost:3001/assets/desktop-banner/1.webp:0
[  351230ms] [ERROR] Failed to load resource: the server responded with a status of 404 (Not Found) @ http://localhost:3001/assets/desktop-banner/2.webp:0
[  351288ms] [ERROR] Failed to load resource: the server responded with a status of 404 (Not Found) @ http://localhost:3001/assets/desktop-banner/3.webp:0
[  351347ms] [ERROR] Failed to load resource: the server responded with a status of 404 (Not Found) @ http://localhost:3001/assets/desktop-banner/4.webp:0
[  351464ms] [ERROR] Failed to load resource: the server responded with a status of 404 (Not Found) @ http://localhost:3001/assets/desktop-banner/3.webp:0
[  352634ms] [ERROR] Failed to load resource: the server responded with a status of 404 (Not Found) @ http://localhost:3001/assets/desktop-banner/4.webp:0
[  354478ms] [ERROR] Failed to load resource: the server responded with a status of 404 (Not Found) @ http://localhost:3001/assets/desktop-banner/1.webp:0
[  354630ms] [ERROR] Failed to load resource: the server responded with a status of 404 (Not Found) @ http://localhost:3001/assets/desktop-banner/2.webp:0
[  354748ms] [ERROR] Failed to load resource: the server responded with a status of 404 (Not Found) @ http://localhost:3001/assets/desktop-banner/3.webp:0
[  354807ms] [ERROR] Failed to load resource: the server responded with a status of 404 (Not Found) @ http://localhost:3001/assets/desktop-banner/4.webp:0
[  354957ms] [ERROR] Failed to load resource: the server responded with a status of 404 (Not Found) @ http://localhost:3001/assets/desktop-banner/4.webp:0
[  355049ms] [ERROR] Failed to load resource: the server responded with a status of 404 (Not Found) @ http://localhost:3001/assets/desktop-banner/1.webp:0
[  355148ms] [ERROR] Failed to load resource: the server responded with a status of 404 (Not Found) @ http://localhost:3001/assets/desktop-banner/2.webp:0
[  355222ms] [ERROR] Failed to load resource: the server responded with a status of 404 (Not Found) @ http://localhost:3001/assets/desktop-banner/3.webp:0
[  355289ms] [ERROR] Failed to load resource: the server responded with a status of 404 (Not Found) @ http://localhost:3001/assets/desktop-banner/4.webp:0
[  355464ms] [ERROR] Failed to load resource: the server responded with a status of 404 (Not Found) @ http://localhost:3001/assets/desktop-banner/4.webp:0
[  355598ms] [ERROR] Failed to load resource: the server responded with a status of 404 (Not Found) @ http://localhost:3001/assets/desktop-banner/1.webp:0
[  356008ms] [ERROR] Failed to load resource: the server responded with a status of 404 (Not Found) @ http://localhost:3001/assets/desktop-banner/1.webp:0
[  356087ms] [ERROR] Failed to load resource: the server responded with a status of 404 (Not Found) @ http://localhost:3001/assets/desktop-banner/2.webp:0
[  356173ms] [ERROR] Failed to load resource: the server responded with a status of 404 (Not Found) @ http://localhost:3001/assets/desktop-banner/3.webp:0
[  356256ms] [ERROR] Failed to load resource: the server responded with a status of 404 (Not Found) @ http://localhost:3001/assets/desktop-banner/4.webp:0
[  356713ms] [ERROR] Failed to load resource: the server responded with a status of 404 (Not Found) @ http://localhost:3001/assets/desktop-banner/4.webp:0
[  356790ms] [ERROR] Failed to load resource: the server responded with a status of 404 (Not Found) @ http://localhost:3001/assets/desktop-banner/1.webp:0
[  358597ms] [ERROR] Failed to load resource: the server responded with a status of 404 (Not Found) @ http://localhost:3001/assets/desktop-banner/1.webp:0
[  358705ms] [ERROR] Failed to load resource: the server responded with a status of 404 (Not Found) @ http://localhost:3001/assets/desktop-banner/2.webp:0
[  358797ms] [ERROR] Failed to load resource: the server responded with a status of 404 (Not Found) @ http://localhost:3001/assets/desktop-banner/2.webp:0
[  358964ms] [ERROR] Failed to load resource: the server responded with a status of 404 (Not Found) @ http://localhost:3001/assets/desktop-banner/3.webp:0
[  359039ms] [ERROR] Failed to load resource: the server responded with a status of 404 (Not Found) @ http://localhost:3001/assets/desktop-banner/1.webp:0
[  359106ms] [ERROR] Failed to load resource: the server responded with a status of 404 (Not Found) @ http://localhost:3001/assets/desktop-banner/4.webp:0
[  359173ms] [ERROR] Failed to load resource: the server responded with a status of 404 (Not Found) @ http://localhost:3001/assets/desktop-banner/2.webp:0
[  359307ms] [ERROR] Failed to load resource: the server responded with a status of 404 (Not Found) @ http://localhost:3001/assets/desktop-banner/3.webp:0
[  359467ms] [ERROR] Failed to load resource: the server responded with a status of 404 (Not Found) @ http://localhost:3001/assets/desktop-banner/4.webp:0
[  359566ms] [ERROR] Failed to load resource: the server responded with a status of 404 (Not Found) @ http://localhost:3001/assets/desktop-banner/1.webp:0
[  359658ms] [ERROR] Failed to load resource: the server responded with a status of 404 (Not Found) @ http://localhost:3001/assets/desktop-banner/1.webp:0
[  359738ms] [ERROR] Failed to load resource: the server responded with a status of 404 (Not Found) @ http://localhost:3001/assets/desktop-banner/2.webp:0
[  360155ms] [ERROR] Failed to load resource: the server responded with a status of 404 (Not Found) @ http://localhost:3001/assets/desktop-banner/1.webp:0
[  360261ms] [ERROR] Failed to load resource: the server responded with a status of 404 (Not Found) @ http://localhost:3001/assets/desktop-banner/2.webp:0
[  360373ms] [ERROR] Failed to load resource: the server responded with a status of 404 (Not Found) @ http://localhost:3001/assets/desktop-banner/3.webp:0
[  360498ms] [ERROR] Failed to load resource: the server responded with a status of 404 (Not Found) @ http://localhost:3001/assets/desktop-banner/4.webp:0
[  361091ms] [ERROR] Failed to load resource: the server responded with a status of 404 (Not Found) @ http://localhost:3001/assets/desktop-banner/2.webp:0
[  361641ms] [ERROR] Failed to load resource: the server responded with a status of 404 (Not Found) @ http://localhost:3001/assets/desktop-banner/3.webp:0
[  364074ms] [ERROR] Failed to load resource: the server responded with a status of 404 (Not Found) @ http://localhost:3001/assets/desktop-banner/1.webp:0
[  364156ms] [ERROR] Failed to load resource: the server responded with a status of 404 (Not Found) @ http://localhost:3001/assets/desktop-banner/2.webp:0
[  364256ms] [ERROR] Failed to load resource: the server responded with a status of 404 (Not Found) @ http://localhost:3001/assets/desktop-banner/3.webp:0
[  364357ms] [ERROR] Failed to load resource: the server responded with a status of 404 (Not Found) @ http://localhost:3001/assets/desktop-banner/4.webp:0
[  364578ms] [ERROR] Failed to load resource: the server responded with a status of 404 (Not Found) @ http://localhost:3001/assets/desktop-banner/3.webp:0
[  364609ms] [ERROR] Failed to load resource: the server responded with a status of 404 (Not Found) @ http://localhost:3001/assets/desktop-banner/4.webp:0
[  364990ms] [ERROR] Failed to load resource: the server responded with a status of 404 (Not Found) @ http://localhost:3001/assets/desktop-banner/1.webp:0
[  365055ms] [ERROR] Failed to load resource: the server responded with a status of 404 (Not Found) @ http://localhost:3001/assets/desktop-banner/2.webp:0
[  365114ms] [ERROR] Failed to load resource: the server responded with a status of 404 (Not Found) @ http://localhost:3001/assets/desktop-banner/3.webp:0
[  365182ms] [ERROR] Failed to load resource: the server responded with a status of 404 (Not Found) @ http://localhost:3001/assets/desktop-banner/4.webp:0
[  365297ms] [ERROR] Failed to load resource: the server responded with a status of 404 (Not Found) @ http://localhost:3001/assets/desktop-banner/3.webp:0
[  365363ms] [ERROR] Failed to load resource: the server responded with a status of 404 (Not Found) @ http://localhost:3001/assets/desktop-banner/4.webp:0
[  367697ms] [ERROR] Failed to load resource: the server responded with a status of 404 (Not Found) @ http://localhost:3001/assets/desktop-banner/1.webp:0
[  368513ms] [ERROR] Failed to load resource: the server responded with a status of 404 (Not Found) @ http://localhost:3001/assets/desktop-banner/1.webp:0
[  368594ms] [ERROR] Failed to load resource: the server responded with a status of 404 (Not Found) @ http://localhost:3001/assets/desktop-banner/2.webp:0
[  368652ms] [ERROR] Failed to load resource: the server responded with a status of 404 (Not Found) @ http://localhost:3001/assets/desktop-banner/3.webp:0
[  368730ms] [ERROR] Failed to load resource: the server responded with a status of 404 (Not Found) @ http://localhost:3001/assets/desktop-banner/4.webp:0
[  368869ms] [ERROR] Failed to load resource: the server responded with a status of 404 (Not Found) @ http://localhost:3001/assets/desktop-banner/4.webp:0
[  368923ms] [ERROR] Failed to load resource: the server responded with a status of 404 (Not Found) @ http://localhost:3001/assets/desktop-banner/1.webp:0
[  369231ms] [ERROR] Failed to load resource: the server responded with a status of 404 (Not Found) @ http://localhost:3001/assets/desktop-banner/1.webp:0
[  369307ms] [ERROR] Failed to load resource: the server responded with a status of 404 (Not Found) @ http://localhost:3001/assets/desktop-banner/2.webp:0
[  369380ms] [ERROR] Failed to load resource: the server responded with a status of 404 (Not Found) @ http://localhost:3001/assets/desktop-banner/3.webp:0
[  369463ms] [ERROR] Failed to load resource: the server responded with a status of 404 (Not Found) @ http://localhost:3001/assets/desktop-banner/4.webp:0
[  369613ms] [ERROR] Failed to load resource: the server responded with a status of 404 (Not Found) @ http://localhost:3001/assets/desktop-banner/1.webp:0
[  370032ms] [ERROR] Failed to load resource: the server responded with a status of 404 (Not Found) @ http://localhost:3001/assets/desktop-banner/1.webp:0
[  370156ms] [ERROR] Failed to load resource: the server responded with a status of 404 (Not Found) @ http://localhost:3001/assets/desktop-banner/2.webp:0
[  370213ms] [ERROR] Failed to load resource: the server responded with a status of 404 (Not Found) @ http://localhost:3001/assets/desktop-banner/3.webp:0
[  370313ms] [ERROR] Failed to load resource: the server responded with a status of 404 (Not Found) @ http://localhost:3001/assets/desktop-banner/4.webp:0
[  370671ms] [ERROR] Failed to load resource: the server responded with a status of 404 (Not Found) @ http://localhost:3001/assets/desktop-banner/2.webp:0
[  370793ms] [ERROR] Failed to load resource: the server responded with a status of 404 (Not Found) @ http://localhost:3001/assets/desktop-banner/1.webp:0
[  372512ms] [ERROR] Failed to load resource: the server responded with a status of 404 (Not Found) @ http://localhost:3001/assets/desktop-banner/1.webp:0
[  372571ms] [ERROR] Failed to load resource: the server responded with a status of 404 (Not Found) @ http://localhost:3001/assets/desktop-banner/2.webp:0
[  372631ms] [ERROR] Failed to load resource: the server responded with a status of 404 (Not Found) @ http://localhost:3001/assets/desktop-banner/3.webp:0
[  372723ms] [ERROR] Failed to load resource: the server responded with a status of 404 (Not Found) @ http://localhost:3001/assets/desktop-banner/4.webp:0
[  372838ms] [ERROR] Failed to load resource: the server responded with a status of 404 (Not Found) @ http://localhost:3001/assets/desktop-banner/2.webp:0
[  372988ms] [ERROR] Failed to load resource: the server responded with a status of 404 (Not Found) @ http://localhost:3001/assets/desktop-banner/1.webp:0
[  373054ms] [ERROR] Failed to load resource: the server responded with a status of 404 (Not Found) @ http://localhost:3001/assets/desktop-banner/2.webp:0
[  373112ms] [ERROR] Failed to load resource: the server responded with a status of 404 (Not Found) @ http://localhost:3001/assets/desktop-banner/3.webp:0
[  373181ms] [ERROR] Failed to load resource: the server responded with a status of 404 (Not Found) @ http://localhost:3001/assets/desktop-banner/4.webp:0
[  373290ms] [ERROR] Failed to load resource: the server responded with a status of 404 (Not Found) @ http://localhost:3001/assets/desktop-banner/2.webp:0
[  373580ms] [ERROR] Failed to load resource: the server responded with a status of 404 (Not Found) @ http://localhost:3001/assets/desktop-banner/3.webp:0
[  374020ms] [ERROR] Failed to load resource: the server responded with a status of 404 (Not Found) @ http://localhost:3001/assets/desktop-banner/1.webp:0
[  374087ms] [ERROR] Failed to load resource: the server responded with a status of 404 (Not Found) @ http://localhost:3001/assets/desktop-banner/2.webp:0
[  374139ms] [ERROR] Failed to load resource: the server responded with a status of 404 (Not Found) @ http://localhost:3001/assets/desktop-banner/3.webp:0
[  374222ms] [ERROR] Failed to load resource: the server responded with a status of 404 (Not Found) @ http://localhost:3001/assets/desktop-banner/4.webp:0
[  374329ms] [ERROR] Failed to load resource: the server responded with a status of 404 (Not Found) @ http://localhost:3001/assets/desktop-banner/2.webp:0
[  374387ms] [ERROR] Failed to load resource: the server responded with a status of 404 (Not Found) @ http://localhost:3001/assets/desktop-banner/3.webp:0
[  376668ms] [ERROR] Failed to load resource: the server responded with a status of 404 (Not Found) @ http://localhost:3001/assets/desktop-banner/4.webp:0
[  378206ms] [ERROR] Failed to load resource: the server responded with a status of 404 (Not Found) @ http://localhost:3001/assets/desktop-banner/1.webp:0
[  378272ms] [ERROR] Failed to load resource: the server responded with a status of 404 (Not Found) @ http://localhost:3001/assets/desktop-banner/2.webp:0
[  378347ms] [ERROR] Failed to load resource: the server responded with a status of 404 (Not Found) @ http://localhost:3001/assets/desktop-banner/3.webp:0
[  378405ms] [ERROR] Failed to load resource: the server responded with a status of 404 (Not Found) @ http://localhost:3001/assets/desktop-banner/4.webp:0
[  378505ms] [ERROR] Failed to load resource: the server responded with a status of 404 (Not Found) @ http://localhost:3001/assets/desktop-banner/4.webp:0
[  378971ms] [ERROR] Failed to load resource: the server responded with a status of 404 (Not Found) @ http://localhost:3001/assets/desktop-banner/1.webp:0
[  379030ms] [ERROR] Failed to load resource: the server responded with a status of 404 (Not Found) @ http://localhost:3001/assets/desktop-banner/2.webp:0
[  379080ms] [ERROR] Failed to load resource: the server responded with a status of 404 (Not Found) @ http://localhost:3001/assets/desktop-banner/3.webp:0
[  379147ms] [ERROR] Failed to load resource: the server responded with a status of 404 (Not Found) @ http://localhost:3001/assets/desktop-banner/4.webp:0
[  379473ms] [ERROR] Failed to load resource: the server responded with a status of 404 (Not Found) @ http://localhost:3001/assets/desktop-banner/4.webp:0
[  379875ms] [ERROR] Failed to load resource: the server responded with a status of 404 (Not Found) @ http://localhost:3001/assets/desktop-banner/1.webp:0
[  382577ms] [ERROR] Failed to load resource: the server responded with a status of 404 (Not Found) @ http://localhost:3001/assets/desktop-banner/1.webp:0
[  382631ms] [ERROR] Failed to load resource: the server responded with a status of 404 (Not Found) @ http://localhost:3001/assets/desktop-banner/2.webp:0
[  382672ms] [ERROR] Failed to load resource: the server responded with a status of 404 (Not Found) @ http://localhost:3001/assets/desktop-banner/2.webp:0
[  382739ms] [ERROR] Failed to load resource: the server responded with a status of 404 (Not Found) @ http://localhost:3001/assets/desktop-banner/3.webp:0
[  382804ms] [ERROR] Failed to load resource: the server responded with a status of 404 (Not Found) @ http://localhost:3001/assets/desktop-banner/4.webp:0
[  382941ms] [ERROR] Failed to load resource: the server responded with a status of 404 (Not Found) @ http://localhost:3001/assets/desktop-banner/1.webp:0
[  382988ms] [ERROR] Failed to load resource: the server responded with a status of 404 (Not Found) @ http://localhost:3001/assets/desktop-banner/1.webp:0
[  383056ms] [ERROR] Failed to load resource: the server responded with a status of 404 (Not Found) @ http://localhost:3001/assets/desktop-banner/2.webp:0
[  383123ms] [ERROR] Failed to load resource: the server responded with a status of 404 (Not Found) @ http://localhost:3001/assets/desktop-banner/3.webp:0
[  383189ms] [ERROR] Failed to load resource: the server responded with a status of 404 (Not Found) @ http://localhost:3001/assets/desktop-banner/4.webp:0
[  383323ms] [ERROR] Failed to load resource: the server responded with a status of 404 (Not Found) @ http://localhost:3001/assets/desktop-banner/1.webp:0
[  383390ms] [ERROR] Failed to load resource: the server responded with a status of 404 (Not Found) @ http://localhost:3001/assets/desktop-banner/2.webp:0
[  384148ms] [ERROR] Failed to load resource: the server responded with a status of 404 (Not Found) @ http://localhost:3001/assets/desktop-banner/1.webp:0
[  384237ms] [ERROR] Failed to load resource: the server responded with a status of 404 (Not Found) @ http://localhost:3001/assets/desktop-banner/2.webp:0
[  384296ms] [ERROR] Failed to load resource: the server responded with a status of 404 (Not Found) @ http://localhost:3001/assets/desktop-banner/3.webp:0
[  384357ms] [ERROR] Failed to load resource: the server responded with a status of 404 (Not Found) @ http://localhost:3001/assets/desktop-banner/4.webp:0
[  384793ms] [ERROR] Failed to load resource: the server responded with a status of 404 (Not Found) @ http://localhost:3001/assets/desktop-banner/2.webp:0
[  385617ms] [ERROR] Failed to load resource: the server responded with a status of 404 (Not Found) @ http://localhost:3001/assets/desktop-banner/3.webp:0
[  386571ms] [ERROR] Failed to load resource: the server responded with a status of 404 (Not Found) @ http://localhost:3001/assets/desktop-banner/1.webp:0
[  386646ms] [ERROR] Failed to load resource: the server responded with a status of 404 (Not Found) @ http://localhost:3001/assets/desktop-banner/2.webp:0
[  386712ms] [ERROR] Failed to load resource: the server responded with a status of 404 (Not Found) @ http://localhost:3001/assets/desktop-banner/3.webp:0
[  386772ms] [ERROR] Failed to load resource: the server responded with a status of 404 (Not Found) @ http://localhost:3001/assets/desktop-banner/4.webp:0
[  386932ms] [ERROR] Failed to load resource: the server responded with a status of 404 (Not Found) @ http://localhost:3001/assets/desktop-banner/2.webp:0
[  386988ms] [ERROR] Failed to load resource: the server responded with a status of 404 (Not Found) @ http://localhost:3001/assets/desktop-banner/3.webp:0
[  387137ms] [ERROR] Failed to load resource: the server responded with a status of 404 (Not Found) @ http://localhost:3001/assets/desktop-banner/1.webp:0
[  387195ms] [ERROR] Failed to load resource: the server responded with a status of 404 (Not Found) @ http://localhost:3001/assets/desktop-banner/2.webp:0
[  387255ms] [ERROR] Failed to load resource: the server responded with a status of 404 (Not Found) @ http://localhost:3001/assets/desktop-banner/3.webp:0
[  387322ms] [ERROR] Failed to load resource: the server responded with a status of 404 (Not Found) @ http://localhost:3001/assets/desktop-banner/4.webp:0
[  387431ms] [ERROR] Failed to load resource: the server responded with a status of 404 (Not Found) @ http://localhost:3001/assets/desktop-banner/3.webp:0
[  387997ms] [ERROR] Failed to load resource: the server responded with a status of 404 (Not Found) @ http://localhost:3001/assets/desktop-banner/1.webp:0
[  388072ms] [ERROR] Failed to load resource: the server responded with a status of 404 (Not Found) @ http://localhost:3001/assets/desktop-banner/2.webp:0
[  388139ms] [ERROR] Failed to load resource: the server responded with a status of 404 (Not Found) @ http://localhost:3001/assets/desktop-banner/3.webp:0
[  388214ms] [ERROR] Failed to load resource: the server responded with a status of 404 (Not Found) @ http://localhost:3001/assets/desktop-banner/4.webp:0
[  388414ms] [ERROR] Failed to load resource: the server responded with a status of 404 (Not Found) @ http://localhost:3001/assets/desktop-banner/3.webp:0
[  388611ms] [ERROR] Failed to load resource: the server responded with a status of 404 (Not Found) @ http://localhost:3001/assets/desktop-banner/4.webp:0
[  391572ms] [ERROR] Failed to load resource: the server responded with a status of 404 (Not Found) @ http://localhost:3001/assets/desktop-banner/1.webp:0
[  392146ms] [ERROR] Failed to load resource: the server responded with a status of 404 (Not Found) @ http://localhost:3001/assets/desktop-banner/1.webp:0
[  392221ms] [ERROR] Failed to load resource: the server responded with a status of 404 (Not Found) @ http://localhost:3001/assets/desktop-banner/2.webp:0
[  392298ms] [ERROR] Failed to load resource: the server responded with a status of 404 (Not Found) @ http://localhost:3001/assets/desktop-banner/3.webp:0
[  392355ms] [ERROR] Failed to load resource: the server responded with a status of 404 (Not Found) @ http://localhost:3001/assets/desktop-banner/4.webp:0
[  392496ms] [ERROR] Failed to load resource: the server responded with a status of 404 (Not Found) @ http://localhost:3001/assets/desktop-banner/4.webp:0
[  392556ms] [ERROR] Failed to load resource: the server responded with a status of 404 (Not Found) @ http://localhost:3001/assets/desktop-banner/1.webp:0
[  393173ms] [ERROR] Failed to load resource: the server responded with a status of 404 (Not Found) @ http://localhost:3001/assets/desktop-banner/1.webp:0
[  393238ms] [ERROR] Failed to load resource: the server responded with a status of 404 (Not Found) @ http://localhost:3001/assets/desktop-banner/2.webp:0
[  393304ms] [ERROR] Failed to load resource: the server responded with a status of 404 (Not Found) @ http://localhost:3001/assets/desktop-banner/3.webp:0
[  393413ms] [ERROR] Failed to load resource: the server responded with a status of 404 (Not Found) @ http://localhost:3001/assets/desktop-banner/4.webp:0
[  393530ms] [ERROR] Failed to load resource: the server responded with a status of 404 (Not Found) @ http://localhost:3001/assets/desktop-banner/1.webp:0
[  394062ms] [ERROR] Failed to load resource: the server responded with a status of 404 (Not Found) @ http://localhost:3001/assets/desktop-banner/1.webp:0
[  394170ms] [ERROR] Failed to load resource: the server responded with a status of 404 (Not Found) @ http://localhost:3001/assets/desktop-banner/2.webp:0
[  394281ms] [ERROR] Failed to load resource: the server responded with a status of 404 (Not Found) @ http://localhost:3001/assets/desktop-banner/3.webp:0
[  394390ms] [ERROR] Failed to load resource: the server responded with a status of 404 (Not Found) @ http://localhost:3001/assets/desktop-banner/4.webp:0
[  394629ms] [ERROR] Failed to load resource: the server responded with a status of 404 (Not Found) @ http://localhost:3001/assets/desktop-banner/2.webp:0
[  394811ms] [ERROR] Failed to load resource: the server responded with a status of 404 (Not Found) @ http://localhost:3001/assets/desktop-banner/1.webp:0
[  396722ms] [ERROR] Failed to load resource: the server responded with a status of 404 (Not Found) @ http://localhost:3001/assets/desktop-banner/1.webp:0
[  396796ms] [ERROR] Failed to load resource: the server responded with a status of 404 (Not Found) @ http://localhost:3001/assets/desktop-banner/2.webp:0
[  396950ms] [ERROR] Failed to load resource: the server responded with a status of 404 (Not Found) @ http://localhost:3001/assets/desktop-banner/3.webp:0
[  397021ms] [ERROR] Failed to load resource: the server responded with a status of 404 (Not Found) @ http://localhost:3001/assets/desktop-banner/1.webp:0
[  397075ms] [ERROR] Failed to load resource: the server responded with a status of 404 (Not Found) @ http://localhost:3001/assets/desktop-banner/4.webp:0
[  397130ms] [ERROR] Failed to load resource: the server responded with a status of 404 (Not Found) @ http://localhost:3001/assets/desktop-banner/2.webp:0
[  397196ms] [ERROR] Failed to load resource: the server responded with a status of 404 (Not Found) @ http://localhost:3001/assets/desktop-banner/3.webp:0
[  397288ms] [ERROR] Failed to load resource: the server responded with a status of 404 (Not Found) @ http://localhost:3001/assets/desktop-banner/4.webp:0
[  397357ms] [ERROR] Failed to load resource: the server responded with a status of 404 (Not Found) @ http://localhost:3001/assets/desktop-banner/2.webp:0
[  397462ms] [ERROR] Failed to load resource: the server responded with a status of 404 (Not Found) @ http://localhost:3001/assets/desktop-banner/2.webp:0
[  397584ms] [ERROR] Failed to load resource: the server responded with a status of 404 (Not Found) @ http://localhost:3001/assets/desktop-banner/3.webp:0
[  397990ms] [ERROR] Failed to load resource: the server responded with a status of 404 (Not Found) @ http://localhost:3001/assets/desktop-banner/1.webp:0
[  398054ms] [ERROR] Failed to load resource: the server responded with a status of 404 (Not Found) @ http://localhost:3001/assets/desktop-banner/2.webp:0
[  398112ms] [ERROR] Failed to load resource: the server responded with a status of 404 (Not Found) @ http://localhost:3001/assets/desktop-banner/3.webp:0
[  398163ms] [ERROR] Failed to load resource: the server responded with a status of 404 (Not Found) @ http://localhost:3001/assets/desktop-banner/4.webp:0
[  398272ms] [ERROR] Failed to load resource: the server responded with a status of 404 (Not Found) @ http://localhost:3001/assets/desktop-banner/2.webp:0
[  398407ms] [ERROR] Failed to load resource: the server responded with a status of 404 (Not Found) @ http://localhost:3001/assets/desktop-banner/3.webp:0
[  400588ms] [ERROR] Failed to load resource: the server responded with a status of 404 (Not Found) @ http://localhost:3001/assets/desktop-banner/4.webp:0
[  400979ms] [ERROR] Failed to load resource: the server responded with a status of 404 (Not Found) @ http://localhost:3001/assets/desktop-banner/1.webp:0
[  401065ms] [ERROR] Failed to load resource: the server responded with a status of 404 (Not Found) @ http://localhost:3001/assets/desktop-banner/2.webp:0
[  401120ms] [ERROR] Failed to load resource: the server responded with a status of 404 (Not Found) @ http://localhost:3001/assets/desktop-banner/3.webp:0
[  401170ms] [ERROR] Failed to load resource: the server responded with a status of 404 (Not Found) @ http://localhost:3001/assets/desktop-banner/4.webp:0
[  401281ms] [ERROR] Failed to load resource: the server responded with a status of 404 (Not Found) @ http://localhost:3001/assets/desktop-banner/3.webp:0
[  401337ms] [ERROR] Failed to load resource: the server responded with a status of 404 (Not Found) @ http://localhost:3001/assets/desktop-banner/4.webp:0
[  402137ms] [ERROR] Failed to load resource: the server responded with a status of 404 (Not Found) @ http://localhost:3001/assets/desktop-banner/1.webp:0
[  402204ms] [ERROR] Failed to load resource: the server responded with a status of 404 (Not Found) @ http://localhost:3001/assets/desktop-banner/2.webp:0
[  402253ms] [ERROR] Failed to load resource: the server responded with a status of 404 (Not Found) @ http://localhost:3001/assets/desktop-banner/3.webp:0
[  402312ms] [ERROR] Failed to load resource: the server responded with a status of 404 (Not Found) @ http://localhost:3001/assets/desktop-banner/4.webp:0
[  402422ms] [ERROR] Failed to load resource: the server responded with a status of 404 (Not Found) @ http://localhost:3001/assets/desktop-banner/4.webp:0
[  403620ms] [ERROR] Failed to load resource: the server responded with a status of 404 (Not Found) @ http://localhost:3001/assets/desktop-banner/1.webp:0
[  406138ms] [ERROR] Failed to load resource: the server responded with a status of 404 (Not Found) @ http://localhost:3001/assets/desktop-banner/1.webp:0
[  406213ms] [ERROR] Failed to load resource: the server responded with a status of 404 (Not Found) @ http://localhost:3001/assets/desktop-banner/2.webp:0
[  406282ms] [ERROR] Failed to load resource: the server responded with a status of 404 (Not Found) @ http://localhost:3001/assets/desktop-banner/3.webp:0
[  406355ms] [ERROR] Failed to load resource: the server responded with a status of 404 (Not Found) @ http://localhost:3001/assets/desktop-banner/4.webp:0
[  406482ms] [ERROR] Failed to load resource: the server responded with a status of 404 (Not Found) @ http://localhost:3001/assets/desktop-banner/1.webp:0
[  406592ms] [ERROR] Failed to load resource: the server responded with a status of 404 (Not Found) @ http://localhost:3001/assets/desktop-banner/2.webp:0
[  407146ms] [ERROR] Failed to load resource: the server responded with a status of 404 (Not Found) @ http://localhost:3001/assets/desktop-banner/1.webp:0
[  407221ms] [ERROR] Failed to load resource: the server responded with a status of 404 (Not Found) @ http://localhost:3001/assets/desktop-banner/2.webp:0
[  407354ms] [ERROR] Failed to load resource: the server responded with a status of 404 (Not Found) @ http://localhost:3001/assets/desktop-banner/3.webp:0
[  407530ms] [ERROR] Failed to load resource: the server responded with a status of 404 (Not Found) @ http://localhost:3001/assets/desktop-banner/4.webp:0
[  407747ms] [ERROR] Failed to load resource: the server responded with a status of 404 (Not Found) @ http://localhost:3001/assets/desktop-banner/1.webp:0
[  407833ms] [ERROR] Failed to load resource: the server responded with a status of 404 (Not Found) @ http://localhost:3001/assets/desktop-banner/2.webp:0
[  409575ms] [ERROR] Failed to load resource: the server responded with a status of 404 (Not Found) @ http://localhost:3001/assets/desktop-banner/3.webp:0
[  410579ms] [ERROR] Failed to load resource: the server responded with a status of 404 (Not Found) @ http://localhost:3001/assets/desktop-banner/1.webp:0
[  410664ms] [ERROR] Failed to load resource: the server responded with a status of 404 (Not Found) @ http://localhost:3001/assets/desktop-banner/2.webp:0
[  410732ms] [ERROR] Failed to load resource: the server responded with a status of 404 (Not Found) @ http://localhost:3001/assets/desktop-banner/3.webp:0
[  410836ms] [ERROR] Failed to load resource: the server responded with a status of 404 (Not Found) @ http://localhost:3001/assets/desktop-banner/4.webp:0
[  410955ms] [ERROR] Failed to load resource: the server responded with a status of 404 (Not Found) @ http://localhost:3001/assets/desktop-banner/2.webp:0
[  411014ms] [ERROR] Failed to load resource: the server responded with a status of 404 (Not Found) @ http://localhost:3001/assets/desktop-banner/3.webp:0
[  411138ms] [ERROR] Failed to load resource: the server responded with a status of 404 (Not Found) @ http://localhost:3001/assets/desktop-banner/1.webp:0
[  411195ms] [ERROR] Failed to load resource: the server responded with a status of 404 (Not Found) @ http://localhost:3001/assets/desktop-banner/2.webp:0
[  411247ms] [ERROR] Failed to load resource: the server responded with a status of 404 (Not Found) @ http://localhost:3001/assets/desktop-banner/3.webp:0
[  411304ms] [ERROR] Failed to load resource: the server responded with a status of 404 (Not Found) @ http://localhost:3001/assets/desktop-banner/4.webp:0
[  411405ms] [ERROR] Failed to load resource: the server responded with a status of 404 (Not Found) @ http://localhost:3001/assets/desktop-banner/3.webp:0
[  412020ms] [ERROR] Failed to load resource: the server responded with a status of 404 (Not Found) @ http://localhost:3001/assets/desktop-banner/1.webp:0
[  412146ms] [ERROR] Failed to load resource: the server responded with a status of 404 (Not Found) @ http://localhost:3001/assets/desktop-banner/2.webp:0
[  412282ms] [ERROR] Failed to load resource: the server responded with a status of 404 (Not Found) @ http://localhost:3001/assets/desktop-banner/3.webp:0
[  412477ms] [ERROR] Failed to load resource: the server responded with a status of 404 (Not Found) @ http://localhost:3001/assets/desktop-banner/4.webp:0
[  412649ms] [ERROR] Failed to load resource: the server responded with a status of 404 (Not Found) @ http://localhost:3001/assets/desktop-banner/4.webp:0
[  412921ms] [ERROR] Failed to load resource: the server responded with a status of 404 (Not Found) @ http://localhost:3001/assets/desktop-banner/3.webp:0
[  414978ms] [ERROR] Failed to load resource: the server responded with a status of 404 (Not Found) @ http://localhost:3001/assets/desktop-banner/1.webp:0
[  415037ms] [ERROR] Failed to load resource: the server responded with a status of 404 (Not Found) @ http://localhost:3001/assets/desktop-banner/2.webp:0
[  415112ms] [ERROR] Failed to load resource: the server responded with a status of 404 (Not Found) @ http://localhost:3001/assets/desktop-banner/3.webp:0
[  415171ms] [ERROR] Failed to load resource: the server responded with a status of 404 (Not Found) @ http://localhost:3001/assets/desktop-banner/4.webp:0
[  415287ms] [ERROR] Failed to load resource: the server responded with a status of 404 (Not Found) @ http://localhost:3001/assets/desktop-banner/4.webp:0
[  415574ms] [ERROR] Failed to load resource: the server responded with a status of 404 (Not Found) @ http://localhost:3001/assets/desktop-banner/1.webp:0
[  415971ms] [ERROR] Failed to load resource: the server responded with a status of 404 (Not Found) @ http://localhost:3001/assets/desktop-banner/1.webp:0
[  416055ms] [ERROR] Failed to load resource: the server responded with a status of 404 (Not Found) @ http://localhost:3001/assets/desktop-banner/2.webp:0
[  416122ms] [ERROR] Failed to load resource: the server responded with a status of 404 (Not Found) @ http://localhost:3001/assets/desktop-banner/3.webp:0
[  416186ms] [ERROR] Failed to load resource: the server responded with a status of 404 (Not Found) @ http://localhost:3001/assets/desktop-banner/4.webp:0
[  416326ms] [ERROR] Failed to load resource: the server responded with a status of 404 (Not Found) @ http://localhost:3001/assets/desktop-banner/4.webp:0
[  416432ms] [ERROR] Failed to load resource: the server responded with a status of 404 (Not Found) @ http://localhost:3001/assets/desktop-banner/1.webp:0
[  418594ms] [ERROR] Failed to load resource: the server responded with a status of 404 (Not Found) @ http://localhost:3001/assets/desktop-banner/2.webp:0
[  424816ms] [ERROR] Failed to load resource: the server responded with a status of 404 (Not Found) @ http://localhost:3001/assets/desktop-banner/1.webp:0
[  424822ms] [ERROR] Failed to load resource: the server responded with a status of 404 (Not Found) @ http://localhost:3001/assets/desktop-banner/3.webp:0
[  424975ms] [ERROR] %cAstro background: linear-gradient(66.77deg, #D83333 0%, #F041FF 100%); color: white; padding-inline: 4px; border-radius: 2px; font-family: monospace; Error while running audit's match function: TypeError: Failed to fetch @ http://localhost:3001/node_modules/.vite/deps/chunk-C36SEBYI.js?v=f6f9060c:22
[  424976ms] [ERROR] %cAstro background: linear-gradient(66.77deg, #D83333 0%, #F041FF 100%); color: white; padding-inline: 4px; border-radius: 2px; font-family: monospace; Error while running audit's match function: TypeError: Failed to fetch @ http://localhost:3001/node_modules/.vite/deps/chunk-C36SEBYI.js?v=f6f9060c:22
[  425134ms] [LOG] TOC Config: {enable: true, depth: 2, useJapaneseBadge: false} @ http://localhost:3001/posts/markdown-tutorial/:16155
[  426053ms] [ERROR] Failed to load resource: the server responded with a status of 404 (Not Found) @ http://localhost:3001/assets/desktop-banner/1.webp:0
[  427226ms] [LOG] Pagefind is not available in development mode. Using mock data. @ http://localhost:3001/src/components/organisms/navigation/Search.svelte:195
[  427227ms] [LOG] Pagefind status on init: false @ http://localhost:3001/src/components/organisms/navigation/Search.svelte:191
[  428109ms] [LOG] PanelHandler: 初始化完成 @ http://localhost:3001/src/scripts/handlers/panel-handler.ts:35
[  428112ms] [LOG] SwupManager: 初始化完成 @ http://localhost:3001/src/scripts/swup-manager.ts?t=1779638033842:51
[  428780ms] [ERROR] Failed to load resource: the server responded with a status of 404 (Not Found) @ http://localhost:3001/assets/desktop-banner/1.webp:0
[  428876ms] [ERROR] Failed to load resource: the server responded with a status of 404 (Not Found) @ http://localhost:3001/assets/desktop-banner/2.webp:0
[  429119ms] [ERROR] Failed to load resource: the server responded with a status of 404 (Not Found) @ http://localhost:3001/assets/desktop-banner/3.webp:0
[  429241ms] [ERROR] Failed to load resource: the server responded with a status of 404 (Not Found) @ http://localhost:3001/assets/desktop-banner/4.webp:0
[  434268ms] [ERROR] Failed to load resource: the server responded with a status of 404 (Not Found) @ http://localhost:3001/assets/desktop-banner/1.webp:0
[  434337ms] [ERROR] Failed to load resource: the server responded with a status of 404 (Not Found) @ http://localhost:3001/assets/desktop-banner/2.webp:0
[  434413ms] [ERROR] Failed to load resource: the server responded with a status of 404 (Not Found) @ http://localhost:3001/assets/desktop-banner/3.webp:0
[  434539ms] [ERROR] Failed to load resource: the server responded with a status of 404 (Not Found) @ http://localhost:3001/assets/desktop-banner/4.webp:0
[  434631ms] [ERROR] Failed to load resource: the server responded with a status of 404 (Not Found) @ http://localhost:3001/assets/desktop-banner/1.webp:0
[  434705ms] [ERROR] Failed to load resource: the server responded with a status of 404 (Not Found) @ http://localhost:3001/assets/desktop-banner/2.webp:0
[  434780ms] [ERROR] Failed to load resource: the server responded with a status of 404 (Not Found) @ http://localhost:3001/assets/desktop-banner/3.webp:0
[  434857ms] [ERROR] Failed to load resource: the server responded with a status of 404 (Not Found) @ http://localhost:3001/assets/desktop-banner/4.webp:0
[  435004ms] [ERROR] Failed to load resource: the server responded with a status of 404 (Not Found) @ http://localhost:3001/assets/desktop-banner/1.webp:0
[  435109ms] [ERROR] Failed to load resource: the server responded with a status of 404 (Not Found) @ http://localhost:3001/assets/desktop-banner/2.webp:0
[  435198ms] [ERROR] Failed to load resource: the server responded with a status of 404 (Not Found) @ http://localhost:3001/assets/desktop-banner/3.webp:0
[  435271ms] [ERROR] Failed to load resource: the server responded with a status of 404 (Not Found) @ http://localhost:3001/assets/desktop-banner/4.webp:0
[  436039ms] [ERROR] Failed to load resource: the server responded with a status of 404 (Not Found) @ http://localhost:3001/assets/desktop-banner/1.webp:0
[  436225ms] [ERROR] Failed to load resource: the server responded with a status of 404 (Not Found) @ http://localhost:3001/assets/desktop-banner/2.webp:0
[  436358ms] [ERROR] Failed to load resource: the server responded with a status of 404 (Not Found) @ http://localhost:3001/assets/desktop-banner/3.webp:0
[  436518ms] [ERROR] Failed to load resource: the server responded with a status of 404 (Not Found) @ http://localhost:3001/assets/desktop-banner/4.webp:0
