[     325ms] [LOG] TOC Config: {enable: true, depth: 2, useJapaneseBadge: false} @ http://localhost:3001/:16155
[     458ms] [ERROR] Failed to load resource: the server responded with a status of 404 (Not Found) @ http://localhost:3001/assets/desktop-banner/1.webp:0
[     897ms] [LOG] Pagefind is not available in development mode. Using mock data. @ http://localhost:3001/src/components/organisms/navigation/Search.svelte:195
[     897ms] [LOG] Pagefind status on init: false @ http://localhost:3001/src/components/organisms/navigation/Search.svelte:191
[    1006ms] [LOG] PanelHandler: 初始化完成 @ http://localhost:3001/src/scripts/handlers/panel-handler.ts:35
[    1006ms] [LOG] SwupManager: 初始化完成 @ http://localhost:3001/src/scripts/swup-manager.ts?t=1779638033842:51
[    1522ms] [ERROR] Failed to load resource: the server responded with a status of 404 (Not Found) @ http://localhost:3001/assets/desktop-banner/1.webp:0
[    1628ms] [ERROR] Failed to load resource: the server responded with a status of 404 (Not Found) @ http://localhost:3001/assets/desktop-banner/2.webp:0
[    1813ms] [ERROR] Failed to load resource: the server responded with a status of 404 (Not Found) @ http://localhost:3001/assets/desktop-banner/3.webp:0
[    3130ms] [ERROR] Failed to load resource: the server responded with a status of 404 (Not Found) @ http://localhost:3001/assets/desktop-banner/4.webp:0
[    3885ms] [ERROR] Failed to load resource: the server responded with a status of 404 (Not Found) @ http://localhost:3001/assets/desktop-banner/1.webp:0
[    3977ms] [ERROR] Failed to load resource: the server responded with a status of 404 (Not Found) @ http://localhost:3001/assets/desktop-banner/2.webp:0
[    4067ms] [ERROR] Failed to load resource: the server responded with a status of 404 (Not Found) @ http://localhost:3001/assets/desktop-banner/3.webp:0
[    4158ms] [ERROR] Failed to load resource: the server responded with a status of 404 (Not Found) @ http://localhost:3001/assets/desktop-banner/4.webp:0
[    5093ms] [ERROR] Failed to load resource: the server responded with a status of 404 (Not Found) @ http://localhost:3001/assets/desktop-banner/1.webp:0
[    5161ms] [ERROR] Failed to load resource: the server responded with a status of 404 (Not Found) @ http://localhost:3001/assets/desktop-banner/2.webp:0
[    5225ms] [ERROR] Failed to load resource: the server responded with a status of 404 (Not Found) @ http://localhost:3001/assets/desktop-banner/3.webp:0
[    5292ms] [ERROR] Failed to load resource: the server responded with a status of 404 (Not Found) @ http://localhost:3001/assets/desktop-banner/4.webp:0
[    7586ms] [ERROR] Failed to load resource: the server responded with a status of 404 (Not Found) @ http://localhost:3001/assets/desktop-banner/1.webp:0
[    7656ms] [ERROR] Failed to load resource: the server responded with a status of 404 (Not Found) @ http://localhost:3001/assets/desktop-banner/2.webp:0
[    7733ms] [ERROR] Failed to load resource: the server responded with a status of 404 (Not Found) @ http://localhost:3001/assets/desktop-banner/3.webp:0
[    7793ms] [ERROR] Failed to load resource: the server responded with a status of 404 (Not Found) @ http://localhost:3001/assets/desktop-banner/4.webp:0
[    7985ms] [ERROR] Failed to load resource: the server responded with a status of 404 (Not Found) @ http://localhost:3001/assets/desktop-banner/1.webp:0
[    8076ms] [ERROR] Failed to load resource: the server responded with a status of 404 (Not Found) @ http://localhost:3001/assets/desktop-banner/2.webp:0
[    8151ms] [ERROR] Failed to load resource: the server responded with a status of 404 (Not Found) @ http://localhost:3001/assets/desktop-banner/3.webp:0
[    8234ms] [ERROR] Failed to load resource: the server responded with a status of 404 (Not Found) @ http://localhost:3001/assets/desktop-banner/4.webp:0
[   13002ms] [ERROR] Failed to load resource: the server responded with a status of 404 (Not Found) @ http://localhost:3001/assets/desktop-banner/1.webp:0
[   13075ms] [ERROR] Failed to load resource: the server responded with a status of 404 (Not Found) @ http://localhost:3001/assets/desktop-banner/2.webp:0
[   13144ms] [ERROR] Failed to load resource: the server responded with a status of 404 (Not Found) @ http://localhost:3001/assets/desktop-banner/3.webp:0
[   13244ms] [ERROR] Failed to load resource: the server responded with a status of 404 (Not Found) @ http://localhost:3001/assets/desktop-banner/4.webp:0
[   14046ms] [ERROR] Failed to load resource: the server responded with a status of 404 (Not Found) @ http://localhost:3001/assets/desktop-banner/1.webp:0
[   14144ms] [ERROR] Failed to load resource: the server responded with a status of 404 (Not Found) @ http://localhost:3001/assets/desktop-banner/2.webp:0
[   14236ms] [ERROR] Failed to load resource: the server responded with a status of 404 (Not Found) @ http://localhost:3001/assets/desktop-banner/3.webp:0
[   14333ms] [ERROR] Failed to load resource: the server responded with a status of 404 (Not Found) @ http://localhost:3001/assets/desktop-banner/4.webp:0
[   17739ms] [ERROR] Failed to load resource: the server responded with a status of 404 (Not Found) @ http://localhost:3001/assets/desktop-banner/1.webp:0
[   17911ms] [ERROR] Failed to load resource: the server responded with a status of 404 (Not Found) @ http://localhost:3001/assets/desktop-banner/2.webp:0
[   18006ms] [ERROR] Failed to load resource: the server responded with a status of 404 (Not Found) @ http://localhost:3001/assets/desktop-banner/3.webp:0
[   18177ms] [ERROR] Failed to load resource: the server responded with a status of 404 (Not Found) @ http://localhost:3001/assets/desktop-banner/4.webp:0
[   18878ms] [ERROR] Failed to load resource: the server responded with a status of 404 (Not Found) @ http://localhost:3001/assets/desktop-banner/1.webp:0
[   18973ms] [ERROR] Failed to load resource: the server responded with a status of 404 (Not Found) @ http://localhost:3001/assets/desktop-banner/2.webp:0
[   19069ms] [ERROR] Failed to load resource: the server responded with a status of 404 (Not Found) @ http://localhost:3001/assets/desktop-banner/3.webp:0
[   19252ms] [ERROR] Failed to load resource: the server responded with a status of 404 (Not Found) @ http://localhost:3001/assets/desktop-banner/4.webp:0
[   21417ms] [ERROR] Failed to load resource: the server responded with a status of 404 (Not Found) @ http://localhost:3001/assets/desktop-banner/1.webp:0
[   21535ms] [ERROR] Failed to load resource: the server responded with a status of 404 (Not Found) @ http://localhost:3001/assets/desktop-banner/2.webp:0
[   21641ms] [ERROR] Failed to load resource: the server responded with a status of 404 (Not Found) @ http://localhost:3001/assets/desktop-banner/3.webp:0
[   21749ms] [ERROR] Failed to load resource: the server responded with a status of 404 (Not Found) @ http://localhost:3001/assets/desktop-banner/4.webp:0
[   21841ms] [ERROR] Failed to load resource: the server responded with a status of 404 (Not Found) @ http://localhost:3001/assets/desktop-banner/1.webp:0
[   21952ms] [ERROR] Failed to load resource: the server responded with a status of 404 (Not Found) @ http://localhost:3001/assets/desktop-banner/2.webp:0
[   22060ms] [ERROR] Failed to load resource: the server responded with a status of 404 (Not Found) @ http://localhost:3001/assets/desktop-banner/3.webp:0
[   22250ms] [ERROR] Failed to load resource: the server responded with a status of 404 (Not Found) @ http://localhost:3001/assets/desktop-banner/4.webp:0
[   23297ms] [ERROR] Failed to load resource: the server responded with a status of 404 (Not Found) @ http://localhost:3001/assets/desktop-banner/1.webp:0
[   23482ms] [ERROR] Failed to load resource: the server responded with a status of 404 (Not Found) @ http://localhost:3001/assets/desktop-banner/2.webp:0
[   23665ms] [ERROR] Failed to load resource: the server responded with a status of 404 (Not Found) @ http://localhost:3001/assets/desktop-banner/3.webp:0
[   23842ms] [ERROR] Failed to load resource: the server responded with a status of 404 (Not Found) @ http://localhost:3001/assets/desktop-banner/4.webp:0
[   26808ms] [ERROR] Failed to load resource: the server responded with a status of 404 (Not Found) @ http://localhost:3001/assets/desktop-banner/1.webp:0
[   26901ms] [ERROR] Failed to load resource: the server responded with a status of 404 (Not Found) @ http://localhost:3001/assets/desktop-banner/2.webp:0
[   27007ms] [ERROR] Failed to load resource: the server responded with a status of 404 (Not Found) @ http://localhost:3001/assets/desktop-banner/3.webp:0
[   27117ms] [ERROR] Failed to load resource: the server responded with a status of 404 (Not Found) @ http://localhost:3001/assets/desktop-banner/4.webp:0
[   27733ms] [ERROR] Failed to load resource: the server responded with a status of 404 (Not Found) @ http://localhost:3001/assets/desktop-banner/1.webp:0
[   27810ms] [ERROR] Failed to load resource: the server responded with a status of 404 (Not Found) @ http://localhost:3001/assets/desktop-banner/2.webp:0
[   27889ms] [ERROR] Failed to load resource: the server responded with a status of 404 (Not Found) @ http://localhost:3001/assets/desktop-banner/3.webp:0
[   27956ms] [ERROR] Failed to load resource: the server responded with a status of 404 (Not Found) @ http://localhost:3001/assets/desktop-banner/4.webp:0
[   31328ms] [ERROR] Failed to load resource: the server responded with a status of 404 (Not Found) @ http://localhost:3001/assets/desktop-banner/1.webp:0
[   31469ms] [ERROR] Failed to load resource: the server responded with a status of 404 (Not Found) @ http://localhost:3001/assets/desktop-banner/2.webp:0
[   31627ms] [ERROR] Failed to load resource: the server responded with a status of 404 (Not Found) @ http://localhost:3001/assets/desktop-banner/3.webp:0
[   31732ms] [ERROR] Failed to load resource: the server responded with a status of 404 (Not Found) @ http://localhost:3001/assets/desktop-banner/4.webp:0
[   32025ms] [ERROR] Failed to load resource: the server responded with a status of 404 (Not Found) @ http://localhost:3001/assets/desktop-banner/1.webp:0
[   32193ms] [ERROR] Failed to load resource: the server responded with a status of 404 (Not Found) @ http://localhost:3001/assets/desktop-banner/2.webp:0
[   32359ms] [ERROR] Failed to load resource: the server responded with a status of 404 (Not Found) @ http://localhost:3001/assets/desktop-banner/3.webp:0
[   32522ms] [ERROR] Failed to load resource: the server responded with a status of 404 (Not Found) @ http://localhost:3001/assets/desktop-banner/4.webp:0
[   32999ms] [ERROR] Failed to load resource: the server responded with a status of 404 (Not Found) @ http://localhost:3001/assets/desktop-banner/1.webp:0
[   33101ms] [ERROR] Failed to load resource: the server responded with a status of 404 (Not Found) @ http://localhost:3001/assets/desktop-banner/2.webp:0
[   33206ms] [ERROR] Failed to load resource: the server responded with a status of 404 (Not Found) @ http://localhost:3001/assets/desktop-banner/3.webp:0
[   33298ms] [ERROR] Failed to load resource: the server responded with a status of 404 (Not Found) @ http://localhost:3001/assets/desktop-banner/4.webp:0
[   36060ms] [ERROR] Failed to load resource: the server responded with a status of 404 (Not Found) @ http://localhost:3001/assets/desktop-banner/1.webp:0
[   36268ms] [ERROR] Failed to load resource: the server responded with a status of 404 (Not Found) @ http://localhost:3001/assets/desktop-banner/2.webp:0
[   36413ms] [ERROR] Failed to load resource: the server responded with a status of 404 (Not Found) @ http://localhost:3001/assets/desktop-banner/3.webp:0
[   36533ms] [ERROR] Failed to load resource: the server responded with a status of 404 (Not Found) @ http://localhost:3001/assets/desktop-banner/4.webp:0
[   36742ms] [ERROR] Failed to load resource: the server responded with a status of 404 (Not Found) @ http://localhost:3001/assets/desktop-banner/1.webp:0
[   36843ms] [ERROR] Failed to load resource: the server responded with a status of 404 (Not Found) @ http://localhost:3001/assets/desktop-banner/2.webp:0
[   36938ms] [ERROR] Failed to load resource: the server responded with a status of 404 (Not Found) @ http://localhost:3001/assets/desktop-banner/3.webp:0
[   37068ms] [ERROR] Failed to load resource: the server responded with a status of 404 (Not Found) @ http://localhost:3001/assets/desktop-banner/4.webp:0
[   42120ms] [ERROR] Failed to load resource: the server responded with a status of 404 (Not Found) @ http://localhost:3001/assets/desktop-banner/1.webp:0
[   42228ms] [ERROR] Failed to load resource: the server responded with a status of 404 (Not Found) @ http://localhost:3001/assets/desktop-banner/2.webp:0
[   42313ms] [ERROR] Failed to load resource: the server responded with a status of 404 (Not Found) @ http://localhost:3001/assets/desktop-banner/3.webp:0
[   42407ms] [ERROR] Failed to load resource: the server responded with a status of 404 (Not Found) @ http://localhost:3001/assets/desktop-banner/4.webp:0
[   43187ms] [ERROR] Failed to load resource: the server responded with a status of 404 (Not Found) @ http://localhost:3001/assets/desktop-banner/1.webp:0
[   43408ms] [ERROR] Failed to load resource: the server responded with a status of 404 (Not Found) @ http://localhost:3001/assets/desktop-banner/2.webp:0
[   43631ms] [ERROR] Failed to load resource: the server responded with a status of 404 (Not Found) @ http://localhost:3001/assets/desktop-banner/3.webp:0
[   43790ms] [ERROR] Failed to load resource: the server responded with a status of 404 (Not Found) @ http://localhost:3001/assets/desktop-banner/4.webp:0
[   46567ms] [ERROR] Failed to load resource: the server responded with a status of 404 (Not Found) @ http://localhost:3001/assets/desktop-banner/1.webp:0
[   46666ms] [ERROR] Failed to load resource: the server responded with a status of 404 (Not Found) @ http://localhost:3001/assets/desktop-banner/2.webp:0
[   46757ms] [ERROR] Failed to load resource: the server responded with a status of 404 (Not Found) @ http://localhost:3001/assets/desktop-banner/3.webp:0
[   46859ms] [ERROR] Failed to load resource: the server responded with a status of 404 (Not Found) @ http://localhost:3001/assets/desktop-banner/4.webp:0
[   46998ms] [ERROR] Failed to load resource: the server responded with a status of 404 (Not Found) @ http://localhost:3001/assets/desktop-banner/1.webp:0
[   47108ms] [ERROR] Failed to load resource: the server responded with a status of 404 (Not Found) @ http://localhost:3001/assets/desktop-banner/2.webp:0
[   47200ms] [ERROR] Failed to load resource: the server responded with a status of 404 (Not Found) @ http://localhost:3001/assets/desktop-banner/3.webp:0
[   47292ms] [ERROR] Failed to load resource: the server responded with a status of 404 (Not Found) @ http://localhost:3001/assets/desktop-banner/4.webp:0
[   50666ms] [ERROR] Failed to load resource: the server responded with a status of 404 (Not Found) @ http://localhost:3001/assets/desktop-banner/1.webp:0
[   50824ms] [ERROR] Failed to load resource: the server responded with a status of 404 (Not Found) @ http://localhost:3001/assets/desktop-banner/2.webp:0
[   50968ms] [ERROR] Failed to load resource: the server responded with a status of 404 (Not Found) @ http://localhost:3001/assets/desktop-banner/3.webp:0
[   51064ms] [ERROR] Failed to load resource: the server responded with a status of 404 (Not Found) @ http://localhost:3001/assets/desktop-banner/4.webp:0
[   51841ms] [ERROR] Failed to load resource: the server responded with a status of 404 (Not Found) @ http://localhost:3001/assets/desktop-banner/1.webp:0
[   52043ms] [ERROR] Failed to load resource: the server responded with a status of 404 (Not Found) @ http://localhost:3001/assets/desktop-banner/2.webp:0
[   52199ms] [ERROR] Failed to load resource: the server responded with a status of 404 (Not Found) @ http://localhost:3001/assets/desktop-banner/3.webp:0
[   52349ms] [ERROR] Failed to load resource: the server responded with a status of 404 (Not Found) @ http://localhost:3001/assets/desktop-banner/4.webp:0
[   56924ms] [ERROR] Failed to load resource: the server responded with a status of 404 (Not Found) @ http://localhost:3001/assets/desktop-banner/1.webp:0
[   57023ms] [ERROR] Failed to load resource: the server responded with a status of 404 (Not Found) @ http://localhost:3001/assets/desktop-banner/2.webp:0
[   57106ms] [ERROR] Failed to load resource: the server responded with a status of 404 (Not Found) @ http://localhost:3001/assets/desktop-banner/3.webp:0
[   57181ms] [ERROR] Failed to load resource: the server responded with a status of 404 (Not Found) @ http://localhost:3001/assets/desktop-banner/4.webp:0
[   57958ms] [ERROR] Failed to load resource: the server responded with a status of 404 (Not Found) @ http://localhost:3001/assets/desktop-banner/1.webp:0
[   58066ms] [ERROR] Failed to load resource: the server responded with a status of 404 (Not Found) @ http://localhost:3001/assets/desktop-banner/2.webp:0
[   58167ms] [ERROR] Failed to load resource: the server responded with a status of 404 (Not Found) @ http://localhost:3001/assets/desktop-banner/3.webp:0
[   58269ms] [ERROR] Failed to load resource: the server responded with a status of 404 (Not Found) @ http://localhost:3001/assets/desktop-banner/4.webp:0
[   61318ms] [ERROR] Failed to load resource: the server responded with a status of 404 (Not Found) @ http://localhost:3001/assets/desktop-banner/1.webp:0
[   61490ms] [ERROR] Failed to load resource: the server responded with a status of 404 (Not Found) @ http://localhost:3001/assets/desktop-banner/2.webp:0
[   61665ms] [ERROR] Failed to load resource: the server responded with a status of 404 (Not Found) @ http://localhost:3001/assets/desktop-banner/3.webp:0
[   61744ms] [ERROR] Failed to load resource: the server responded with a status of 404 (Not Found) @ http://localhost:3001/assets/desktop-banner/4.webp:0
[   61983ms] [ERROR] Failed to load resource: the server responded with a status of 404 (Not Found) @ http://localhost:3001/assets/desktop-banner/1.webp:0
[   62074ms] [ERROR] Failed to load resource: the server responded with a status of 404 (Not Found) @ http://localhost:3001/assets/desktop-banner/2.webp:0
[   62165ms] [ERROR] Failed to load resource: the server responded with a status of 404 (Not Found) @ http://localhost:3001/assets/desktop-banner/3.webp:0
[   62253ms] [ERROR] Failed to load resource: the server responded with a status of 404 (Not Found) @ http://localhost:3001/assets/desktop-banner/4.webp:0
[   65574ms] [ERROR] Failed to load resource: the server responded with a status of 404 (Not Found) @ http://localhost:3001/assets/desktop-banner/1.webp:0
[   65698ms] [ERROR] Failed to load resource: the server responded with a status of 404 (Not Found) @ http://localhost:3001/assets/desktop-banner/2.webp:0
[   65810ms] [ERROR] Failed to load resource: the server responded with a status of 404 (Not Found) @ http://localhost:3001/assets/desktop-banner/3.webp:0
[   65893ms] [ERROR] Failed to load resource: the server responded with a status of 404 (Not Found) @ http://localhost:3001/assets/desktop-banner/4.webp:0
[   66741ms] [ERROR] Failed to load resource: the server responded with a status of 404 (Not Found) @ http://localhost:3001/assets/desktop-banner/1.webp:0
[   66833ms] [ERROR] Failed to load resource: the server responded with a status of 404 (Not Found) @ http://localhost:3001/assets/desktop-banner/2.webp:0
[   66925ms] [ERROR] Failed to load resource: the server responded with a status of 404 (Not Found) @ http://localhost:3001/assets/desktop-banner/3.webp:0
[   67031ms] [ERROR] Failed to load resource: the server responded with a status of 404 (Not Found) @ http://localhost:3001/assets/desktop-banner/4.webp:0
[   71472ms] [ERROR] Failed to load resource: the server responded with a status of 404 (Not Found) @ http://localhost:3001/assets/desktop-banner/1.webp:0
[   71555ms] [ERROR] Failed to load resource: the server responded with a status of 404 (Not Found) @ http://localhost:3001/assets/desktop-banner/2.webp:0
[   71630ms] [ERROR] Failed to load resource: the server responded with a status of 404 (Not Found) @ http://localhost:3001/assets/desktop-banner/3.webp:0
[   71715ms] [ERROR] Failed to load resource: the server responded with a status of 404 (Not Found) @ http://localhost:3001/assets/desktop-banner/4.webp:0
[   72840ms] [ERROR] Failed to load resource: the server responded with a status of 404 (Not Found) @ http://localhost:3001/assets/desktop-banner/1.webp:0
[   72931ms] [ERROR] Failed to load resource: the server responded with a status of 404 (Not Found) @ http://localhost:3001/assets/desktop-banner/2.webp:0
[   73039ms] [ERROR] Failed to load resource: the server responded with a status of 404 (Not Found) @ http://localhost:3001/assets/desktop-banner/3.webp:0
[   73210ms] [ERROR] Failed to load resource: the server responded with a status of 404 (Not Found) @ http://localhost:3001/assets/desktop-banner/4.webp:0
[   75939ms] [ERROR] Failed to load resource: the server responded with a status of 404 (Not Found) @ http://localhost:3001/assets/desktop-banner/1.webp:0
[   76033ms] [ERROR] Failed to load resource: the server responded with a status of 404 (Not Found) @ http://localhost:3001/assets/desktop-banner/2.webp:0
[   76156ms] [ERROR] Failed to load resource: the server responded with a status of 404 (Not Found) @ http://localhost:3001/assets/desktop-banner/3.webp:0
[   76245ms] [ERROR] Failed to load resource: the server responded with a status of 404 (Not Found) @ http://localhost:3001/assets/desktop-banner/4.webp:0
[   77488ms] [ERROR] Failed to load resource: the server responded with a status of 404 (Not Found) @ http://localhost:3001/assets/desktop-banner/1.webp:0
[   77664ms] [ERROR] Failed to load resource: the server responded with a status of 404 (Not Found) @ http://localhost:3001/assets/desktop-banner/2.webp:0
[   77947ms] [ERROR] Failed to load resource: the server responded with a status of 404 (Not Found) @ http://localhost:3001/assets/desktop-banner/3.webp:0
[   78155ms] [ERROR] Failed to load resource: the server responded with a status of 404 (Not Found) @ http://localhost:3001/assets/desktop-banner/4.webp:0
[   80636ms] [ERROR] Failed to load resource: the server responded with a status of 404 (Not Found) @ http://localhost:3001/assets/desktop-banner/1.webp:0
[   80739ms] [ERROR] Failed to load resource: the server responded with a status of 404 (Not Found) @ http://localhost:3001/assets/desktop-banner/2.webp:0
[   80858ms] [ERROR] Failed to load resource: the server responded with a status of 404 (Not Found) @ http://localhost:3001/assets/desktop-banner/3.webp:0
[   81055ms] [ERROR] Failed to load resource: the server responded with a status of 404 (Not Found) @ http://localhost:3001/assets/desktop-banner/4.webp:0
[   81839ms] [ERROR] Failed to load resource: the server responded with a status of 404 (Not Found) @ http://localhost:3001/assets/desktop-banner/1.webp:0
[   82014ms] [ERROR] Failed to load resource: the server responded with a status of 404 (Not Found) @ http://localhost:3001/assets/desktop-banner/2.webp:0
[   82170ms] [ERROR] Failed to load resource: the server responded with a status of 404 (Not Found) @ http://localhost:3001/assets/desktop-banner/3.webp:0
[   82324ms] [ERROR] Failed to load resource: the server responded with a status of 404 (Not Found) @ http://localhost:3001/assets/desktop-banner/4.webp:0
[   86168ms] [ERROR] Failed to load resource: the server responded with a status of 404 (Not Found) @ http://localhost:3001/assets/desktop-banner/1.webp:0
[   86276ms] [ERROR] Failed to load resource: the server responded with a status of 404 (Not Found) @ http://localhost:3001/assets/desktop-banner/2.webp:0
[   86400ms] [ERROR] Failed to load resource: the server responded with a status of 404 (Not Found) @ http://localhost:3001/assets/desktop-banner/3.webp:0
[   86483ms] [ERROR] Failed to load resource: the server responded with a status of 404 (Not Found) @ http://localhost:3001/assets/desktop-banner/4.webp:0
[   87741ms] [ERROR] Failed to load resource: the server responded with a status of 404 (Not Found) @ http://localhost:3001/assets/desktop-banner/1.webp:0
[   87850ms] [ERROR] Failed to load resource: the server responded with a status of 404 (Not Found) @ http://localhost:3001/assets/desktop-banner/2.webp:0
[   87952ms] [ERROR] Failed to load resource: the server responded with a status of 404 (Not Found) @ http://localhost:3001/assets/desktop-banner/3.webp:0
[   88066ms] [ERROR] Failed to load resource: the server responded with a status of 404 (Not Found) @ http://localhost:3001/assets/desktop-banner/4.webp:0
[   91123ms] [ERROR] Failed to load resource: the server responded with a status of 404 (Not Found) @ http://localhost:3001/assets/desktop-banner/1.webp:0
[   91375ms] [ERROR] Failed to load resource: the server responded with a status of 404 (Not Found) @ http://localhost:3001/assets/desktop-banner/2.webp:0
[   91560ms] [ERROR] Failed to load resource: the server responded with a status of 404 (Not Found) @ http://localhost:3001/assets/desktop-banner/3.webp:0
[   91765ms] [ERROR] Failed to load resource: the server responded with a status of 404 (Not Found) @ http://localhost:3001/assets/desktop-banner/4.webp:0
[   92024ms] [ERROR] Failed to load resource: the server responded with a status of 404 (Not Found) @ http://localhost:3001/assets/desktop-banner/1.webp:0
[   92126ms] [ERROR] Failed to load resource: the server responded with a status of 404 (Not Found) @ http://localhost:3001/assets/desktop-banner/2.webp:0
[   92224ms] [ERROR] Failed to load resource: the server responded with a status of 404 (Not Found) @ http://localhost:3001/assets/desktop-banner/3.webp:0
[   92340ms] [ERROR] Failed to load resource: the server responded with a status of 404 (Not Found) @ http://localhost:3001/assets/desktop-banner/4.webp:0
[   95008ms] [ERROR] Failed to load resource: the server responded with a status of 404 (Not Found) @ http://localhost:3001/assets/desktop-banner/1.webp:0
[   95118ms] [ERROR] Failed to load resource: the server responded with a status of 404 (Not Found) @ http://localhost:3001/assets/desktop-banner/2.webp:0
[   95210ms] [ERROR] Failed to load resource: the server responded with a status of 404 (Not Found) @ http://localhost:3001/assets/desktop-banner/3.webp:0
[   95300ms] [ERROR] Failed to load resource: the server responded with a status of 404 (Not Found) @ http://localhost:3001/assets/desktop-banner/4.webp:0
[  101014ms] [ERROR] Failed to load resource: the server responded with a status of 404 (Not Found) @ http://localhost:3001/assets/desktop-banner/1.webp:0
[  101100ms] [ERROR] Failed to load resource: the server responded with a status of 404 (Not Found) @ http://localhost:3001/assets/desktop-banner/2.webp:0
[  101183ms] [ERROR] Failed to load resource: the server responded with a status of 404 (Not Found) @ http://localhost:3001/assets/desktop-banner/3.webp:0
[  101252ms] [ERROR] Failed to load resource: the server responded with a status of 404 (Not Found) @ http://localhost:3001/assets/desktop-banner/4.webp:0
[  103050ms] [ERROR] Failed to load resource: the server responded with a status of 404 (Not Found) @ http://localhost:3001/assets/desktop-banner/1.webp:0
[  103204ms] [ERROR] Failed to load resource: the server responded with a status of 404 (Not Found) @ http://localhost:3001/assets/desktop-banner/2.webp:0
[  103286ms] [ERROR] Failed to load resource: the server responded with a status of 404 (Not Found) @ http://localhost:3001/assets/desktop-banner/3.webp:0
[  103406ms] [ERROR] Failed to load resource: the server responded with a status of 404 (Not Found) @ http://localhost:3001/assets/desktop-banner/4.webp:0
[  106205ms] [ERROR] Failed to load resource: the server responded with a status of 404 (Not Found) @ http://localhost:3001/assets/desktop-banner/1.webp:0
[  106392ms] [ERROR] Failed to load resource: the server responded with a status of 404 (Not Found) @ http://localhost:3001/assets/desktop-banner/2.webp:0
[  106622ms] [ERROR] Failed to load resource: the server responded with a status of 404 (Not Found) @ http://localhost:3001/assets/desktop-banner/3.webp:0
[  106861ms] [ERROR] Failed to load resource: the server responded with a status of 404 (Not Found) @ http://localhost:3001/assets/desktop-banner/4.webp:0
[  107317ms] [ERROR] Failed to load resource: the server responded with a status of 404 (Not Found) @ http://localhost:3001/assets/desktop-banner/1.webp:0
[  107434ms] [ERROR] Failed to load resource: the server responded with a status of 404 (Not Found) @ http://localhost:3001/assets/desktop-banner/2.webp:0
[  107532ms] [ERROR] Failed to load resource: the server responded with a status of 404 (Not Found) @ http://localhost:3001/assets/desktop-banner/3.webp:0
[  107635ms] [ERROR] Failed to load resource: the server responded with a status of 404 (Not Found) @ http://localhost:3001/assets/desktop-banner/4.webp:0
[  110019ms] [ERROR] Failed to load resource: the server responded with a status of 404 (Not Found) @ http://localhost:3001/assets/desktop-banner/1.webp:0
[  110103ms] [ERROR] Failed to load resource: the server responded with a status of 404 (Not Found) @ http://localhost:3001/assets/desktop-banner/2.webp:0
[  110160ms] [ERROR] Failed to load resource: the server responded with a status of 404 (Not Found) @ http://localhost:3001/assets/desktop-banner/3.webp:0
[  110221ms] [ERROR] Failed to load resource: the server responded with a status of 404 (Not Found) @ http://localhost:3001/assets/desktop-banner/4.webp:0
[  110269ms] [ERROR] Failed to load resource: the server responded with a status of 404 (Not Found) @ http://localhost:3001/assets/desktop-banner/1.webp:0
[  110389ms] [ERROR] Failed to load resource: the server responded with a status of 404 (Not Found) @ http://localhost:3001/assets/desktop-banner/2.webp:0
[  110499ms] [ERROR] Failed to load resource: the server responded with a status of 404 (Not Found) @ http://localhost:3001/assets/desktop-banner/3.webp:0
[  110594ms] [ERROR] Failed to load resource: the server responded with a status of 404 (Not Found) @ http://localhost:3001/assets/desktop-banner/4.webp:0
[  115645ms] [ERROR] Failed to load resource: the server responded with a status of 404 (Not Found) @ http://localhost:3001/assets/desktop-banner/1.webp:0
[  115808ms] [ERROR] Failed to load resource: the server responded with a status of 404 (Not Found) @ http://localhost:3001/assets/desktop-banner/2.webp:0
[  115940ms] [ERROR] Failed to load resource: the server responded with a status of 404 (Not Found) @ http://localhost:3001/assets/desktop-banner/3.webp:0
[  116058ms] [ERROR] Failed to load resource: the server responded with a status of 404 (Not Found) @ http://localhost:3001/assets/desktop-banner/4.webp:0
[  116407ms] [ERROR] Failed to load resource: the server responded with a status of 404 (Not Found) @ http://localhost:3001/assets/desktop-banner/1.webp:0
[  116498ms] [ERROR] Failed to load resource: the server responded with a status of 404 (Not Found) @ http://localhost:3001/assets/desktop-banner/2.webp:0
[  116623ms] [ERROR] Failed to load resource: the server responded with a status of 404 (Not Found) @ http://localhost:3001/assets/desktop-banner/3.webp:0
[  116707ms] [ERROR] Failed to load resource: the server responded with a status of 404 (Not Found) @ http://localhost:3001/assets/desktop-banner/4.webp:0
[  120390ms] [ERROR] Failed to load resource: the server responded with a status of 404 (Not Found) @ http://localhost:3001/assets/desktop-banner/1.webp:0
[  120481ms] [ERROR] Failed to load resource: the server responded with a status of 404 (Not Found) @ http://localhost:3001/assets/desktop-banner/2.webp:0
[  120574ms] [ERROR] Failed to load resource: the server responded with a status of 404 (Not Found) @ http://localhost:3001/assets/desktop-banner/3.webp:0
[  120675ms] [ERROR] Failed to load resource: the server responded with a status of 404 (Not Found) @ http://localhost:3001/assets/desktop-banner/4.webp:0
[  121033ms] [ERROR] Failed to load resource: the server responded with a status of 404 (Not Found) @ http://localhost:3001/assets/desktop-banner/1.webp:0
[  121123ms] [ERROR] Failed to load resource: the server responded with a status of 404 (Not Found) @ http://localhost:3001/assets/desktop-banner/2.webp:0
[  121216ms] [ERROR] Failed to load resource: the server responded with a status of 404 (Not Found) @ http://localhost:3001/assets/desktop-banner/3.webp:0
[  121308ms] [ERROR] Failed to load resource: the server responded with a status of 404 (Not Found) @ http://localhost:3001/assets/desktop-banner/4.webp:0
[  130914ms] [ERROR] Failed to load resource: the server responded with a status of 404 (Not Found) @ http://localhost:3001/assets/desktop-banner/1.webp:0
[  131077ms] [ERROR] %cAstro background: linear-gradient(66.77deg, #D83333 0%, #F041FF 100%); color: white; padding-inline: 4px; border-radius: 2px; font-family: monospace; Error while running audit's match function: TypeError: Failed to fetch @ http://localhost:3001/node_modules/.vite/deps/chunk-C36SEBYI.js?v=f6f9060c:22
[  131078ms] [ERROR] %cAstro background: linear-gradient(66.77deg, #D83333 0%, #F041FF 100%); color: white; padding-inline: 4px; border-radius: 2px; font-family: monospace; Error while running audit's match function: TypeError: Failed to fetch @ http://localhost:3001/node_modules/.vite/deps/chunk-C36SEBYI.js?v=f6f9060c:22
[  131078ms] [ERROR] %cAstro background: linear-gradient(66.77deg, #D83333 0%, #F041FF 100%); color: white; padding-inline: 4px; border-radius: 2px; font-family: monospace; Error while running audit's match function: TypeError: Failed to fetch @ http://localhost:3001/node_modules/.vite/deps/chunk-C36SEBYI.js?v=f6f9060c:22
[  131078ms] [ERROR] %cAstro background: linear-gradient(66.77deg, #D83333 0%, #F041FF 100%); color: white; padding-inline: 4px; border-radius: 2px; font-family: monospace; Error while running audit's match function: TypeError: Failed to fetch @ http://localhost:3001/node_modules/.vite/deps/chunk-C36SEBYI.js?v=f6f9060c:22
[  131079ms] [ERROR] %cAstro background: linear-gradient(66.77deg, #D83333 0%, #F041FF 100%); color: white; padding-inline: 4px; border-radius: 2px; font-family: monospace; Error while running audit's match function: TypeError: Failed to fetch @ http://localhost:3001/node_modules/.vite/deps/chunk-C36SEBYI.js?v=f6f9060c:22
[  131193ms] [LOG] TOC Config: {enable: true, depth: 2, useJapaneseBadge: false} @ http://localhost:3001/:16155
[  132308ms] [LOG] Pagefind is not available in development mode. Using mock data. @ http://localhost:3001/src/components/organisms/navigation/Search.svelte:195
[  132309ms] [LOG] Pagefind status on init: false @ http://localhost:3001/src/components/organisms/navigation/Search.svelte:191
[  132392ms] [LOG] PanelHandler: 初始化完成 @ http://localhost:3001/src/scripts/handlers/panel-handler.ts:35
[  132393ms] [LOG] SwupManager: 初始化完成 @ http://localhost:3001/src/scripts/swup-manager.ts?t=1779638270677:51
