[     223ms] [LOG] TOC Config: {enable: true, depth: 2, useJapaneseBadge: false} @ http://localhost:3001/:16155
[     666ms] [LOG] Pagefind is not available in development mode. Using mock data. @ http://localhost:3001/src/components/organisms/navigation/Search.svelte:195
[     666ms] [LOG] Pagefind status on init: false @ http://localhost:3001/src/components/organisms/navigation/Search.svelte:191
[     687ms] [LOG] PanelHandler: 初始化完成 @ http://localhost:3001/src/scripts/handlers/panel-handler.ts:35
[     688ms] [LOG] SwupManager: 初始化完成 @ http://localhost:3001/src/scripts/swup-manager.ts?t=1779638297564:51
[  374944ms] [LOG] TOC Config: {enable: true, depth: 2, useJapaneseBadge: false} @ http://localhost:3001/:16155
[  375283ms] [LOG] Pagefind is not available in development mode. Using mock data. @ http://localhost:3001/src/components/organisms/navigation/Search.svelte:195
[  375283ms] [LOG] Pagefind status on init: false @ http://localhost:3001/src/components/organisms/navigation/Search.svelte:191
[  375296ms] [LOG] PanelHandler: 初始化完成 @ http://localhost:3001/src/scripts/handlers/panel-handler.ts:35
[  375297ms] [LOG] SwupManager: 初始化完成 @ http://localhost:3001/src/scripts/swup-manager.ts?t=1779638297564:51
[  386641ms] [LOG] TOC Config: {enable: true, depth: 2, useJapaneseBadge: false} @ http://localhost:3001/:16155
[  386855ms] [LOG] Pagefind is not available in development mode. Using mock data. @ http://localhost:3001/src/components/organisms/navigation/Search.svelte:195
[  386856ms] [LOG] Pagefind status on init: false @ http://localhost:3001/src/components/organisms/navigation/Search.svelte:191
[  386929ms] [LOG] PanelHandler: 初始化完成 @ http://localhost:3001/src/scripts/handlers/panel-handler.ts:35
[  386930ms] [LOG] SwupManager: 初始化完成 @ http://localhost:3001/src/scripts/swup-manager.ts?t=1779638297564:51
[  390736ms] [LOG] TOC Config: {enable: true, depth: 2, useJapaneseBadge: false} @ http://localhost:3001/:16155
[  391209ms] [LOG] Pagefind is not available in development mode. Using mock data. @ http://localhost:3001/src/components/organisms/navigation/Search.svelte:195
[  391210ms] [LOG] Pagefind status on init: false @ http://localhost:3001/src/components/organisms/navigation/Search.svelte:191
[  391211ms] [LOG] PanelHandler: 初始化完成 @ http://localhost:3001/src/scripts/handlers/panel-handler.ts:35
[  391211ms] [LOG] SwupManager: 初始化完成 @ http://localhost:3001/src/scripts/swup-manager.ts?t=1779638297564:51
[  391656ms] [ERROR] Failed to load resource: the server responded with a status of 404 (Not Found) @ http://localhost:3001/assets/home/home.webp:0
[  391766ms] [ERROR] Failed to load resource: the server responded with a status of 404 (Not Found) @ http://localhost:3001/assets/home/home.webp:0
[  392339ms] [LOG] TOC Config: {enable: true, depth: 2, useJapaneseBadge: false} @ http://localhost:3001/:16155
[  392584ms] [LOG] Pagefind is not available in development mode. Using mock data. @ http://localhost:3001/src/components/organisms/navigation/Search.svelte:195
[  392585ms] [LOG] Pagefind status on init: false @ http://localhost:3001/src/components/organisms/navigation/Search.svelte:191
[  392668ms] [LOG] PanelHandler: 初始化完成 @ http://localhost:3001/src/scripts/handlers/panel-handler.ts:35
[  392669ms] [LOG] SwupManager: 初始化完成 @ http://localhost:3001/src/scripts/swup-manager.ts?t=1779638297564:51
[  392821ms] [ERROR] Failed to load resource: the server responded with a status of 404 (Not Found) @ http://localhost:3001/assets/home/home.webp:0
[  393133ms] [ERROR] Failed to load resource: the server responded with a status of 404 (Not Found) @ http://localhost:3001/assets/home/home.webp:0
[  394509ms] [ERROR] Failed to load resource: the server responded with a status of 404 (Not Found) @ http://localhost:3001/assets/home/home.webp:0
[  396068ms] [ERROR] Failed to load resource: the server responded with a status of 404 (Not Found) @ http://localhost:3001/assets/home/home.webp:0
[  399106ms] [ERROR] Failed to load resource: the server responded with a status of 404 (Not Found) @ http://localhost:3001/assets/home/home.webp:0
[  399288ms] [ERROR] Failed to load resource: the server responded with a status of 404 (Not Found) @ http://localhost:3001/assets/home/home.webp:0
[  403973ms] [ERROR] Failed to load resource: the server responded with a status of 404 (Not Found) @ http://localhost:3001/assets/home/home.webp:0
[  405032ms] [ERROR] Failed to load resource: the server responded with a status of 404 (Not Found) @ http://localhost:3001/assets/home/home.webp:0
[  408664ms] [ERROR] Failed to load resource: the server responded with a status of 404 (Not Found) @ http://localhost:3001/assets/home/home.webp:0
[  409324ms] [ERROR] Failed to load resource: the server responded with a status of 404 (Not Found) @ http://localhost:3001/assets/home/home.webp:0
[  412724ms] [ERROR] Failed to load resource: the server responded with a status of 404 (Not Found) @ http://localhost:3001/assets/home/home.webp:0
[  414039ms] [ERROR] Failed to load resource: the server responded with a status of 404 (Not Found) @ http://localhost:3001/assets/home/home.webp:0
[  418417ms] [ERROR] Failed to load resource: the server responded with a status of 404 (Not Found) @ http://localhost:3001/assets/home/home.webp:0
[  420144ms] [ERROR] Failed to load resource: the server responded with a status of 404 (Not Found) @ http://localhost:3001/assets/home/home.webp:0
[  423172ms] [ERROR] Failed to load resource: the server responded with a status of 404 (Not Found) @ http://localhost:3001/assets/home/home.webp:0
[  424320ms] [ERROR] Failed to load resource: the server responded with a status of 404 (Not Found) @ http://localhost:3001/assets/home/home.webp:0
[  427431ms] [ERROR] Failed to load resource: the server responded with a status of 404 (Not Found) @ http://localhost:3001/assets/home/home.webp:0
[  429078ms] [ERROR] Failed to load resource: the server responded with a status of 404 (Not Found) @ http://localhost:3001/assets/home/home.webp:0
[  432896ms] [ERROR] Failed to load resource: the server responded with a status of 404 (Not Found) @ http://localhost:3001/assets/home/home.webp:0
[  433316ms] [ERROR] Failed to load resource: the server responded with a status of 404 (Not Found) @ http://localhost:3001/assets/home/home.webp:0
[  437536ms] [ERROR] Failed to load resource: the server responded with a status of 404 (Not Found) @ http://localhost:3001/assets/home/home.webp:0
[  438069ms] [ERROR] Failed to load resource: the server responded with a status of 404 (Not Found) @ http://localhost:3001/assets/home/home.webp:0
[  439286ms] [ERROR] Failed to load resource: the server responded with a status of 404 (Not Found) @ http://localhost:3001/assets/home/home.webp:0
[  441853ms] [ERROR] Failed to load resource: the server responded with a status of 404 (Not Found) @ http://localhost:3001/assets/home/home.webp:0
[  442294ms] [ERROR] Failed to load resource: the server responded with a status of 404 (Not Found) @ http://localhost:3001/assets/home/home.webp:0
[  447225ms] [ERROR] Failed to load resource: the server responded with a status of 404 (Not Found) @ http://localhost:3001/assets/home/home.webp:0
[  448337ms] [ERROR] Failed to load resource: the server responded with a status of 404 (Not Found) @ http://localhost:3001/assets/home/home.webp:0
[  451915ms] [ERROR] Failed to load resource: the server responded with a status of 404 (Not Found) @ http://localhost:3001/assets/home/home.webp:0
[  453068ms] [ERROR] Failed to load resource: the server responded with a status of 404 (Not Found) @ http://localhost:3001/assets/home/home.webp:0
[  456064ms] [ERROR] Failed to load resource: the server responded with a status of 404 (Not Found) @ http://localhost:3001/assets/home/home.webp:0
[  456872ms] [ERROR] Failed to load resource: the server responded with a status of 404 (Not Found) @ http://localhost:3001/assets/home/home.webp:0
[  457318ms] [ERROR] Failed to load resource: the server responded with a status of 404 (Not Found) @ http://localhost:3001/assets/home/home.webp:0
[  462049ms] [ERROR] Failed to load resource: the server responded with a status of 404 (Not Found) @ http://localhost:3001/assets/home/home.webp:0
[  463292ms] [ERROR] Failed to load resource: the server responded with a status of 404 (Not Found) @ http://localhost:3001/assets/home/home.webp:0
[  466380ms] [ERROR] Failed to load resource: the server responded with a status of 404 (Not Found) @ http://localhost:3001/assets/home/home.webp:0
[  466822ms] [ERROR] Failed to load resource: the server responded with a status of 404 (Not Found) @ http://localhost:3001/assets/home/home.webp:0
[  468091ms] [ERROR] Failed to load resource: the server responded with a status of 404 (Not Found) @ http://localhost:3001/assets/home/home.webp:0
[  470417ms] [ERROR] Failed to load resource: the server responded with a status of 404 (Not Found) @ http://localhost:3001/assets/home/home.webp:0
[  471014ms] [ERROR] Failed to load resource: the server responded with a status of 404 (Not Found) @ http://localhost:3001/assets/home/home.webp:0
[  471848ms] [ERROR] Failed to load resource: the server responded with a status of 404 (Not Found) @ http://localhost:3001/assets/home/home.webp:0
[  472308ms] [ERROR] Failed to load resource: the server responded with a status of 404 (Not Found) @ http://localhost:3001/assets/home/home.webp:0
[  476134ms] [ERROR] Failed to load resource: the server responded with a status of 404 (Not Found) @ http://localhost:3001/assets/home/home.webp:0
[  479975ms] [ERROR] %cAstro background: linear-gradient(66.77deg, #D83333 0%, #F041FF 100%); color: white; padding-inline: 4px; border-radius: 2px; font-family: monospace; Error while running audit's match function: TypeError: Failed to fetch @ http://localhost:3001/node_modules/.vite/deps/chunk-C36SEBYI.js?v=f6f9060c:22
[  480110ms] [LOG] TOC Config: {enable: true, depth: 2, useJapaneseBadge: false} @ http://localhost:3001/:16155
[  480527ms] [LOG] Pagefind is not available in development mode. Using mock data. @ http://localhost:3001/src/components/organisms/navigation/Search.svelte:195
[  480527ms] [LOG] Pagefind status on init: false @ http://localhost:3001/src/components/organisms/navigation/Search.svelte:191
[  480597ms] [LOG] PanelHandler: 初始化完成 @ http://localhost:3001/src/scripts/handlers/panel-handler.ts:35
[  480599ms] [LOG] SwupManager: 初始化完成 @ http://localhost:3001/src/scripts/swup-manager.ts?t=1779639228130:51
