[     361ms] [LOG] TOC Config: {enable: true, depth: 2, useJapaneseBadge: false} @ http://localhost:3000/anime/:16231
[     399ms] [ERROR] Failed to load resource: the server responded with a status of 504 (Outdated Optimize Dep) @ http://localhost:3000/@id/astro/runtime/client/dev-toolbar/entrypoint.js:0
[    1162ms] [LOG] Pagefind is not available in development mode. Using mock data. @ http://localhost:3000/src/components/organisms/navigation/Search.svelte:202
[    1163ms] [LOG] Pagefind status on init: false @ http://localhost:3000/src/components/organisms/navigation/Search.svelte:198
[    1406ms] [LOG] PanelHandler: 初始化完成 @ http://localhost:3000/src/scripts/handlers/panel-handler.ts:35
[    1407ms] [LOG] SwupManager: 初始化完成 @ http://localhost:3000/src/scripts/swup-manager.ts:51
[   20497ms] [LOG] TOC Config: {enable: true, depth: 2, useJapaneseBadge: false} @ http://localhost:3000/anime/:16231
[   20522ms] [ERROR] Failed to load resource: the server responded with a status of 504 (Outdated Optimize Dep) @ http://localhost:3000/@id/astro/runtime/client/dev-toolbar/entrypoint.js:0
[   20820ms] [LOG] Pagefind is not available in development mode. Using mock data. @ http://localhost:3000/src/components/organisms/navigation/Search.svelte:202
[   20820ms] [LOG] Pagefind status on init: false @ http://localhost:3000/src/components/organisms/navigation/Search.svelte:198
[   20934ms] [LOG] PanelHandler: 初始化完成 @ http://localhost:3000/src/scripts/handlers/panel-handler.ts:35
[   20935ms] [LOG] SwupManager: 初始化完成 @ http://localhost:3000/src/scripts/swup-manager.ts:51
[  125807ms] [LOG] TOC Config: {enable: true, depth: 2, useJapaneseBadge: false} @ http://localhost:3000/anime/:16231
[  125817ms] [ERROR] Failed to load resource: the server responded with a status of 504 (Outdated Optimize Dep) @ http://localhost:3000/@id/astro/runtime/client/dev-toolbar/entrypoint.js:0
[  126555ms] [LOG] Pagefind is not available in development mode. Using mock data. @ http://localhost:3000/src/components/organisms/navigation/Search.svelte:202
[  126556ms] [LOG] Pagefind status on init: false @ http://localhost:3000/src/components/organisms/navigation/Search.svelte:198
[  126562ms] [LOG] PanelHandler: 初始化完成 @ http://localhost:3000/src/scripts/handlers/panel-handler.ts:35
[  126564ms] [LOG] SwupManager: 初始化完成 @ http://localhost:3000/src/scripts/swup-manager.ts:51
[  320966ms] [ERROR] Failed to load resource: the server responded with a status of 504 (Outdated Optimize Dep) @ http://localhost:3000/@id/astro/runtime/client/dev-toolbar/entrypoint.js:0
[  320966ms] [LOG] TOC Config: {enable: true, depth: 2, useJapaneseBadge: false} @ http://localhost:3000/anime/:16231
[  321442ms] [LOG] Pagefind is not available in development mode. Using mock data. @ http://localhost:3000/src/components/organisms/navigation/Search.svelte:202
[  321442ms] [LOG] Pagefind status on init: false @ http://localhost:3000/src/components/organisms/navigation/Search.svelte:198
[  321613ms] [LOG] PanelHandler: 初始化完成 @ http://localhost:3000/src/scripts/handlers/panel-handler.ts:35
[  321614ms] [LOG] SwupManager: 初始化完成 @ http://localhost:3000/src/scripts/swup-manager.ts:51
