[       1ms] [ERROR] Failed to load resource: the server responded with a status of 504 (Outdated Optimize Dep) @ http://localhost:3000/@id/astro/runtime/client/dev-toolbar/entrypoint.js:0
[     141ms] [LOG] TOC Config: {enable: true, depth: 2, useJapaneseBadge: false} @ http://localhost:3000/posts/encrypted-example/:16155
[     174ms] [ERROR] Failed to load resource: the server responded with a status of 504 (Outdated Optimize Dep) @ http://localhost:3000/@id/astro/runtime/client/dev-toolbar/entrypoint.js:0
[     858ms] [LOG] Pagefind is not available in development mode. Using mock data. @ http://localhost:3000/src/components/organisms/navigation/Search.svelte:195
[     858ms] [LOG] Pagefind status on init: false @ http://localhost:3000/src/components/organisms/navigation/Search.svelte:191
[     862ms] [LOG] PanelHandler: 初始化完成 @ http://localhost:3000/src/scripts/handlers/panel-handler.ts:35
[     863ms] [LOG] SwupManager: 初始化完成 @ http://localhost:3000/src/scripts/swup-manager.ts:51
[   26721ms] [LOG] TOC Config: {enable: true, depth: 2, useJapaneseBadge: false} @ http://localhost:3000/posts/encrypted-example/:16155
[   26762ms] [ERROR] Failed to load resource: the server responded with a status of 504 (Outdated Optimize Dep) @ http://localhost:3000/@id/astro/runtime/client/dev-toolbar/entrypoint.js:0
[   27003ms] [LOG] Pagefind is not available in development mode. Using mock data. @ http://localhost:3000/src/components/organisms/navigation/Search.svelte:195
[   27003ms] [LOG] Pagefind status on init: false @ http://localhost:3000/src/components/organisms/navigation/Search.svelte:191
[   27055ms] [LOG] PanelHandler: 初始化完成 @ http://localhost:3000/src/scripts/handlers/panel-handler.ts:35
[   27055ms] [LOG] SwupManager: 初始化完成 @ http://localhost:3000/src/scripts/swup-manager.ts:51
[  275301ms] [LOG] Mermaid library loaded successfully @ :686
[  608212ms] [LOG] TOC Config: {enable: true, depth: 2, useJapaneseBadge: false} @ http://localhost:3000/posts/encrypted-example/:16155
[  608383ms] [ERROR] Failed to load resource: the server responded with a status of 504 (Outdated Optimize Dep) @ http://localhost:3000/@id/astro/runtime/client/dev-toolbar/entrypoint.js:0
[  608711ms] [LOG] Mermaid library loaded successfully @ :686
[  609825ms] [LOG] Pagefind is not available in development mode. Using mock data. @ http://localhost:3000/src/components/organisms/navigation/Search.svelte:195
[  609826ms] [LOG] Pagefind status on init: false @ http://localhost:3000/src/components/organisms/navigation/Search.svelte:191
[  610121ms] [LOG] PanelHandler: 初始化完成 @ http://localhost:3000/src/scripts/handlers/panel-handler.ts:35
[  610123ms] [LOG] SwupManager: 初始化完成 @ http://localhost:3000/src/scripts/swup-manager.ts?t=1779692522736:51
