[     162ms] [LOG] TOC Config: {enable: true, depth: 2, useJapaneseBadge: false} @ http://localhost:3001/:16155
[     411ms] [LOG] Pagefind is not available in development mode. Using mock data. @ http://localhost:3001/src/components/organisms/navigation/Search.svelte:195
[     412ms] [LOG] Pagefind status on init: false @ http://localhost:3001/src/components/organisms/navigation/Search.svelte:191
[     475ms] [LOG] PanelHandler: 初始化完成 @ http://localhost:3001/src/scripts/handlers/panel-handler.ts:35
[     475ms] [LOG] SwupManager: 初始化完成 @ http://localhost:3001/src/scripts/swup-manager.ts?t=1779639228130:51
[  407036ms] [ERROR] %cAstro background: linear-gradient(66.77deg, #D83333 0%, #F041FF 100%); color: white; padding-inline: 4px; border-radius: 2px; font-family: monospace; Error while running audit's match function: TypeError: Failed to fetch @ http://localhost:3001/node_modules/.vite/deps/chunk-C36SEBYI.js?v=f6f9060c:22
[  407038ms] [ERROR] %cAstro background: linear-gradient(66.77deg, #D83333 0%, #F041FF 100%); color: white; padding-inline: 4px; border-radius: 2px; font-family: monospace; Error while running audit's match function: TypeError: Failed to fetch @ http://localhost:3001/node_modules/.vite/deps/chunk-C36SEBYI.js?v=f6f9060c:22
[  407151ms] [LOG] TOC Config: {enable: true, depth: 2, useJapaneseBadge: false} @ http://localhost:3001/:16155
[  407593ms] ReferenceError: process is not defined
    at http://localhost:3001/src/config/siteConfig.ts?t=1779639651010:3:18
[  407596ms] ReferenceError: process is not defined
    at http://localhost:3001/src/config/siteConfig.ts?t=1779639651010:3:18
[  408619ms] [ERROR] [astro-island] Error hydrating /src/components/control/ThemeSwitch.svelte ReferenceError: process is not defined
    at http://localhost:3001/src/config/siteConfig.ts?t=1779639651010:3:18 @ http://localhost:3001/:16982
[  408620ms] [ERROR] [astro-island] Error hydrating /src/components/control/LayoutSwitch.svelte ReferenceError: process is not defined
    at http://localhost:3001/src/config/siteConfig.ts?t=1779639651010:3:18 @ http://localhost:3001/:16982
[  408620ms] [ERROR] [astro-island] Error hydrating /src/components/features/settings/WallpaperSwitch.svelte ReferenceError: process is not defined
    at http://localhost:3001/src/config/siteConfig.ts?t=1779639651010:3:18 @ http://localhost:3001/:16982
[  408620ms] [ERROR] [astro-island] Error hydrating /src/components/features/settings/DisplaySettings.svelte ReferenceError: process is not defined
    at http://localhost:3001/src/config/siteConfig.ts?t=1779639651010:3:18 @ http://localhost:3001/:16982
[  408622ms] [ERROR] [astro-island] Error hydrating /src/components/features/toc/MobileTOC.svelte ReferenceError: process is not defined
    at http://localhost:3001/src/config/siteConfig.ts?t=1779639651010:3:18 @ http://localhost:3001/:16982
[  408623ms] [ERROR] [astro-island] Error hydrating /src/components/organisms/navigation/Search.svelte ReferenceError: process is not defined
    at http://localhost:3001/src/config/siteConfig.ts?t=1779639651010:3:18 @ http://localhost:3001/:16982
[  409237ms] [ERROR] [astro-island] Error hydrating /src/components/features/pio/Pio.svelte ReferenceError: process is not defined
    at http://localhost:3001/src/config/siteConfig.ts?t=1779639651010:3:18 @ http://localhost:3001/:16982
[  425327ms] [ERROR] [astro-island] Error hydrating /src/components/widgets/music-player/MusicPlayer.svelte ReferenceError: process is not defined
    at http://localhost:3001/src/config/siteConfig.ts?t=1779639651010:3:18 @ http://localhost:3001/:16982
[  524436ms] [ERROR] %cAstro background: linear-gradient(66.77deg, #D83333 0%, #F041FF 100%); color: white; padding-inline: 4px; border-radius: 2px; font-family: monospace; Error while running audit's match function: TypeError: Failed to fetch @ http://localhost:3001/node_modules/.vite/deps/chunk-C36SEBYI.js?v=f6f9060c:22
[  524511ms] [LOG] TOC Config: {enable: true, depth: 2, useJapaneseBadge: false} @ http://localhost:3001/:16155
[  524794ms] ReferenceError: process is not defined
    at http://localhost:3001/src/config/siteConfig.ts?t=1779639651010:3:18
[  524798ms] ReferenceError: process is not defined
    at http://localhost:3001/src/config/siteConfig.ts?t=1779639651010:3:18
[  525814ms] [ERROR] [astro-island] Error hydrating /src/components/control/LayoutSwitch.svelte ReferenceError: process is not defined
    at http://localhost:3001/src/config/siteConfig.ts?t=1779639651010:3:18 @ http://localhost:3001/:16982
[  525814ms] [ERROR] [astro-island] Error hydrating /src/components/control/ThemeSwitch.svelte ReferenceError: process is not defined
    at http://localhost:3001/src/config/siteConfig.ts?t=1779639651010:3:18 @ http://localhost:3001/:16982
[  525815ms] [ERROR] [astro-island] Error hydrating /src/components/features/pio/Pio.svelte ReferenceError: process is not defined
    at http://localhost:3001/src/config/siteConfig.ts?t=1779639651010:3:18 @ http://localhost:3001/:16982
[  525815ms] [ERROR] [astro-island] Error hydrating /src/components/features/toc/MobileTOC.svelte ReferenceError: process is not defined
    at http://localhost:3001/src/config/siteConfig.ts?t=1779639651010:3:18 @ http://localhost:3001/:16982
[  525816ms] [ERROR] [astro-island] Error hydrating /src/components/features/settings/DisplaySettings.svelte ReferenceError: process is not defined
    at http://localhost:3001/src/config/siteConfig.ts?t=1779639651010:3:18 @ http://localhost:3001/:16982
[  525816ms] [ERROR] [astro-island] Error hydrating /src/components/organisms/navigation/Search.svelte ReferenceError: process is not defined
    at http://localhost:3001/src/config/siteConfig.ts?t=1779639651010:3:18 @ http://localhost:3001/:16982
[  525816ms] [ERROR] [astro-island] Error hydrating /src/components/features/settings/WallpaperSwitch.svelte ReferenceError: process is not defined
    at http://localhost:3001/src/config/siteConfig.ts?t=1779639651010:3:18 @ http://localhost:3001/:16982
[  527832ms] [ERROR] [astro-island] Error hydrating /src/components/widgets/music-player/MusicPlayer.svelte ReferenceError: process is not defined
    at http://localhost:3001/src/config/siteConfig.ts?t=1779639651010:3:18 @ http://localhost:3001/:16982
[ 1345448ms] [LOG] [vite] server connection lost. Polling for restart... @ http://localhost:3001/@vite/client:1598
[ 1345709ms] [LOG] TOC Config: {enable: true, depth: 2, useJapaneseBadge: false} @ http://localhost:3001/:16155
[ 1346031ms] ReferenceError: process is not defined
    at http://localhost:3001/src/config/siteConfig.ts?t=1779639651010:3:18
[ 1346035ms] ReferenceError: process is not defined
    at http://localhost:3001/src/config/siteConfig.ts?t=1779639651010:3:18
[ 1347042ms] [ERROR] [astro-island] Error hydrating /src/components/features/settings/DisplaySettings.svelte ReferenceError: process is not defined
    at http://localhost:3001/src/config/siteConfig.ts?t=1779639651010:3:18 @ http://localhost:3001/:16982
[ 1347042ms] [ERROR] [astro-island] Error hydrating /src/components/control/ThemeSwitch.svelte ReferenceError: process is not defined
    at http://localhost:3001/src/config/siteConfig.ts?t=1779639651010:3:18 @ http://localhost:3001/:16982
[ 1347043ms] [ERROR] [astro-island] Error hydrating /src/components/features/settings/WallpaperSwitch.svelte ReferenceError: process is not defined
    at http://localhost:3001/src/config/siteConfig.ts?t=1779639651010:3:18 @ http://localhost:3001/:16982
[ 1347044ms] [ERROR] [astro-island] Error hydrating /src/components/features/toc/MobileTOC.svelte ReferenceError: process is not defined
    at http://localhost:3001/src/config/siteConfig.ts?t=1779639651010:3:18 @ http://localhost:3001/:16982
[ 1347046ms] [ERROR] [astro-island] Error hydrating /src/components/organisms/navigation/Search.svelte ReferenceError: process is not defined
    at http://localhost:3001/src/config/siteConfig.ts?t=1779639651010:3:18 @ http://localhost:3001/:16982
[ 1347049ms] [ERROR] [astro-island] Error hydrating /src/components/control/LayoutSwitch.svelte ReferenceError: process is not defined
    at http://localhost:3001/src/config/siteConfig.ts?t=1779639651010:3:18 @ http://localhost:3001/:16982
[ 1347050ms] [ERROR] [astro-island] Error hydrating /src/components/features/pio/Pio.svelte ReferenceError: process is not defined
    at http://localhost:3001/src/config/siteConfig.ts?t=1779639651010:3:18 @ http://localhost:3001/:16982
[ 1349060ms] [ERROR] [astro-island] Error hydrating /src/components/widgets/music-player/MusicPlayer.svelte ReferenceError: process is not defined
    at http://localhost:3001/src/config/siteConfig.ts?t=1779639651010:3:18 @ http://localhost:3001/:16982
[ 1359705ms] [LOG] [vite] server connection lost. Polling for restart... @ http://localhost:3001/@vite/client:1598
[ 1360740ms] [LOG] TOC Config: {enable: true, depth: 2, useJapaneseBadge: false} @ http://localhost:3001/:16155
[ 1361343ms] ReferenceError: process is not defined
    at http://localhost:3001/src/config/siteConfig.ts?t=1779639651010:3:18
[ 1361345ms] ReferenceError: process is not defined
    at http://localhost:3001/src/config/siteConfig.ts?t=1779639651010:3:18
[ 1362358ms] [ERROR] [astro-island] Error hydrating /src/components/features/settings/DisplaySettings.svelte ReferenceError: process is not defined
    at http://localhost:3001/src/config/siteConfig.ts?t=1779639651010:3:18 @ http://localhost:3001/:16982
[ 1362359ms] [ERROR] [astro-island] Error hydrating /src/components/control/LayoutSwitch.svelte ReferenceError: process is not defined
    at http://localhost:3001/src/config/siteConfig.ts?t=1779639651010:3:18 @ http://localhost:3001/:16982
[ 1362360ms] [ERROR] [astro-island] Error hydrating /src/components/control/ThemeSwitch.svelte ReferenceError: process is not defined
    at http://localhost:3001/src/config/siteConfig.ts?t=1779639651010:3:18 @ http://localhost:3001/:16982
[ 1362360ms] [ERROR] [astro-island] Error hydrating /src/components/features/settings/WallpaperSwitch.svelte ReferenceError: process is not defined
    at http://localhost:3001/src/config/siteConfig.ts?t=1779639651010:3:18 @ http://localhost:3001/:16982
[ 1362360ms] [ERROR] [astro-island] Error hydrating /src/components/organisms/navigation/Search.svelte ReferenceError: process is not defined
    at http://localhost:3001/src/config/siteConfig.ts?t=1779639651010:3:18 @ http://localhost:3001/:16982
[ 1362361ms] [ERROR] [astro-island] Error hydrating /src/components/features/toc/MobileTOC.svelte ReferenceError: process is not defined
    at http://localhost:3001/src/config/siteConfig.ts?t=1779639651010:3:18 @ http://localhost:3001/:16982
[ 1362566ms] [ERROR] [astro-island] Error hydrating /src/components/features/pio/Pio.svelte ReferenceError: process is not defined
    at http://localhost:3001/src/config/siteConfig.ts?t=1779639651010:3:18 @ http://localhost:3001/:16982
[ 1363591ms] [ERROR] [astro-island] Error hydrating /src/components/widgets/music-player/MusicPlayer.svelte ReferenceError: process is not defined
    at http://localhost:3001/src/config/siteConfig.ts?t=1779639651010:3:18 @ http://localhost:3001/:16982
